Archive member included to satisfy reference by file (symbol)

c:/program files (x86)/gnu tools arm embedded/5.4 2016q2/bin/../lib/gcc/arm-none-eabi/5.4.1/armv6-m\libgcc.a(_udivsi3.o)
                              ..\obj\stm32l0xx_hal_i2s.o (__aeabi_uidiv)
c:/program files (x86)/gnu tools arm embedded/5.4 2016q2/bin/../lib/gcc/arm-none-eabi/5.4.1/armv6-m\libgcc.a(_divsi3.o)
                              ..\obj\input.o (__aeabi_idiv)
c:/program files (x86)/gnu tools arm embedded/5.4 2016q2/bin/../lib/gcc/arm-none-eabi/5.4.1/armv6-m\libgcc.a(_dvmd_tls.o)
                              c:/program files (x86)/gnu tools arm embedded/5.4 2016q2/bin/../lib/gcc/arm-none-eabi/5.4.1/armv6-m\libgcc.a(_udivsi3.o) (__aeabi_idiv0)
c:/program files (x86)/gnu tools arm embedded/5.4 2016q2/bin/../lib/gcc/arm-none-eabi/5.4.1/armv6-m\libgcc.a(_arm_cmpdf2.o)
                              ..\obj\guard_func.o (__aeabi_dcmplt)
c:/program files (x86)/gnu tools arm embedded/5.4 2016q2/bin/../lib/gcc/arm-none-eabi/5.4.1/armv6-m\libgcc.a(_fixunsdfsi.o)
                              ..\obj\guard_func.o (__aeabi_d2uiz)
c:/program files (x86)/gnu tools arm embedded/5.4 2016q2/bin/../lib/gcc/arm-none-eabi/5.4.1/armv6-m\libgcc.a(adddf3.o)
                              ..\obj\guard_func.o (__aeabi_dadd)
c:/program files (x86)/gnu tools arm embedded/5.4 2016q2/bin/../lib/gcc/arm-none-eabi/5.4.1/armv6-m\libgcc.a(divdf3.o)
                              ..\obj\guard_func.o (__aeabi_ddiv)
c:/program files (x86)/gnu tools arm embedded/5.4 2016q2/bin/../lib/gcc/arm-none-eabi/5.4.1/armv6-m\libgcc.a(eqdf2.o)
                              c:/program files (x86)/gnu tools arm embedded/5.4 2016q2/bin/../lib/gcc/arm-none-eabi/5.4.1/armv6-m\libgcc.a(_arm_cmpdf2.o) (__eqdf2)
c:/program files (x86)/gnu tools arm embedded/5.4 2016q2/bin/../lib/gcc/arm-none-eabi/5.4.1/armv6-m\libgcc.a(gedf2.o)
                              c:/program files (x86)/gnu tools arm embedded/5.4 2016q2/bin/../lib/gcc/arm-none-eabi/5.4.1/armv6-m\libgcc.a(_arm_cmpdf2.o) (__gedf2)
c:/program files (x86)/gnu tools arm embedded/5.4 2016q2/bin/../lib/gcc/arm-none-eabi/5.4.1/armv6-m\libgcc.a(ledf2.o)
                              c:/program files (x86)/gnu tools arm embedded/5.4 2016q2/bin/../lib/gcc/arm-none-eabi/5.4.1/armv6-m\libgcc.a(_arm_cmpdf2.o) (__ledf2)
c:/program files (x86)/gnu tools arm embedded/5.4 2016q2/bin/../lib/gcc/arm-none-eabi/5.4.1/armv6-m\libgcc.a(muldf3.o)
                              ..\obj\guard_func.o (__aeabi_dmul)
c:/program files (x86)/gnu tools arm embedded/5.4 2016q2/bin/../lib/gcc/arm-none-eabi/5.4.1/armv6-m\libgcc.a(subdf3.o)
                              c:/program files (x86)/gnu tools arm embedded/5.4 2016q2/bin/../lib/gcc/arm-none-eabi/5.4.1/armv6-m\libgcc.a(_fixunsdfsi.o) (__aeabi_dsub)
c:/program files (x86)/gnu tools arm embedded/5.4 2016q2/bin/../lib/gcc/arm-none-eabi/5.4.1/armv6-m\libgcc.a(fixdfsi.o)
                              c:/program files (x86)/gnu tools arm embedded/5.4 2016q2/bin/../lib/gcc/arm-none-eabi/5.4.1/armv6-m\libgcc.a(_fixunsdfsi.o) (__aeabi_d2iz)
c:/program files (x86)/gnu tools arm embedded/5.4 2016q2/bin/../lib/gcc/arm-none-eabi/5.4.1/armv6-m\libgcc.a(floatsidf.o)
                              ..\obj\guard_func.o (__aeabi_i2d)
c:/program files (x86)/gnu tools arm embedded/5.4 2016q2/bin/../lib/gcc/arm-none-eabi/5.4.1/armv6-m\libgcc.a(floatunsidf.o)
                              ..\obj\guard_func.o (__aeabi_ui2d)
c:/program files (x86)/gnu tools arm embedded/5.4 2016q2/bin/../lib/gcc/arm-none-eabi/5.4.1/armv6-m\libgcc.a(_clzsi2.o)
                              c:/program files (x86)/gnu tools arm embedded/5.4 2016q2/bin/../lib/gcc/arm-none-eabi/5.4.1/armv6-m\libgcc.a(adddf3.o) (__clzsi2)
c:/program files (x86)/gnu tools arm embedded/5.4 2016q2/bin/../lib/gcc/arm-none-eabi/5.4.1/../../../../arm-none-eabi/lib/armv6-m\libg.a(lib_a-exit.o)
                              c:/program files (x86)/gnu tools arm embedded/5.4 2016q2/bin/../lib/gcc/arm-none-eabi/5.4.1/../../../../arm-none-eabi/lib/armv6-m/crt0.o (exit)
c:/program files (x86)/gnu tools arm embedded/5.4 2016q2/bin/../lib/gcc/arm-none-eabi/5.4.1/../../../../arm-none-eabi/lib/armv6-m\libg.a(lib_a-impure.o)
                              c:/program files (x86)/gnu tools arm embedded/5.4 2016q2/bin/../lib/gcc/arm-none-eabi/5.4.1/../../../../arm-none-eabi/lib/armv6-m\libg.a(lib_a-exit.o) (_global_impure_ptr)
c:/program files (x86)/gnu tools arm embedded/5.4 2016q2/bin/../lib/gcc/arm-none-eabi/5.4.1/../../../../arm-none-eabi/lib/armv6-m\libg.a(lib_a-init.o)
                              c:/program files (x86)/gnu tools arm embedded/5.4 2016q2/bin/../lib/gcc/arm-none-eabi/5.4.1/../../../../arm-none-eabi/lib/armv6-m/crt0.o (__libc_init_array)
c:/program files (x86)/gnu tools arm embedded/5.4 2016q2/bin/../lib/gcc/arm-none-eabi/5.4.1/../../../../arm-none-eabi/lib/armv6-m\libg.a(lib_a-memset.o)
[...]
Memory Configuration

Name             Origin             Length             Attributes
rom              0x08000000         0x00010000         xr
ram              0x20000000         0x00002000         xrw
*default*        0x00000000         0xffffffff

Linker script and memory map

LOAD c:/program files (x86)/gnu tools arm embedded/5.4 2016q2/bin/../lib/gcc/arm-none-eabi/5.4.1/armv6-m/crti.o
LOAD c:/program files (x86)/gnu tools arm embedded/5.4 2016q2/bin/../lib/gcc/arm-none-eabi/5.4.1/armv6-m/crtbegin.o
LOAD c:/program files (x86)/gnu tools arm embedded/5.4 2016q2/bin/../lib/gcc/arm-none-eabi/5.4.1/../../../../arm-none-eabi/lib/armv6-m/crt0.o
                0x20002000                _eram = 0x20002000

.text           0x08000000     0xe824
 *(.isr_vector)
 .isr_vector    0x08000000       0xc0 ..\obj\startup_stm32l051xx.o
                0x08000000                g_pfnVectors
 *(.text*)
 .text          0x080000c0       0x60 c:/program files (x86)/gnu tools arm embedded/5.4 2016q2/bin/../lib/gcc/arm-none-eabi/5.4.1/armv6-m/crtbegin.o
 .text          0x08000120      0xde4 ..\obj\guard_func.o
                0x08000120                check_time_to_reset
                0x08000150                check_time_to_report
                0x0800017c                check_send_report
                0x080001a8                set_time_to_reset
                0x08000208                setting_time_to_report
                0x08000288                read_device_settings
                0x080003cc                set_device_setting
                0x080005d0                check_device_setting
                0x080005f4                guard_on
                0x08000628                guard_on_TM
                0x08000680                guard_off
                0x080006c8                get_guard_st
                0x080006dc                get_alarm_st
                0x080006f0                changed_guard_sms
                0x0800074c                alarm_on
                0x080007cc                alarm_off
                0x080007f8                out_on_mode
                0x08000820                out_off_mode
                0x08000848                check_battery
                0x08000b08                setting_powered
                0x08000c00                get_powered
                0x08000c14                TM_check_time
                0x08000c38                check_TM
                0x08000cc4                read_settings
                0x08000cf0                check_lamp_blink_time
                0x08000d44                check_time_to_guard_on
                0x08000d70                clear_last_control_guard
                0x08000da0                check_guard_change
                0x08000df0                set_new_guard_st
                0x08000e10                checkValidCode
 .text          0x08000f04      0x3e4 ..\obj\modem_sms_func.o
                0x08000f04                incoming_sms
                0x08000f60                send_sms_message_for_all
                0x08000fec                modem_send_sms_message
                0x0800119c                sms_ucs_to_eng
                0x080011f8                get_next_command_from_sms
 .text          0x080012e8      0xb40 ..\obj\1-Wire.o
                0x080012e8                one_wire_level
                0x08001304                one_wire_write_bit
                0x0800137c                one_wire_write_byte
                0x080013cc                one_wire_read_bit
                0x08001434                one_wire_read_byte
                0x0800148c                onewire_skip_rom
                0x080014ac                one_wire_read_rom
                0x08001500                one_wire_send_presence
                0x08001564                one_wire_low
                0x08001578                one_wire_high
                0x0800158c                one_wire_enum_init
                0x080015cc                one_wire_enum_next
                0x0800174c                one_wire_check_crc
                0x080017b0                one_wire_crc_update
                0x0800182c                one_wire_skip
                0x0800184c                one_wire_start_conversion_temp
                0x0800186c                one_wire_read_temp_to_address
                0x080019ec                one_wire_read_temp
                0x08001bb4                one_wire_check_keys
                0x08001ce0                one_wire_add_device
 .text          0x08001e28      0x564 ..\obj\stm32l0xx_hal_gpio.o
                0x08001e28                HAL_GPIO_Init
                0x08002114                HAL_GPIO_DeInit
                0x08002250                HAL_GPIO_ReadPin
                0x0800228c                HAL_GPIO_WritePin
                0x080022c8                HAL_GPIO_TogglePin
                0x080022ec                HAL_GPIO_LockPin
                0x08002340                HAL_GPIO_EXTI_IRQHandler
                0x08002378                HAL_GPIO_EXTI_Callback
 .text          0x0800238c       0x24 ..\obj\main_guard.o
                0x0800238c                main_guard
 .text          0x080023b0     0x11bc ..\obj\modem.o
                0x080023b0                read_numbers
                0x08002578                modem_time
                0x0800259c                modem_online
                0x080025f0                modem_check_state
                0x08002688                MODEM_ON
                0x08002724                MODEM_OFF
                0x080027c8                modem_check_online
                0x080027e8                modem_check_quality
                0x08002808                get_next_gsm_message
                0x08002934                check_gsm_message
                0x08002950                get_gsm_signal_quality
                0x08002964                parse_gsm_message
                0x08002c64                modem_free
                0x08002c80                clear_gsm_message
                0x08002cc4                send_command_to_GSM
                0x08002d48                modem_setup
                0x08002e34                clear_output_sms_message
                0x08002e64                send_int_as_hex_to_GSM
                0x08002f04                int_to_hex
                0x08002f14                ucs_to_eng
                0x08003044                usd_ucs_to_eng
                0x08003070                send_text_as_ucs
                0x08003178                hexchar_to_dec
                0x080031a4                convert_number_to_upd
                0x08003204                convert_number_to_eng
                0x08003264                check_number
                0x08003304                modem_save_number
                0x08003450                parse_int_in_message
 .text          0x0800356c      0x9e4 ..\obj\input.o
                0x0800356c                read_inputs_settings
                0x080036e8                set_input_settings
                0x08003950                set_input_text
                0x08003a80                check_input
                0x08003b9c                check_inputs
                0x08003d8c                check_time_to_alarm
                0x08003e40                clear_alarm_input
                0x08003e90                get_alarm_input
                0x08003ea4                add_input_text
                0x08003f1c                check_input_setting
 .text          0x08003f50      0x2c4 ..\obj\my_string.o
                0x08003f50                find_str
                0x08003ff0                str_length
                0x0800401c                str_add_str
                0x08004098                str_add_num
                0x08004184                get_size_number
 .text          0x08004214       0x88 ..\obj\ADC_func.o
                0x08004214                ADC_init
                0x08004264                ADC_read
 .text          0x0800429c      0x658 ..\obj\UART.o
                0x080042c8                UART1_init
                0x08004338                UART2_init
                0x080043a8                UART3_init
                0x08004414                send_string_to_GSM
                0x0800444c                send_char_to_GSM
                0x08004478                send_char_to_UART2
                0x080044a4                send_string_to_UART2
                0x080044dc                send_char_to_UART3
                0x08004508                send_string_to_UART3
                0x08004540                USART1_IRQHandler
                0x08004560                USART2_IRQHandler
                0x08004580                USART3_IRQHandler
                0x0800459c                USART_get_message
                0x080045dc                USART2_get_message
                0x0800461c                send_int_to_GSM
                0x0800473c                send_num_to_UART3
                0x0800477c                send_int_to_UART3
                0x080047a8                UART2_get_next_data
                0x08004880                UART2_clear_buffer
                0x0800489c                UART2_check_buffer
                0x080048c0                UART2_clear_message
 .text          0x080048f4      0x490 ..\obj\stm32l0xx_hal.o
                0x080048f4                HAL_Init
                0x08004928                HAL_DeInit
                0x0800498c                HAL_InitTick
                0x080049c4                HAL_IncTick
                0x080049dc                HAL_GetTick
                0x080049f0                HAL_Delay
                0x08004a20                HAL_SuspendTick
                0x08004a3c                HAL_ResumeTick
                0x08004a58                HAL_GetHalVersion
                0x08004a68                HAL_GetREVID
                0x08004a7c                HAL_GetDEVID
                0x08004a94                HAL_EnableDBGSleepMode
                0x08004ab0                HAL_DisableDBGSleepMode
                0x08004acc                HAL_EnableDBGStopMode
                0x08004ae8                HAL_DisableDBGStopMode
                0x08004b04                HAL_EnableDBGStandbyMode
                0x08004b20                HAL_DisableDBGStandbyMode
                0x08004b3c                HAL_DBG_LowPowerConfig
                0x08004b7c                HAL_GetBootMode
                0x08004b94                HAL_I2CFastModePlusConfig
                0x08004bd4                HAL_VREFINT_Cmd
                0x08004c10                HAL_VREFINT_OutputSelect
                0x08004c3c                HAL_ADC_EnableBuffer_Cmd
                0x08004c7c                HAL_ADC_EnableBufferSensor_Cmd
                0x08004cc0                HAL_COMP_EnableBuffer_Cmd
                0x08004d04                HAL_RC48_EnableBuffer_Cmd
                0x08004d48                HAL_Lock_Cmd
 .text          0x08004d84      0x1e4 ..\obj\EEPROMfunc.o
                0x08004d84                EEPROMInit
                0x08004da8                EEPROMEnable
                0x08004dd0                EEPROMDisable
                0x08004dec                EEPROMWrite
                0x08004e80                EEPROMRead
                0x08004ee8                EEPROMRead_id
                0x08004f08                ERASE_EEPROM
 .text          0x08004f68      0x2ac ..\obj\main.o
                0x08004f84                FULL_RESET
                0x08004fa0                FULL_ERASE_DEVICE
                0x08004fc0                EXTI0_IRQHandler
                0x08004fcc                EXTI9_5_IRQHandler
                0x08004fd8                EXTI15_10_IRQHandler
                0x08004fe4                main
                0x080050f8                add_device_check
                0x080051d0                add_device_mode
 .text          0x08005214      0x924 ..\obj\sms_command.o
                0x08005214                parse_incoming_sms
                0x080058f4                sms_command_nn
                0x080059b0                sms_command_r
 .text          0x08005b38      0x404 ..\obj\output.o
                0x08005b38                check_time_output_on
                0x08005bbc                sms_control_output
                0x08005c1c                read_output_settings
                0x08005c74                set_output_settings
                0x08005d38                output_on
                0x08005d7c                output_off
                0x08005dc0                output_on_mode
                0x08005e10                output_off_mode
                0x08005e60                output_on_hand
                0x08005e9c                output_off_hand
                0x08005ed8                control_out_by_id_and_mode
 .text          0x08005f3c      0x1b4 ..\obj\system_stm32l0xx.o
                0x08005f3c                SystemInit
                0x08005fb8                SystemCoreClockUpdate
 .text          0x080060f0       0x34 ..\obj\clock.o
                0x080060f0                set_core_clock
 .text.Reset_Handler
                0x08006124       0x50 ..\obj\startup_stm32l051xx.o
                0x08006124                Reset_Handler
 .text.Default_Handler
                0x08006174        0x2 ..\obj\startup_stm32l051xx.o
                0x08006174                DebugMon_Handler
                0x08006174                HardFault_Handler
                0x08006174                ADC1_COMP_IRQHandler
                0x08006174                TIM6_IRQHandler
                0x08006174                SysTick_Handler
                0x08006174                PVD_IRQHandler
                0x08006174                PendSV_Handler
                0x08006174                NMI_Handler
                0x08006174                I2C1_IRQHandler
                0x08006174                SPI1_IRQHandler
                0x08006174                EXTI2_3_IRQHandler
                0x08006174                I2C2_IRQHandler
                0x08006174                RTC_IRQHandler
                0x08006174                DMA1_Channel4_5_6_7_IRQHandler
                0x08006174                EXTI4_15_IRQHandler
                0x08006174                RCC_IRQHandler
                0x08006174                DMA1_Channel1_IRQHandler
                0x08006174                Default_Handler
                0x08006174                TIM22_IRQHandler
                0x08006174                EXTI0_1_IRQHandler
                0x08006174                SPI2_IRQHandler
                0x08006174                SVC_Handler
                0x08006174                WWDG_IRQHandler
                0x08006174                LPUART1_IRQHandler
                0x08006174                TIM2_IRQHandler
                0x08006174                DMA1_Channel2_3_IRQHandler
                0x08006174                FLASH_IRQHandler
                0x08006174                LPTIM1_IRQHandler
 *fill*         0x08006176        0x2 
 .text          0x08006178      0xe10 ..\obj\stm32l0xx_hal_dma.o
                0x08006178                HAL_DMA_Init
                0x0800633c                HAL_DMA_DeInit
                0x0800664c                HAL_DMA_Start
                0x080066b0                HAL_DMA_Start_IT
                0x08006744                HAL_DMA_Abort
                0x080067c4                HAL_DMA_PollForTransfer
                0x08006b40                HAL_DMA_IRQHandler
                0x08006f14                HAL_DMA_GetState
                0x08006f2c                HAL_DMA_GetError
 .text          0x08006f88      0x440 ..\obj\GPIO_func.o
                0x08006fb4                init_one_wire_output
                0x08006ff8                init_one_wire_input
                0x08007030                GPIO_init
                0x080073ac                GPIO_interrupt_init
 .text          0x080073c8      0x264 ..\obj\TM_KEY.o
                0x080073c8                get_tm_key_number
                0x080073dc                read_TM_KEY_settings
                0x080074cc                add_TM_key
                0x08007584                find_key
 .text          0x0800762c      0x38c ..\obj\stm32l0xx_hal_uart_ex.o
                0x0800762c                HAL_RS485Ex_Init
                0x08007700                HAL_UARTEx_WakeupCallback
                0x08007710                HAL_UARTEx_EnableStopMode
                0x08007760                HAL_UARTEx_EnableClockStopMode
                0x080077b4                HAL_UARTEx_DisableStopMode
                0x08007804                HAL_UARTEx_DisableClockStopMode
                0x08007858                HAL_UARTEx_StopModeWakeUpSourceConfig
                0x08007910                HAL_MultiProcessorEx_AddressLength_Set
 .text          0x080079b8      0xddc ..\obj\stm32l0xx_hal_rcc.o
                0x080079b8                HAL_RCC_DeInit
                0x08007a00                HAL_RCC_OscConfig
                0x0800801c                HAL_RCC_ClockConfig
                0x08008364                HAL_RCC_MCOConfig
                0x080083f0                HAL_RCC_EnableCSS
                0x0800840c                HAL_RCC_GetSysClockFreq
                0x0800850c                HAL_RCC_GetHCLKFreq
                0x08008544                HAL_RCC_GetPCLK1Freq
                0x08008574                HAL_RCC_GetPCLK2Freq
                0x080085a4                HAL_RCC_GetOscConfig
                0x080086fc                HAL_RCC_GetClockConfig
                0x08008760                HAL_RCC_NMI_IRQHandler
                0x08008788                HAL_RCC_CCSCallback
 .text          0x08008794     0x1a6c ..\obj\stm32l0xx_hal_uart.o
                0x08008794                HAL_UART_Init
                0x08008830                HAL_HalfDuplex_Init
                0x080088d4                HAL_LIN_Init
                0x080089a4                HAL_MultiProcessor_Init
                0x08008a88                HAL_UART_DeInit
                0x08008af4                HAL_UART_MspInit
                0x08008b04                HAL_UART_MspDeInit
                0x08008b14                HAL_UART_Transmit
                0x08008c54                HAL_UART_Receive
                0x08008e18                HAL_UART_Transmit_IT
                0x08008ef0                HAL_UART_Receive_IT
                0x08009040                HAL_UART_Transmit_DMA
                0x08009138                HAL_UART_Receive_DMA
                0x08009224                HAL_UART_DMAPause
                0x080092bc                HAL_UART_DMAResume
                0x08009364                HAL_UART_DMAStop
                0x080093c4                HAL_UART_IRQHandler
                0x08009564                HAL_UART_TxCpltCallback
                0x08009574                HAL_UART_TxHalfCpltCallback
                0x08009584                HAL_UART_RxCpltCallback
                0x08009594                HAL_UART_RxHalfCpltCallback
                0x080095a4                HAL_UART_ErrorCallback
                0x080095b4                HAL_MultiProcessor_EnableMuteMode
                0x08009608                HAL_MultiProcessor_DisableMuteMode
                0x0800965c                HAL_MultiProcessor_EnterMuteMode
                0x0800967c                HAL_HalfDuplex_EnableTransmitter
                0x080096dc                HAL_HalfDuplex_EnableReceiver
                0x0800973c                HAL_LIN_SendBreak
                0x0800978c                HAL_UART_GetState
                0x080097a4                HAL_UART_GetError
                0x08009b5c                UART_SetConfig
                0x08009ef8                UART_CheckIdleState
                0x08009f70                UART_AdvFeatureConfig
                0x0800a0c8                UART_WaitOnFlagUntilTimeout
 .text          0x0800a200       0x30 ..\obj\stm32l0xx_hal_msp_template.o
                0x0800a200                HAL_MspInit
                0x0800a20c                HAL_MspDeInit
                0x0800a218                HAL_PPP_MspInit
                0x0800a224                HAL_PPP_MspDeInit
 .text          0x0800a230      0x3e8 ..\obj\led.o
                0x0800a230                read_led_settings
                0x0800a288                set_led_settings
                0x0800a330                led_on
                0x0800a368                led_off
                0x0800a3a0                led_on_mode
                0x0800a3ec                led_off_mode
                0x0800a438                led_blink
                0x0800a4bc                led_blink_stop
                0x0800a520                check_led_blink
 .text          0x0800a618      0xa78 ..\obj\DS18x20.o
                0x0800a618                read_ds18x20_settings
                0x0800a73c                set_ds18x20_settings
                0x0800a934                check_ds18x20_setting
                0x0800a970                time_check_temp
                0x0800a994                add_DS18x20
                0x0800aa4c                find_ds18x20
                0x0800aaf0                get_all_temp
                0x0800ab4c                get_DS18x20_count
                0x0800ab60                get_flag_conv
                0x0800ab74                get_last_temp_DS18x20_by_number
                0x0800ab9c                check_temperature
 .text          0x0800b090      0x38c ..\obj\stm32l0xx_hal_cortex.o
                0x0800b2d0                HAL_NVIC_SetPriority
                0x0800b2fc                HAL_NVIC_EnableIRQ
                0x0800b31c                HAL_NVIC_DisableIRQ
                0x0800b33c                HAL_NVIC_SystemReset
                0x0800b34c                HAL_SYSTICK_Config
                0x0800b368                HAL_NVIC_SetPendingIRQ
                0x0800b388                HAL_NVIC_GetPendingIRQ
                0x0800b3ac                HAL_NVIC_ClearPendingIRQ
                0x0800b3cc                HAL_SYSTICK_CLKSourceConfig
                0x0800b400                HAL_SYSTICK_IRQHandler
                0x0800b410                HAL_SYSTICK_Callback
 .text          0x0800b41c      0x384 ..\obj\modem_call_func.o
                0x0800b41c                modem_call
                0x0800b4c4                alarm_call
                0x0800b5c8                incoming_call
                0x0800b6f0                modem_no_carrier
 .text          0x0800b7a0      0x2d4 ..\obj\TIMs.o
                0x0800b7cc                TIM2_init
                0x0800b818                TIM21_init
                0x0800b870                TIM21_IRQHandler
                0x0800b960                TIM6_init
                0x0800b990                set_timeout
                0x0800b9cc                while_timeout
                0x0800b9e8                set_timeout_7
                0x0800ba04                while_timeout_7
                0x0800ba1c                reset_timer
                0x0800ba40                TIM2_set_pwm_duty_cycle
 .text          0x0800ba74      0x114 c:/program files (x86)/gnu tools arm embedded/5.4 2016q2/bin/../lib/gcc/arm-none-eabi/5.4.1/armv6-m\libgcc.a(_udivsi3.o)
                0x0800ba74                __aeabi_uidiv
                0x0800ba74                __udivsi3
                0x0800bb80                __aeabi_uidivmod
 .text          0x0800bb88      0x1d4 c:/program files (x86)/gnu tools arm embedded/5.4 2016q2/bin/../lib/gcc/arm-none-eabi/5.4.1/armv6-m\libgcc.a(_divsi3.o)
                0x0800bb88                __divsi3
                0x0800bb88                __aeabi_idiv
                0x0800bd54                __aeabi_idivmod
 .text          0x0800bd5c        0x4 c:/program files (x86)/gnu tools arm embedded/5.4 2016q2/bin/../lib/gcc/arm-none-eabi/5.4.1/armv6-m\libgcc.a(_dvmd_tls.o)
                0x0800bd5c                __aeabi_idiv0
                0x0800bd5c                __aeabi_ldiv0
 .text          0x0800bd60       0x7c c:/program files (x86)/gnu tools arm embedded/5.4 2016q2/bin/../lib/gcc/arm-none-eabi/5.4.1/armv6-m\libgcc.a(_arm_cmpdf2.o)
                0x0800bd60                __aeabi_cdrcmple
                0x0800bd70                __aeabi_cdcmple
                0x0800bd70                __aeabi_cdcmpeq
                0x0800bd80                __aeabi_dcmpeq
                0x0800bd8c                __aeabi_dcmplt
                0x0800bda0                __aeabi_dcmple
                0x0800bdb4                __aeabi_dcmpgt
                0x0800bdc8                __aeabi_dcmpge
 .text          0x0800bddc       0x3c c:/program files (x86)/gnu tools arm embedded/5.4 2016q2/bin/../lib/gcc/arm-none-eabi/5.4.1/armv6-m\libgcc.a(_fixunsdfsi.o)
                0x0800bddc                __aeabi_d2uiz
                0x0800bddc                __fixunsdfsi
 .text          0x0800be18      0x658 c:/program files (x86)/gnu tools arm embedded/5.4 2016q2/bin/../lib/gcc/arm-none-eabi/5.4.1/armv6-m\libgcc.a(adddf3.o)
                0x0800be18                __aeabi_dadd
 .text          0x0800c470      0x62c c:/program files (x86)/gnu tools arm embedded/5.4 2016q2/bin/../lib/gcc/arm-none-eabi/5.4.1/armv6-m\libgcc.a(divdf3.o)
                0x0800c470                __aeabi_ddiv
 .text          0x0800ca9c       0x80 c:/program files (x86)/gnu tools arm embedded/5.4 2016q2/bin/../lib/gcc/arm-none-eabi/5.4.1/armv6-m\libgcc.a(eqdf2.o)
                0x0800ca9c                __nedf2
                0x0800ca9c                __eqdf2
 .text          0x0800cb1c       0xc8 c:/program files (x86)/gnu tools arm embedded/5.4 2016q2/bin/../lib/gcc/arm-none-eabi/5.4.1/armv6-m\libgcc.a(gedf2.o)
                0x0800cb1c                __gedf2
                0x0800cb1c                __gtdf2
 .text          0x0800cbe4       0xd4 c:/program files (x86)/gnu tools arm embedded/5.4 2016q2/bin/../lib/gcc/arm-none-eabi/5.4.1/armv6-m\libgcc.a(ledf2.o)
                0x0800cbe4                __ledf2
                0x0800cbe4                __ltdf2
 .text          0x0800ccb8      0x4f4 c:/program files (x86)/gnu tools arm embedded/5.4 2016q2/bin/../lib/gcc/arm-none-eabi/5.4.1/armv6-m\libgcc.a(muldf3.o)
                0x0800ccb8                __aeabi_dmul
 .text          0x0800d1ac      0x6a8 c:/program files (x86)/gnu tools arm embedded/5.4 2016q2/bin/../lib/gcc/arm-none-eabi/5.4.1/armv6-m\libgcc.a(subdf3.o)
                0x0800d1ac                __aeabi_dsub
 .text          0x0800d854       0x6c c:/program files (x86)/gnu tools arm embedded/5.4 2016q2/bin/../lib/gcc/arm-none-eabi/5.4.1/armv6-m\libgcc.a(fixdfsi.o)
                0x0800d854                __aeabi_d2iz
 .text          0x0800d8c0       0x84 c:/program files (x86)/gnu tools arm embedded/5.4 2016q2/bin/../lib/gcc/arm-none-eabi/5.4.1/armv6-m\libgcc.a(floatsidf.o)
                0x0800d8c0                __aeabi_i2d
 .text          0x0800d944       0x70 c:/program files (x86)/gnu tools arm embedded/5.4 2016q2/bin/../lib/gcc/arm-none-eabi/5.4.1/armv6-m\libgcc.a(floatunsidf.o)
                0x0800d944                __aeabi_ui2d
 .text          0x0800d9b4       0x3c c:/program files (x86)/gnu tools arm embedded/5.4 2016q2/bin/../lib/gcc/arm-none-eabi/5.4.1/armv6-m\libgcc.a(_clzsi2.o)
                0x0800d9b4                __clzsi2
 .text.__libc_init_array
                0x0800d9f0       0x48 c:/program files (x86)/gnu tools arm embedded/5.4 2016q2/bin/../lib/gcc/arm-none-eabi/5.4.1/../../../../arm-none-eabi/lib/armv6-m\libg.a(lib_a-init.o)
                0x0800d9f0                __libc_init_array
 .text.startup.register_fini
                0x0800da38       0x18 c:/program files (x86)/gnu tools arm embedded/5.4 2016q2/bin/../lib/gcc/arm-none-eabi/5.4.1/../../../../arm-none-eabi/lib/armv6-m\libg.a(lib_a-__call_atexit.o)
 .text.atexit   0x0800da50       0x10 c:/program files (x86)/gnu tools arm embedded/5.4 2016q2/bin/../lib/gcc/arm-none-eabi/5.4.1/../../../../arm-none-eabi/lib/armv6-m\libg.a(lib_a-atexit.o)
                0x0800da50                atexit
 .text.__libc_fini_array
                0x0800da60       0x34 c:/program files (x86)/gnu tools arm embedded/5.4 2016q2/bin/../lib/gcc/arm-none-eabi/5.4.1/../../../../arm-none-eabi/lib/armv6-m\libg.a(lib_a-fini.o)
                0x0800da60                __libc_fini_array
 .text.__register_exitproc
                0x0800da94       0xd4 c:/program files (x86)/gnu tools arm embedded/5.4 2016q2/bin/../lib/gcc/arm-none-eabi/5.4.1/../../../../arm-none-eabi/lib/armv6-m\libg.a(lib_a-__atexit.o)
                0x0800da94                __register_exitproc
 *(.init)
 .init          0x0800db68        0x4 c:/program files (x86)/gnu tools arm embedded/5.4 2016q2/bin/../lib/gcc/arm-none-eabi/5.4.1/armv6-m/crti.o
                0x0800db68                _init
 .init          0x0800db6c        0x8 c:/program files (x86)/gnu tools arm embedded/5.4 2016q2/bin/../lib/gcc/arm-none-eabi/5.4.1/armv6-m/crtn.o
 *(.fini)
 .fini          0x0800db74        0x4 c:/program files (x86)/gnu tools arm embedded/5.4 2016q2/bin/../lib/gcc/arm-none-eabi/5.4.1/armv6-m/crti.o
                0x0800db74                _fini
 .fini          0x0800db78        0x8 c:/program files (x86)/gnu tools arm embedded/5.4 2016q2/bin/../lib/gcc/arm-none-eabi/5.4.1/armv6-m/crtn.o
 *crtbegin.o(.ctors)
 *crtbegin?.o(.ctors)
 *(EXCLUDE_FILE(*crtend.o *crtend?.o) .ctors)
 *(SORT(.ctors.*))
 *(.ctors)
 *crtbegin.o(.dtors)
 *crtbegin?.o(.dtors)
 *(EXCLUDE_FILE(*crtend.o *crtend?.o) .dtors)
 *(SORT(.dtors.*))
 *(.dtors)
 *(.rodata*)
 .rodata        0x0800db80      0x2e6 ..\obj\guard_func.o
 *fill*         0x0800de66        0x2 
 .rodata        0x0800de68       0xaf ..\obj\modem_sms_func.o
 *fill*         0x0800df17        0x1 
 .rodata        0x0800df18       0x25 ..\obj\1-Wire.o
 *fill*         0x0800df3d        0x3 
 .rodata        0x0800df40      0x2ce ..\obj\modem.o
 *fill*         0x0800e20e        0x2 
 .rodata        0x0800e210       0xff ..\obj\input.o
 *fill*         0x0800e30f        0x1 
 .rodata        0x0800e310       0x22 ..\obj\EEPROMfunc.o
 *fill*         0x0800e332        0x2 
 .rodata        0x0800e334       0x82 ..\obj\main.o
 *fill*         0x0800e3b6        0x2 
 .rodata        0x0800e3b8      0x183 ..\obj\sms_command.o
 *fill*         0x0800e53b        0x1 
 .rodata        0x0800e53c       0x2d ..\obj\output.o
 *fill*         0x0800e569        0x3 
 .rodata        0x0800e56c       0x13 ..\obj\TM_KEY.o
 *fill*         0x0800e57f        0x1 
 .rodata        0x0800e580       0x1c ..\obj\stm32l0xx_hal_rcc.o
                0x0800e580                MSIRangeTable
 .rodata        0x0800e59c       0x48 ..\obj\stm32l0xx_hal_uart.o
 .rodata        0x0800e5e4       0x2d ..\obj\led.o
 *fill*         0x0800e611        0x3 
 .rodata        0x0800e614       0xdf ..\obj\DS18x20.o
 *fill*         0x0800e6f3        0x1 
 .rodata        0x0800e6f4       0xa5 ..\obj\modem_call_func.o
 *fill*         0x0800e799        0x3 
 .rodata        0x0800e79c       0x40 c:/program files (x86)/gnu tools arm embedded/5.4 2016q2/bin/../lib/gcc/arm-none-eabi/5.4.1/armv6-m\libgcc.a(divdf3.o)
 .rodata        0x0800e7dc       0x40 c:/program files (x86)/gnu tools arm embedded/5.4 2016q2/bin/../lib/gcc/arm-none-eabi/5.4.1/armv6-m\libgcc.a(muldf3.o)
 .rodata.str1.4
                0x0800e81c        0x4 c:/program files (x86)/gnu tools arm embedded/5.4 2016q2/bin/../lib/gcc/arm-none-eabi/5.4.1/../../../../arm-none-eabi/lib/armv6-m\libg.a(lib_a-impure.o)
                                  0x2 (size before relaxing)
 .rodata._global_impure_ptr
                0x0800e820        0x4 c:/program files (x86)/gnu tools arm embedded/5.4 2016q2/bin/../lib/gcc/arm-none-eabi/5.4.1/../../../../arm-none-eabi/lib/armv6-m\libg.a(lib_a-impure.o)
                0x0800e820                _global_impure_ptr
 *(.eh_fram e*)

.eh_frame       0x0800e824        0x0
 .eh_frame      0x0800e824        0x0 c:/program files (x86)/gnu tools arm embedded/5.4 2016q2/bin/../lib/gcc/arm-none-eabi/5.4.1/armv6-m/crtbegin.o

.glue_7         0x0800e824        0x0
 .glue_7        0x0800e824        0x0 linker stubs

.glue_7t        0x0800e824        0x0
 .glue_7t       0x0800e824        0x0 linker stubs

.vfp11_veneer   0x0800e824        0x0
 .vfp11_veneer  0x0800e824        0x0 linker stubs

.v4_bx          0x0800e824        0x0
 .v4_bx         0x0800e824        0x0 linker stubs

.iplt           0x0800e824        0x0
 .iplt          0x0800e824        0x0 c:/program files (x86)/gnu tools arm embedded/5.4 2016q2/bin/../lib/gcc/arm-none-eabi/5.4.1/armv6-m/crtbegin.o

.rel.dyn        0x0800e824        0x0
 .rel.iplt      0x0800e824        0x0 c:/program files (x86)/gnu tools arm embedded/5.4 2016q2/bin/../lib/gcc/arm-none-eabi/5.4.1/armv6-m/crtbegin.o

.ARM.extab
 *(.ARM.extab* .gnu.linkonce.armextab.*)
                0x0800e824                __exidx_start = .

.ARM.exidx
 *(.ARM.exidx* .gnu.linkonce.armexidx.*)
                0x0800e824                __exidx_end = .
                0x0800e824                __etext = .
                0x0800e824                _sidata = __etext

.data           0x20000000      0x6f8 load address 0x0800e824
                0x20000000                __data_start__ = .
                0x20000000                _sdata = __data_start__
 *(vtable)
 *(.data*)
 .data          0x20000000        0xd ..\obj\guard_func.o
                0x20000000                last_control_ID_number
                0x20000001                u_220V
                0x20000002                u_batt
                0x20000003                u_coef
                0x20000004                time_set_alarm
                0x20000006                time_to_guard_on
                0x20000008                lamp_blink_time
                0x2000000a                time_to_report
                0x2000000c                set_time_to_report
 *fill*         0x2000000d        0x3 
 .data          0x20000010       0x3c ..\obj\modem.o
                0x20000010                tel
 .data          0x2000004c      0x146 ..\obj\input.o
                0x2000004c                input
                0x20000190                time_to_alarm
 *fill*         0x20000192        0x2 
 .data          0x20000194       0x3c ..\obj\output.o
                0x20000194                output
 .data          0x200001d0       0x1d ..\obj\system_stm32l0xx.o
                0x200001d0                SystemCoreClock
                0x200001d4                AHBPrescTable
                0x200001e4                PLLMulTable
 *fill*         0x200001ed        0x3 
 .data          0x200001f0       0x1c ..\obj\stm32l0xx_hal_rcc.o
 .data          0x2000020c       0x3c ..\obj\led.o
                0x2000020c                led
 .data          0x20000248       0x70 ..\obj\DS18x20.o
                0x20000248                DS18x20
 .data          0x200002b8        0x4 ..\obj\modem_call_func.o
                0x200002b8                modem_call_state
 *fill*         0x200002bc        0x4 
 .data.impure_data
                0x200002c0      0x428 c:/program files (x86)/gnu tools arm embedded/5.4 2016q2/bin/../lib/gcc/arm-none-eabi/5.4.1/../../../../arm-none-eabi/lib/armv6-m\libg.a(lib_a-impure.o)
                0x200006e8                . = ALIGN (0x4)
                0x200006e8                PROVIDE (__preinit_array_start, .)
 *(.preinit_array)
                0x200006e8                PROVIDE (__preinit_array_end, .)
                0x200006e8                . = ALIGN (0x4)
                0x200006e8                PROVIDE (__init_array_start, .)
 *(SORT(.init_array.*))
 .init_array.00000
                0x200006e8        0x4 c:/program files (x86)/gnu tools arm embedded/5.4 2016q2/bin/../lib/gcc/arm-none-eabi/5.4.1/../../../../arm-none-eabi/lib/armv6-m\libg.a(lib_a-__call_atexit.o)
 *(.init_array)
 .init_array    0x200006ec        0x4 c:/program files (x86)/gnu tools arm embedded/5.4 2016q2/bin/../lib/gcc/arm-none-eabi/5.4.1/armv6-m/crtbegin.o
                0x200006f0                PROVIDE (__init_array_end, .)
                0x200006f0                . = ALIGN (0x4)
                0x200006f0                PROVIDE (__fini_array_start, .)
 *(SORT(.fini_array.*))
 *(.fini_array)
 .fini_array    0x200006f0        0x4 c:/program files (x86)/gnu tools arm embedded/5.4 2016q2/bin/../lib/gcc/arm-none-eabi/5.4.1/armv6-m/crtbegin.o
                0x200006f4                PROVIDE (__fini_array_end, .)
 *(.jcr*)
 .jcr           0x200006f4        0x0 c:/program files (x86)/gnu tools arm embedded/5.4 2016q2/bin/../lib/gcc/arm-none-eabi/5.4.1/armv6-m/crtbegin.o
 .jcr           0x200006f4        0x4 c:/program files (x86)/gnu tools arm embedded/5.4 2016q2/bin/../lib/gcc/arm-none-eabi/5.4.1/armv6-m/crtend.o
                0x200006f8                . = ALIGN (0x4)
                0x200006f8                __data_end__ = .
                0x200006f8                _edata = __data_end__

.igot.plt       0x200006f8        0x0 load address 0x0800ef1c
 .igot.plt      0x200006f8        0x0 c:/program files (x86)/gnu tools arm embedded/5.4 2016q2/bin/../lib/gcc/arm-none-eabi/5.4.1/armv6-m/crtbegin.o

.bss            0x200006f8      0x948 load address 0x0800ef1c
                0x200006f8                . = ALIGN (0x4)
                0x200006f8                __bss_start__ = .
                0x200006f8                _sbss = __bss_start__
 *(.bss*)
 .bss           0x200006f8       0x1c c:/program files (x86)/gnu tools arm embedded/5.4 2016q2/bin/../lib/gcc/arm-none-eabi/5.4.1/armv6-m/crtbegin.o
 .bss           0x20000714       0x14 ..\obj\guard_func.o
                0x20000714                powered
                0x20000715                device_settings
                0x20000716                time_to_check_TM
                0x20000718                time_set_to_guard_on
                0x2000071a                alarm_st
                0x2000071b                guard_st
                0x2000071c                time_to_full_reset
 .bss           0x20000728       0x12 ..\obj\modem.o
                0x20000728                modem_action
                0x2000072c                modem_state
                0x20000730                gsm_message_check_counter
                0x20000734                modem_time_on
                0x20000738                modem_setup_ok
                0x20000739                modem_time_check
 .bss           0x2000073a        0x1 ..\obj\input.o
                0x2000073a                last_input_alarm
 *fill*         0x2000073b        0x1 
 .bss           0x2000073c        0xc ..\obj\UART.o
                0x2000073c                gsm_buffer_char_counter
                0x20000740                uart2_buffer_char_counter
                0x20000744                uart2_check_counter
 .bss           0x20000748        0x4 ..\obj\stm32l0xx_hal.o
 .bss           0x2000074c        0x3 ..\obj\DS18x20.o
                0x2000074c                ds18x20_number
                0x2000074d                time_to_check_temp
                0x2000074e                flag_conv
 .bss           0x2000074f        0x1 ..\obj\modem_call_func.o
                0x2000074f                incoming_rings
 .bss           0x20000750        0x8 ..\obj\TIMs.o
                0x20000750                state_check_term
 *(COMMON)
 COMMON         0x20000758      0x61a ..\obj\guard_func.o
                0x20000758                gsm_message
                0x200008b6                new_guard_st
                0x200008b8                tel_number_temp
                0x200008c4                modem_errors
                0x200008c8                output_sms_message
                0x20000910                input_sms_message
                0x20000958                counter
                0x2000095c                last_control_guard
                0x2000096c                gsm_buffer
                0x20000d54                EEPROMAddress
                0x20000d58                UART2_message
 *fill*         0x20000d72        0x2 
 COMMON         0x20000d74       0x10 ..\obj\1-Wire.o
                0x20000d74                onewire_enum_fork_bit
                0x20000d78                onewire_enum
                0x20000d80                timeout_7
 COMMON         0x20000d84        0x4 ..\obj\modem.o
                0x20000d84                gsm_signal_quality
 COMMON         0x20000d88      0x248 ..\obj\UART.o
                0x20000d88                uart2_buffer
                0x20000e8c                huart3
                0x20000ef8                huart1
                0x20000f64                huart2
 COMMON         0x20000fd0       0x6d ..\obj\TM_KEY.o
                0x20000fd0                TM_KEY
                0x2000103c                tm_key_number
                0x20001040                . = ALIGN (0x4)
 *fill*         0x2000103d        0x3 
                0x20001040                __bss_end__ = .
                0x20001040                _ebss = __bss_end__

.heap           0x20001040        0x0
                0x20001040                __end__ = .
                0x20001040                _end = __end__
                0x20001040                end = __end__
 *(.heap*)
                0x20001040                __HeapLimit = .

.co_stack       0x20001040        0x0
                0x20001040                . = ALIGN (0x8)
 *(.co_stack .co_stack.*)
                0x20002000                __StackTop = (ORIGIN (ram) + LENGTH (ram))
                0x20002000                __StackLimit = (__StackTop - SIZEOF (.co_stack))
                0x20002000                PROVIDE (__stack, __StackTop)
                0x00000001                ASSERT ((__StackLimit >= __HeapLimit), region ram  overflowed with stack)
LOAD ..\obj\stm32l0xx_hal_tsc.o
LOAD ..\obj\stm32l0xx_hal_i2s.o
LOAD ..\obj\guard_func.o
LOAD ..\obj\modem_sms_func.o
LOAD ..\obj\stm32l0xx_hal_pwr.o
LOAD ..\obj\1-Wire.o
LOAD ..\obj\stm32l0xx_hal_gpio.o
LOAD ..\obj\stm32l0xx_hal_wwdg.o
LOAD ..\obj\stm32l0xx_hal_tim.o
LOAD ..\obj\main_guard.o
LOAD ..\obj\stm32l0xx_hal_smbus.o
LOAD ..\obj\modem.o
LOAD ..\obj\stm32l0xx_hal_flash_ex.o
LOAD ..\obj\input.o
LOAD ..\obj\stm32l0xx_hal_smartcard_ex.o
LOAD ..\obj\my_string.o
LOAD ..\obj\stm32l0xx_hal_rng.o
LOAD ..\obj\ADC_func.o
LOAD ..\obj\SPI.o
LOAD ..\obj\stm32l0xx_hal_crc.o
LOAD ..\obj\UART.o
LOAD ..\obj\stm32l0xx_hal_rtc.o
LOAD ..\obj\stm32l0xx_hal.o
LOAD ..\obj\stm32l0xx_hal_i2c_ex.o
LOAD ..\obj\EEPROMfunc.o
LOAD ..\obj\main.o
LOAD ..\obj\sms_command.o
LOAD ..\obj\output.o
LOAD ..\obj\system_stm32l0xx.o
LOAD ..\obj\FingerPrint.o
LOAD ..\obj\stm32l0xx_hal_irda.o
LOAD ..\obj\clock.o
LOAD ..\obj\stm32l0xx_hal_flash.o
LOAD ..\obj\startup_stm32l051xx.o
LOAD ..\obj\stm32l0xx_hal_i2c.o
LOAD ..\obj\stm32l0xx_hal_dma.o
LOAD ..\obj\stm32l0xx_hal_pcd.o
LOAD ..\obj\stm32l0xx_hal_cryp_ex.o
LOAD ..\obj\GPIO_func.o
LOAD ..\obj\stm32l0xx_hal_iwdg.o
LOAD ..\obj\stm32l0xx_hal_smartcard.o
LOAD ..\obj\stm32l0xx_hal_flash_ramfunc.o
LOAD ..\obj\TM_KEY.o
LOAD ..\obj\stm32l0xx_hal_comp.o
LOAD ..\obj\stm32l0xx_hal_rtc_ex.o
LOAD ..\obj\stm32l0xx_hal_uart_ex.o
LOAD ..\obj\stm32l0xx_hal_rcc.o
LOAD ..\obj\stm32l0xx_hal_pcd_ex.o
LOAD ..\obj\stm32l0xx_hal_dac_ex.o
LOAD ..\obj\stm32l0xx_hal_rcc_ex.o
LOAD ..\obj\stm32l0xx_hal_lcd.o
LOAD ..\obj\stm32l0xx_hal_usart.o
LOAD ..\obj\stm32l0xx_hal_adc_ex.o
LOAD ..\obj\stm32l0xx_hal_lptim.o
LOAD ..\obj\stm32l0xx_hal_uart.o
LOAD ..\obj\stm32l0xx_hal_spi.o
LOAD ..\obj\stm32l0xx_hal_cryp.o
LOAD ..\obj\stm32l0xx_hal_adc.o
LOAD ..\obj\stm32l0xx_hal_msp_template.o
LOAD ..\obj\stm32l0xx_hal_pwr_ex.o
LOAD ..\obj\stm32l0xx_hal_tim_ex.o
LOAD ..\obj\led.o
LOAD ..\obj\DS18x20.o
LOAD ..\obj\stm32l0xx_hal_dac.o
LOAD ..\obj\stm32l0xx_hal_cortex.o
LOAD ..\obj\modem_call_func.o
LOAD ..\obj\TIMs.o
LOAD ..\obj\stm32l0xx_hal_crc_ex.o
START GROUP
LOAD c:/program files (x86)/gnu tools arm embedded/5.4 2016q2/bin/../lib/gcc/arm-none-eabi/5.4.1/armv6-m\libgcc.a
LOAD c:/program files (x86)/gnu tools arm embedded/5.4 2016q2/bin/../lib/gcc/arm-none-eabi/5.4.1/../../../../arm-none-eabi/lib/armv6-m\libg.a
LOAD c:/program files (x86)/gnu tools arm embedded/5.4 2016q2/bin/../lib/gcc/arm-none-eabi/5.4.1/../../../../arm-none-eabi/lib/armv6-m\libc.a
END GROUP
LOAD c:/program files (x86)/gnu tools arm embedded/5.4 2016q2/bin/../lib/gcc/arm-none-eabi/5.4.1/armv6-m/crtend.o
LOAD c:/program files (x86)/gnu tools arm embedded/5.4 2016q2/bin/../lib/gcc/arm-none-eabi/5.4.1/armv6-m/crtn.o
OUTPUT(GuardOnSTM32l051.elf elf32-littlearm)

.ARM.attributes
                0x00000000       0x28
 .ARM.attributes
                0x00000000       0x1e c:/program files (x86)/gnu tools arm embedded/5.4 2016q2/bin/../lib/gcc/arm-none-eabi/5.4.1/armv6-m/crti.o
 .ARM.attributes
                0x0000001e       0x2c c:/program files (x86)/gnu tools arm embedded/5.4 2016q2/bin/../lib/gcc/arm-none-eabi/5.4.1/armv6-m/crtbegin.o
 .ARM.attributes
                0x0000004a       0x32 ..\obj\guard_func.o
 .ARM.attributes
                0x0000007c       0x32 ..\obj\modem_sms_func.o
 .ARM.attributes
                0x000000ae       0x32 ..\obj\1-Wire.o
 .ARM.attributes
                0x000000e0       0x32 ..\obj\stm32l0xx_hal_gpio.o
 .ARM.attributes
                0x00000112       0x32 ..\obj\main_guard.o
 .ARM.attributes
                0x00000144       0x32 ..\obj\modem.o
 .ARM.attributes
                0x00000176       0x32 ..\obj\input.o
 .ARM.attributes
                0x000001a8       0x32 ..\obj\my_string.o
 .ARM.attributes
                0x000001da       0x32 ..\obj\ADC_func.o
 .ARM.attributes
                0x0000020c       0x32 ..\obj\UART.o
 .ARM.attributes
                0x0000023e       0x32 ..\obj\stm32l0xx_hal.o
 .ARM.attributes
                0x00000270       0x32 ..\obj\EEPROMfunc.o
 .ARM.attributes
                0x000002a2       0x32 ..\obj\main.o
 .ARM.attributes
                0x000002d4       0x32 ..\obj\sms_command.o
 .ARM.attributes
                0x00000306       0x32 ..\obj\output.o
 .ARM.attributes
                0x00000338       0x32 ..\obj\system_stm32l0xx.o
 .ARM.attributes
                0x0000036a       0x32 ..\obj\clock.o
 .ARM.attributes
                0x0000039c       0x22 ..\obj\startup_stm32l051xx.o
 .ARM.attributes
                0x000003be       0x32 ..\obj\stm32l0xx_hal_dma.o
 .ARM.attributes
                0x000003f0       0x32 ..\obj\GPIO_func.o
 .ARM.attributes
                0x00000422       0x32 ..\obj\TM_KEY.o
 .ARM.attributes
                0x00000454       0x32 ..\obj\stm32l0xx_hal_uart_ex.o
 .ARM.attributes
                0x00000486       0x32 ..\obj\stm32l0xx_hal_rcc.o
 .ARM.attributes
                0x000004b8       0x32 ..\obj\stm32l0xx_hal_uart.o
 .ARM.attributes
                0x000004ea       0x32 ..\obj\stm32l0xx_hal_msp_template.o
 .ARM.attributes
                0x0000051c       0x32 ..\obj\led.o
 .ARM.attributes
                0x0000054e       0x32 ..\obj\DS18x20.o
 .ARM.attributes
                0x00000580       0x32 ..\obj\stm32l0xx_hal_cortex.o
 .ARM.attributes
                0x000005b2       0x32 ..\obj\modem_call_func.o
 .ARM.attributes
                0x000005e4       0x32 ..\obj\TIMs.o
 .ARM.attributes
                0x00000616       0x1e c:/program files (x86)/gnu tools arm embedded/5.4 2016q2/bin/../lib/gcc/arm-none-eabi/5.4.1/armv6-m\libgcc.a(_udivsi3.o)
 .ARM.attributes
                0x00000634       0x1e c:/program files (x86)/gnu tools arm embedded/5.4 2016q2/bin/../lib/gcc/arm-none-eabi/5.4.1/armv6-m\libgcc.a(_divsi3.o)
 .ARM.attributes
                0x00000652       0x1e c:/program files (x86)/gnu tools arm embedded/5.4 2016q2/bin/../lib/gcc/arm-none-eabi/5.4.1/armv6-m\libgcc.a(_dvmd_tls.o)
 .ARM.attributes
                0x00000670       0x1e c:/program files (x86)/gnu tools arm embedded/5.4 2016q2/bin/../lib/gcc/arm-none-eabi/5.4.1/armv6-m\libgcc.a(_arm_cmpdf2.o)
 .ARM.attributes
                0x0000068e       0x2c c:/program files (x86)/gnu tools arm embedded/5.4 2016q2/bin/../lib/gcc/arm-none-eabi/5.4.1/armv6-m\libgcc.a(_fixunsdfsi.o)
 .ARM.attributes
                0x000006ba       0x2c c:/program files (x86)/gnu tools arm embedded/5.4 2016q2/bin/../lib/gcc/arm-none-eabi/5.4.1/armv6-m\libgcc.a(adddf3.o)
 .ARM.attributes
                0x000006e6       0x2c c:/program files (x86)/gnu tools arm embedded/5.4 2016q2/bin/../lib/gcc/arm-none-eabi/5.4.1/armv6-m\libgcc.a(divdf3.o)
 .ARM.attributes
                0x00000712       0x2c c:/program files (x86)/gnu tools arm embedded/5.4 2016q2/bin/../lib/gcc/arm-none-eabi/5.4.1/armv6-m\libgcc.a(eqdf2.o)
 .ARM.attributes
                0x0000073e       0x2c c:/program files (x86)/gnu tools arm embedded/5.4 2016q2/bin/../lib/gcc/arm-none-eabi/5.4.1/armv6-m\libgcc.a(gedf2.o)
 .ARM.attributes
                0x0000076a       0x2c c:/program files (x86)/gnu tools arm embedded/5.4 2016q2/bin/../lib/gcc/arm-none-eabi/5.4.1/armv6-m\libgcc.a(ledf2.o)
 .ARM.attributes
                0x00000796       0x2c c:/program files (x86)/gnu tools arm embedded/5.4 2016q2/bin/../lib/gcc/arm-none-eabi/5.4.1/armv6-m\libgcc.a(muldf3.o)
 .ARM.attributes
                0x000007c2       0x2c c:/program files (x86)/gnu tools arm embedded/5.4 2016q2/bin/../lib/gcc/arm-none-eabi/5.4.1/armv6-m\libgcc.a(subdf3.o)
 .ARM.attributes
                0x000007ee       0x2c c:/program files (x86)/gnu tools arm embedded/5.4 2016q2/bin/../lib/gcc/arm-none-eabi/5.4.1/armv6-m\libgcc.a(fixdfsi.o)
 .ARM.attributes
                0x0000081a       0x2c c:/program files (x86)/gnu tools arm embedded/5.4 2016q2/bin/../lib/gcc/arm-none-eabi/5.4.1/armv6-m\libgcc.a(floatsidf.o)
 .ARM.attributes
                0x00000846       0x2c c:/program files (x86)/gnu tools arm embedded/5.4 2016q2/bin/../lib/gcc/arm-none-eabi/5.4.1/armv6-m\libgcc.a(floatunsidf.o)
 .ARM.attributes
                0x00000872       0x1e c:/program files (x86)/gnu tools arm embedded/5.4 2016q2/bin/../lib/gcc/arm-none-eabi/5.4.1/armv6-m\libgcc.a(_clzsi2.o)
 .ARM.attributes
                0x00000890       0x2c c:/program files (x86)/gnu tools arm embedded/5.4 2016q2/bin/../lib/gcc/arm-none-eabi/5.4.1/../../../../arm-none-eabi/lib/armv6-m\libg.a(lib_a-impure.o)
 .ARM.attributes
                0x000008bc       0x2c c:/program files (x86)/gnu tools arm embedded/5.4 2016q2/bin/../lib/gcc/arm-none-eabi/5.4.1/../../../../arm-none-eabi/lib/armv6-m\libg.a(lib_a-init.o)
 .ARM.attributes
                0x000008e8       0x2c c:/program files (x86)/gnu tools arm embedded/5.4 2016q2/bin/../lib/gcc/arm-none-eabi/5.4.1/../../../../arm-none-eabi/lib/armv6-m\libg.a(lib_a-__call_atexit.o)
 .ARM.attributes
                0x00000914       0x2c c:/program files (x86)/gnu tools arm embedded/5.4 2016q2/bin/../lib/gcc/arm-none-eabi/5.4.1/../../../../arm-none-eabi/lib/armv6-m\libg.a(lib_a-atexit.o)
 .ARM.attributes
                0x00000940       0x2c c:/program files (x86)/gnu tools arm embedded/5.4 2016q2/bin/../lib/gcc/arm-none-eabi/5.4.1/../../../../arm-none-eabi/lib/armv6-m\libg.a(lib_a-fini.o)
 .ARM.attributes
                0x0000096c       0x2c c:/program files (x86)/gnu tools arm embedded/5.4 2016q2/bin/../lib/gcc/arm-none-eabi/5.4.1/../../../../arm-none-eabi/lib/armv6-m\libg.a(lib_a-__atexit.o)
 .ARM.attributes
                0x00000998       0x2c c:/program files (x86)/gnu tools arm embedded/5.4 2016q2/bin/../lib/gcc/arm-none-eabi/5.4.1/armv6-m/crtend.o
 .ARM.attributes
                0x000009c4       0x1e c:/program files (x86)/gnu tools arm embedded/5.4 2016q2/bin/../lib/gcc/arm-none-eabi/5.4.1/armv6-m/crtn.o

.comment        0x00000000       0x6e
 .comment       0x00000000       0x6e ..\obj\guard_func.o
                                 0x6f (size before relaxing)
 .comment       0x0000006e       0x6f ..\obj\modem_sms_func.o
 .comment       0x0000006e       0x6f ..\obj\1-Wire.o
 .comment       0x0000006e       0x6f ..\obj\stm32l0xx_hal_gpio.o
 .comment       0x0000006e       0x6f ..\obj\main_guard.o
 .comment       0x0000006e       0x6f ..\obj\modem.o
 .comment       0x0000006e       0x6f ..\obj\input.o
 .comment       0x0000006e       0x6f ..\obj\my_string.o
 .comment       0x0000006e       0x6f ..\obj\ADC_func.o
 .comment       0x0000006e       0x6f ..\obj\UART.o
 .comment       0x0000006e       0x6f ..\obj\stm32l0xx_hal.o
 .comment       0x0000006e       0x6f ..\obj\EEPROMfunc.o
 .comment       0x0000006e       0x6f ..\obj\main.o
 .comment       0x0000006e       0x6f ..\obj\sms_command.o
 .comment       0x0000006e       0x6f ..\obj\output.o
 .comment       0x0000006e       0x6f ..\obj\system_stm32l0xx.o
 .comment       0x0000006e       0x6f ..\obj\clock.o
 .comment       0x0000006e       0x6f ..\obj\stm32l0xx_hal_dma.o
 .comment       0x0000006e       0x6f ..\obj\GPIO_func.o
 .comment       0x0000006e       0x6f ..\obj\TM_KEY.o
 .comment       0x0000006e       0x6f ..\obj\stm32l0xx_hal_uart_ex.o
 .comment       0x0000006e       0x6f ..\obj\stm32l0xx_hal_rcc.o
 .comment       0x0000006e       0x6f ..\obj\stm32l0xx_hal_uart.o
 .comment       0x0000006e       0x6f ..\obj\stm32l0xx_hal_msp_template.o
 .comment       0x0000006e       0x6f ..\obj\led.o
 .comment       0x0000006e       0x6f ..\obj\DS18x20.o
 .comment       0x0000006e       0x6f ..\obj\stm32l0xx_hal_cortex.o
 .comment       0x0000006e       0x6f ..\obj\modem_call_func.o
 .comment       0x0000006e       0x6f ..\obj\TIMs.o

.debug_info     0x00000000     0x1e0a
 .debug_info    0x00000000      0x255 ..\obj\guard_func.o
 .debug_info    0x00000255       0x85 ..\obj\modem_sms_func.o
 .debug_info    0x000002da      0x1bb ..\obj\1-Wire.o
 .debug_info    0x00000495       0xb1 ..\obj\stm32l0xx_hal_gpio.o
 .debug_info    0x00000546       0x33 ..\obj\main_guard.o
 .debug_info    0x00000579      0x22a ..\obj\modem.o
 .debug_info    0x000007a3       0xf7 ..\obj\input.o
 .debug_info    0x0000089a       0x77 ..\obj\my_string.o
 .debug_info    0x00000911       0x44 ..\obj\ADC_func.o
 .debug_info    0x00000955      0x199 ..\obj\UART.o
 .debug_info    0x00000aee      0x227 ..\obj\stm32l0xx_hal.o
 .debug_info    0x00000d15       0x99 ..\obj\EEPROMfunc.o
 .debug_info    0x00000dae      0x13f ..\obj\main.o
 .debug_info    0x00000eed       0x6c ..\obj\sms_command.o
 .debug_info    0x00000f59      0x110 ..\obj\output.o
 .debug_info    0x00001069       0x44 ..\obj\system_stm32l0xx.o
 .debug_info    0x000010ad       0x33 ..\obj\clock.o
 .debug_info    0x000010e0       0xeb ..\obj\startup_stm32l051xx.o
 .debug_info    0x000011cb       0xd4 ..\obj\stm32l0xx_hal_dma.o
 .debug_info    0x0000129f       0x78 ..\obj\GPIO_func.o
 .debug_info    0x00001317       0x74 ..\obj\TM_KEY.o
 .debug_info    0x0000138b       0xc0 ..\obj\stm32l0xx_hal_uart_ex.o
 .debug_info    0x0000144b      0x10a ..\obj\stm32l0xx_hal_rcc.o
 .debug_info    0x00001555      0x304 ..\obj\stm32l0xx_hal_uart.o
 .debug_info    0x00001859       0x66 ..\obj\stm32l0xx_hal_msp_template.o
 .debug_info    0x000018bf       0xc9 ..\obj\led.o
 .debug_info    0x00001988      0x143 ..\obj\DS18x20.o
 .debug_info    0x00001acb      0x1a0 ..\obj\stm32l0xx_hal_cortex.o
 .debug_info    0x00001c6b       0xb3 ..\obj\modem_call_func.o
 .debug_info    0x00001d1e       0xec ..\obj\TIMs.o

.debug_abbrev   0x00000000      0xad3
 .debug_abbrev  0x00000000       0x8b ..\obj\guard_func.o
 .debug_abbrev  0x0000008b       0x5f ..\obj\modem_sms_func.o
 .debug_abbrev  0x000000ea       0x87 ..\obj\1-Wire.o
 .debug_abbrev  0x00000171       0x54 ..\obj\stm32l0xx_hal_gpio.o
 .debug_abbrev  0x000001c5       0x28 ..\obj\main_guard.o
 .debug_abbrev  0x000001ed       0x8b ..\obj\modem.o
 .debug_abbrev  0x00000278       0x6f ..\obj\input.o
 .debug_abbrev  0x000002e7       0x3e ..\obj\my_string.o
 .debug_abbrev  0x00000325       0x28 ..\obj\ADC_func.o
 .debug_abbrev  0x0000034d       0x52 ..\obj\UART.o
 .debug_abbrev  0x0000039f       0x6a ..\obj\stm32l0xx_hal.o
 .debug_abbrev  0x00000409       0x3e ..\obj\EEPROMfunc.o
 .debug_abbrev  0x00000447       0xb0 ..\obj\main.o
 .debug_abbrev  0x000004f7       0x49 ..\obj\sms_command.o
 .debug_abbrev  0x00000540       0x5f ..\obj\output.o
 .debug_abbrev  0x0000059f       0x3e ..\obj\system_stm32l0xx.o
 .debug_abbrev  0x000005dd       0x28 ..\obj\clock.o
 .debug_abbrev  0x00000605       0x12 ..\obj\startup_stm32l051xx.o
 .debug_abbrev  0x00000617       0x68 ..\obj\stm32l0xx_hal_dma.o
 .debug_abbrev  0x0000067f       0x3c ..\obj\GPIO_func.o
 .debug_abbrev  0x000006bb       0x5f ..\obj\TM_KEY.o
 .debug_abbrev  0x0000071a       0x7e ..\obj\stm32l0xx_hal_uart_ex.o
 .debug_abbrev  0x00000798       0x6a ..\obj\stm32l0xx_hal_rcc.o
 .debug_abbrev  0x00000802       0x52 ..\obj\stm32l0xx_hal_uart.o
 .debug_abbrev  0x00000854       0x28 ..\obj\stm32l0xx_hal_msp_template.o
 .debug_abbrev  0x0000087c       0x5f ..\obj\led.o
 .debug_abbrev  0x000008db       0x7e ..\obj\DS18x20.o
 .debug_abbrev  0x00000959       0xae ..\obj\stm32l0xx_hal_cortex.o
 .debug_abbrev  0x00000a07       0x59 ..\obj\modem_call_func.o
 .debug_abbrev  0x00000a60       0x73 ..\obj\TIMs.o

.debug_aranges  0x00000000      0x3c8
 .debug_aranges
                0x00000000       0x20 ..\obj\guard_func.o
 .debug_aranges
                0x00000020       0x20 ..\obj\modem_sms_func.o
 .debug_aranges
                0x00000040       0x20 ..\obj\1-Wire.o
 .debug_aranges
                0x00000060       0x20 ..\obj\stm32l0xx_hal_gpio.o
 .debug_aranges
                0x00000080       0x20 ..\obj\main_guard.o
 .debug_aranges
                0x000000a0       0x20 ..\obj\modem.o
 .debug_aranges
                0x000000c0       0x20 ..\obj\input.o
 .debug_aranges
                0x000000e0       0x20 ..\obj\my_string.o
 .debug_aranges
                0x00000100       0x20 ..\obj\ADC_func.o
 .debug_aranges
                0x00000120       0x20 ..\obj\UART.o
 .debug_aranges
                0x00000140       0x20 ..\obj\stm32l0xx_hal.o
 .debug_aranges
                0x00000160       0x20 ..\obj\EEPROMfunc.o
 .debug_aranges
                0x00000180       0x20 ..\obj\main.o
 .debug_aranges
                0x000001a0       0x20 ..\obj\sms_command.o
 .debug_aranges
                0x000001c0       0x20 ..\obj\output.o
 .debug_aranges
                0x000001e0       0x20 ..\obj\system_stm32l0xx.o
 .debug_aranges
                0x00000200       0x20 ..\obj\clock.o
 .debug_aranges
                0x00000220       0x28 ..\obj\startup_stm32l051xx.o
 .debug_aranges
                0x00000248       0x20 ..\obj\stm32l0xx_hal_dma.o
 .debug_aranges
                0x00000268       0x20 ..\obj\GPIO_func.o
 .debug_aranges
                0x00000288       0x20 ..\obj\TM_KEY.o
 .debug_aranges
                0x000002a8       0x20 ..\obj\stm32l0xx_hal_uart_ex.o
 .debug_aranges
                0x000002c8       0x20 ..\obj\stm32l0xx_hal_rcc.o
 .debug_aranges
                0x000002e8       0x20 ..\obj\stm32l0xx_hal_uart.o
 .debug_aranges
                0x00000308       0x20 ..\obj\stm32l0xx_hal_msp_template.o
 .debug_aranges
                0x00000328       0x20 ..\obj\led.o
 .debug_aranges
                0x00000348       0x20 ..\obj\DS18x20.o
 .debug_aranges
                0x00000368       0x20 ..\obj\stm32l0xx_hal_cortex.o
 .debug_aranges
                0x00000388       0x20 ..\obj\modem_call_func.o
 .debug_aranges
                0x000003a8       0x20 ..\obj\TIMs.o

.debug_line     0x00000000     0x36ff
 .debug_line    0x00000000      0x2f6 ..\obj\guard_func.o
 .debug_line    0x000002f6      0x123 ..\obj\modem_sms_func.o
 .debug_line    0x00000419      0x338 ..\obj\1-Wire.o
 .debug_line    0x00000751      0x1a7 ..\obj\stm32l0xx_hal_gpio.o
 .debug_line    0x000008f8       0x74 ..\obj\main_guard.o
 .debug_line    0x0000096c      0x3bc ..\obj\modem.o
 .debug_line    0x00000d28      0x201 ..\obj\input.o
 .debug_line    0x00000f29      0x150 ..\obj\my_string.o
 .debug_line    0x00001079       0x83 ..\obj\ADC_func.o
 .debug_line    0x000010fc      0x1e7 ..\obj\UART.o
 .debug_line    0x000012e3      0x14c ..\obj\stm32l0xx_hal.o
 .debug_line    0x0000142f       0xc8 ..\obj\EEPROMfunc.o
 .debug_line    0x000014f7      0x193 ..\obj\main.o
 .debug_line    0x0000168a      0x257 ..\obj\sms_command.o
 .debug_line    0x000018e1      0x120 ..\obj\output.o
 .debug_line    0x00001a01       0xcc ..\obj\system_stm32l0xx.o
 .debug_line    0x00001acd       0x73 ..\obj\clock.o
 .debug_line    0x00001b40       0xdd ..\obj\startup_stm32l051xx.o
 .debug_line    0x00001c1d      0x65b ..\obj\stm32l0xx_hal_dma.o
 .debug_line    0x00002278      0x16f ..\obj\GPIO_func.o
 .debug_line    0x000023e7       0xf8 ..\obj\TM_KEY.o
 .debug_line    0x000024df      0x1a7 ..\obj\stm32l0xx_hal_uart_ex.o
 .debug_line    0x00002686      0x275 ..\obj\stm32l0xx_hal_rcc.o
 .debug_line    0x000028fb      0x60b ..\obj\stm32l0xx_hal_uart.o
 .debug_line    0x00002f06       0xb9 ..\obj\stm32l0xx_hal_msp_template.o
 .debug_line    0x00002fbf      0x10b ..\obj\led.o
 .debug_line    0x000030ca      0x203 ..\obj\DS18x20.o
 .debug_line    0x000032cd      0x1c6 ..\obj\stm32l0xx_hal_cortex.o
 .debug_line    0x00003493      0x126 ..\obj\modem_call_func.o
 .debug_line    0x000035b9      0x146 ..\obj\TIMs.o

.debug_str      0x00000000     0x1f85
 .debug_str     0x00000000      0x282 ..\obj\guard_func.o
                                0x28b (size before relaxing)
 .debug_str     0x00000282       0x9b ..\obj\modem_sms_func.o
                                0x115 (size before relaxing)
 .debug_str     0x0000031d      0x1bd ..\obj\1-Wire.o
                                0x22a (size before relaxing)
 .debug_str     0x000004da      0x10f ..\obj\stm32l0xx_hal_gpio.o
                                0x17c (size before relaxing)
 .debug_str     0x000005e9       0x49 ..\obj\main_guard.o
                                 0xb6 (size before relaxing)
 .debug_str     0x00000632      0x201 ..\obj\modem.o
                                0x279 (size before relaxing)
 .debug_str     0x00000833       0xe2 ..\obj\input.o
                                0x14f (size before relaxing)
 .debug_str     0x00000915       0x79 ..\obj\my_string.o
                                 0xe6 (size before relaxing)
 .debug_str     0x0000098e       0x4e ..\obj\ADC_func.o
                                 0xbb (size before relaxing)
 .debug_str     0x000009dc      0x1aa ..\obj\UART.o
                                0x226 (size before relaxing)
 .debug_str     0x00000b86      0x28f ..\obj\stm32l0xx_hal.o
                                0x2fc (size before relaxing)
 .debug_str     0x00000e15       0x96 ..\obj\EEPROMfunc.o
                                0x103 (size before relaxing)
 .debug_str     0x00000eab       0xbe ..\obj\main.o
                                0x13c (size before relaxing)
 .debug_str     0x00000f69       0x6f ..\obj\sms_command.o
                                 0xdc (size before relaxing)
 .debug_str     0x00000fd8       0xef ..\obj\output.o
                                0x166 (size before relaxing)
 .debug_str     0x000010c7       0x99 ..\obj\system_stm32l0xx.o
                                0x106 (size before relaxing)
 .debug_str     0x00001160       0x48 ..\obj\clock.o
                                 0xb5 (size before relaxing)
 .debug_str     0x000011a8      0x11d ..\obj\stm32l0xx_hal_dma.o
                                0x18a (size before relaxing)
 .debug_str     0x000012c5       0x84 ..\obj\GPIO_func.o
                                0x100 (size before relaxing)
 .debug_str     0x00001349       0x75 ..\obj\TM_KEY.o
                                 0xe2 (size before relaxing)
 .debug_str     0x000013be      0x183 ..\obj\stm32l0xx_hal_uart_ex.o
                                0x1f0 (size before relaxing)
 .debug_str     0x00001541      0x17f ..\obj\stm32l0xx_hal_rcc.o
                                0x1ec (size before relaxing)
 .debug_str     0x000016c0      0x3c2 ..\obj\stm32l0xx_hal_uart.o
                                0x450 (size before relaxing)
 .debug_str     0x00001a82       0xa4 ..\obj\stm32l0xx_hal_msp_template.o
                                0x12b (size before relaxing)
 .debug_str     0x00001b26       0xa1 ..\obj\led.o
                                0x118 (size before relaxing)
 .debug_str     0x00001bc7      0x104 ..\obj\DS18x20.o
                                0x171 (size before relaxing)
 .debug_str     0x00001ccb      0x17e ..\obj\stm32l0xx_hal_cortex.o
                                0x26d (size before relaxing)
 .debug_str     0x00001e49       0x78 ..\obj\modem_call_func.o
                                 0xe5 (size before relaxing)
 .debug_str     0x00001ec1       0xc4 ..\obj\TIMs.o
                                0x140 (size before relaxing)

.debug_frame    0x00000000     0x2d88
 .debug_frame   0x00000000      0x394 ..\obj\guard_func.o
 .debug_frame   0x00000394       0xb0 ..\obj\modem_sms_func.o
 .debug_frame   0x00000444      0x274 ..\obj\1-Wire.o
 .debug_frame   0x000006b8      0x110 ..\obj\stm32l0xx_hal_gpio.o
 .debug_frame   0x000007c8       0x2c ..\obj\main_guard.o
 .debug_frame   0x000007f4      0x374 ..\obj\modem.o
 .debug_frame   0x00000b68      0x150 ..\obj\input.o
 .debug_frame   0x00000cb8       0xb0 ..\obj\my_string.o
 .debug_frame   0x00000d68       0x4c ..\obj\ADC_func.o
 .debug_frame   0x00000db4      0x2a8 ..\obj\UART.o
 .debug_frame   0x0000105c      0x368 ..\obj\stm32l0xx_hal.o
 .debug_frame   0x000013c4       0xe4 ..\obj\EEPROMfunc.o
 .debug_frame   0x000014a8      0x114 ..\obj\main.o
 .debug_frame   0x000015bc       0x78 ..\obj\sms_command.o
 .debug_frame   0x00001634      0x170 ..\obj\output.o
 .debug_frame   0x000017a4       0x4c ..\obj\system_stm32l0xx.o
 .debug_frame   0x000017f0       0x2c ..\obj\clock.o
 .debug_frame   0x0000181c      0x150 ..\obj\stm32l0xx_hal_dma.o
 .debug_frame   0x0000196c       0xac ..\obj\GPIO_func.o
 .debug_frame   0x00001a18       0x8c ..\obj\TM_KEY.o
 .debug_frame   0x00001aa4      0x130 ..\obj\stm32l0xx_hal_uart_ex.o
 .debug_frame   0x00001bd4      0x194 ..\obj\stm32l0xx_hal_rcc.o
 .debug_frame   0x00001d68      0x530 ..\obj\stm32l0xx_hal_uart.o
 .debug_frame   0x00002298       0x80 ..\obj\stm32l0xx_hal_msp_template.o
 .debug_frame   0x00002318      0x130 ..\obj\led.o
 .debug_frame   0x00002448      0x168 ..\obj\DS18x20.o
 .debug_frame   0x000025b0      0x264 ..\obj\stm32l0xx_hal_cortex.o
 .debug_frame   0x00002814       0x8c ..\obj\modem_call_func.o
 .debug_frame   0x000028a0      0x154 ..\obj\TIMs.o
 .debug_frame   0x000029f4       0x20 c:/program files (x86)/gnu tools arm embedded/5.4 2016q2/bin/../lib/gcc/arm-none-eabi/5.4.1/armv6-m\libgcc.a(_udivsi3.o)
 .debug_frame   0x00002a14       0x20 c:/program files (x86)/gnu tools arm embedded/5.4 2016q2/bin/../lib/gcc/arm-none-eabi/5.4.1/armv6-m\libgcc.a(_divsi3.o)
 .debug_frame   0x00002a34       0x2c c:/program files (x86)/gnu tools arm embedded/5.4 2016q2/bin/../lib/gcc/arm-none-eabi/5.4.1/armv6-m\libgcc.a(_fixunsdfsi.o)
 .debug_frame   0x00002a60       0x3c c:/program files (x86)/gnu tools arm embedded/5.4 2016q2/bin/../lib/gcc/arm-none-eabi/5.4.1/armv6-m\libgcc.a(adddf3.o)
 .debug_frame   0x00002a9c       0x3c c:/program files (x86)/gnu tools arm embedded/5.4 2016q2/bin/../lib/gcc/arm-none-eabi/5.4.1/armv6-m\libgcc.a(divdf3.o)
 .debug_frame   0x00002ad8       0x38 c:/program files (x86)/gnu tools arm embedded/5.4 2016q2/bin/../lib/gcc/arm-none-eabi/5.4.1/armv6-m\libgcc.a(eqdf2.o)
 .debug_frame   0x00002b10       0x38 c:/program files (x86)/gnu tools arm embedded/5.4 2016q2/bin/../lib/gcc/arm-none-eabi/5.4.1/armv6-m\libgcc.a(gedf2.o)
 .debug_frame   0x00002b48       0x38 c:/program files (x86)/gnu tools arm embedded/5.4 2016q2/bin/../lib/gcc/arm-none-eabi/5.4.1/armv6-m\libgcc.a(ledf2.o)
 .debug_frame   0x00002b80       0x3c c:/program files (x86)/gnu tools arm embedded/5.4 2016q2/bin/../lib/gcc/arm-none-eabi/5.4.1/armv6-m\libgcc.a(muldf3.o)
 .debug_frame   0x00002bbc       0x38 c:/program files (x86)/gnu tools arm embedded/5.4 2016q2/bin/../lib/gcc/arm-none-eabi/5.4.1/armv6-m\libgcc.a(subdf3.o)
 .debug_frame   0x00002bf4       0x2c c:/program files (x86)/gnu tools arm embedded/5.4 2016q2/bin/../lib/gcc/arm-none-eabi/5.4.1/armv6-m\libgcc.a(fixdfsi.o)
 .debug_frame   0x00002c20       0x2c c:/program files (x86)/gnu tools arm embedded/5.4 2016q2/bin/../lib/gcc/arm-none-eabi/5.4.1/armv6-m\libgcc.a(floatsidf.o)
 .debug_frame   0x00002c4c       0x2c c:/program files (x86)/gnu tools arm embedded/5.4 2016q2/bin/../lib/gcc/arm-none-eabi/5.4.1/armv6-m\libgcc.a(floatunsidf.o)
 .debug_frame   0x00002c78       0x2c c:/program files (x86)/gnu tools arm embedded/5.4 2016q2/bin/../lib/gcc/arm-none-eabi/5.4.1/../../../../arm-none-eabi/lib/armv6-m\libg.a(lib_a-init.o)
 .debug_frame   0x00002ca4       0x54 c:/program files (x86)/gnu tools arm embedded/5.4 2016q2/bin/../lib/gcc/arm-none-eabi/5.4.1/../../../../arm-none-eabi/lib/armv6-m\libg.a(lib_a-__call_atexit.o)
 .debug_frame   0x00002cf8       0x28 c:/program files (x86)/gnu tools arm embedded/5.4 2016q2/bin/../lib/gcc/arm-none-eabi/5.4.1/../../../../arm-none-eabi/lib/armv6-m\libg.a(lib_a-atexit.o)
 .debug_frame   0x00002d20       0x2c c:/program files (x86)/gnu tools arm embedded/5.4 2016q2/bin/../lib/gcc/arm-none-eabi/5.4.1/../../../../arm-none-eabi/lib/armv6-m\libg.a(lib_a-fini.o)
 .debug_frame   0x00002d4c       0x3c c:/program files (x86)/gnu tools arm embedded/5.4 2016q2/bin/../lib/gcc/arm-none-eabi/5.4.1/../../../../arm-none-eabi/lib/armv6-m\libg.a(lib_a-__atexit.o)

.debug_ranges   0x00000000       0x80
 .debug_ranges  0x00000000       0x18 ..\obj\1-Wire.o
 .debug_ranges  0x00000018       0x30 ..\obj\input.o
 .debug_ranges  0x00000048       0x20 ..\obj\startup_stm32l051xx.o
 .debug_ranges  0x00000068       0x18 ..\obj\modem_call_func.o
