Archive member included to satisfy reference by file (symbol)

c:/program files (x86)/gnu tools arm embedded/5.4 2016q2/bin/../lib/gcc/arm-none-eabi/5.4.1/armv6-m\libgcc.a(_udivsi3.o)
                              ..\obj\stm32l0xx_hal_i2s.o (__aeabi_uidiv)
c:/program files (x86)/gnu tools arm embedded/5.4 2016q2/bin/../lib/gcc/arm-none-eabi/5.4.1/armv6-m\libgcc.a(_divsi3.o)
                              ..\obj\input.o (__aeabi_idiv)
c:/program files (x86)/gnu tools arm embedded/5.4 2016q2/bin/../lib/gcc/arm-none-eabi/5.4.1/armv6-m\libgcc.a(_dvmd_tls.o)
                              c:/program files (x86)/gnu tools arm embedded/5.4 2016q2/bin/../lib/gcc/arm-none-eabi/5.4.1/armv6-m\libgcc.a(_udivsi3.o) (__aeabi_idiv0)
c:/program files (x86)/gnu tools arm embedded/5.4 2016q2/bin/../lib/gcc/arm-none-eabi/5.4.1/armv6-m\libgcc.a(_arm_cmpdf2.o)
                              ..\obj\guard_func.o (__aeabi_dcmplt)
c:/program files (x86)/gnu tools arm embedded/5.4 2016q2/bin/../lib/gcc/arm-none-eabi/5.4.1/armv6-m\libgcc.a(_fixunsdfsi.o)
                              ..\obj\guard_func.o (__aeabi_d2uiz)
c:/program files (x86)/gnu tools arm embedded/5.4 2016q2/bin/../lib/gcc/arm-none-eabi/5.4.1/armv6-m\libgcc.a(adddf3.o)
                              ..\obj\guard_func.o (__aeabi_dadd)
c:/program files (x86)/gnu tools arm embedded/5.4 2016q2/bin/../lib/gcc/arm-none-eabi/5.4.1/armv6-m\libgcc.a(divdf3.o)
                              ..\obj\guard_func.o (__aeabi_ddiv)
c:/program files (x86)/gnu tools arm embedded/5.4 2016q2/bin/../lib/gcc/arm-none-eabi/5.4.1/armv6-m\libgcc.a(eqdf2.o)
                              c:/program files (x86)/gnu tools arm embedded/5.4 2016q2/bin/../lib/gcc/arm-none-eabi/5.4.1/armv6-m\libgcc.a(_arm_cmpdf2.o) (__eqdf2)
c:/program files (x86)/gnu tools arm embedded/5.4 2016q2/bin/../lib/gcc/arm-none-eabi/5.4.1/armv6-m\libgcc.a(gedf2.o)
                              c:/program files (x86)/gnu tools arm embedded/5.4 2016q2/bin/../lib/gcc/arm-none-eabi/5.4.1/armv6-m\libgcc.a(_arm_cmpdf2.o) (__gedf2)
c:/program files (x86)/gnu tools arm embedded/5.4 2016q2/bin/../lib/gcc/arm-none-eabi/5.4.1/armv6-m\libgcc.a(ledf2.o)
                              c:/program files (x86)/gnu tools arm embedded/5.4 2016q2/bin/../lib/gcc/arm-none-eabi/5.4.1/armv6-m\libgcc.a(_arm_cmpdf2.o) (__ledf2)
c:/program files (x86)/gnu tools arm embedded/5.4 2016q2/bin/../lib/gcc/arm-none-eabi/5.4.1/armv6-m\libgcc.a(muldf3.o)
                              ..\obj\guard_func.o (__aeabi_dmul)
c:/program files (x86)/gnu tools arm embedded/5.4 2016q2/bin/../lib/gcc/arm-none-eabi/5.4.1/armv6-m\libgcc.a(subdf3.o)
                              c:/program files (x86)/gnu tools arm embedded/5.4 2016q2/bin/../lib/gcc/arm-none-eabi/5.4.1/armv6-m\libgcc.a(_fixunsdfsi.o) (__aeabi_dsub)
c:/program files (x86)/gnu tools arm embedded/5.4 2016q2/bin/../lib/gcc/arm-none-eabi/5.4.1/armv6-m\libgcc.a(fixdfsi.o)
                              c:/program files (x86)/gnu tools arm embedded/5.4 2016q2/bin/../lib/gcc/arm-none-eabi/5.4.1/armv6-m\libgcc.a(_fixunsdfsi.o) (__aeabi_d2iz)
c:/program files (x86)/gnu tools arm embedded/5.4 2016q2/bin/../lib/gcc/arm-none-eabi/5.4.1/armv6-m\libgcc.a(floatsidf.o)
                              ..\obj\guard_func.o (__aeabi_i2d)
c:/program files (x86)/gnu tools arm embedded/5.4 2016q2/bin/../lib/gcc/arm-none-eabi/5.4.1/armv6-m\libgcc.a(floatunsidf.o)
                              ..\obj\guard_func.o (__aeabi_ui2d)
c:/program files (x86)/gnu tools arm embedded/5.4 2016q2/bin/../lib/gcc/arm-none-eabi/5.4.1/armv6-m\libgcc.a(_clzsi2.o)
                              c:/program files (x86)/gnu tools arm embedded/5.4 2016q2/bin/../lib/gcc/arm-none-eabi/5.4.1/armv6-m\libgcc.a(adddf3.o) (__clzsi2)
c:/program files (x86)/gnu tools arm embedded/5.4 2016q2/bin/../lib/gcc/arm-none-eabi/5.4.1/../../../../arm-none-eabi/lib/armv6-m\libg.a(lib_a-exit.o)
                              c:/program files (x86)/gnu tools arm embedded/5.4 2016q2/bin/../lib/gcc/arm-none-eabi/5.4.1/../../../../arm-none-eabi/lib/armv6-m/crt0.o (exit)
c:/program files (x86)/gnu tools arm embedded/5.4 2016q2/bin/../lib/gcc/arm-none-eabi/5.4.1/../../../../arm-none-eabi/lib/armv6-m\libg.a(lib_a-impure.o)
                              c:/program files (x86)/gnu tools arm embedded/5.4 2016q2/bin/../lib/gcc/arm-none-eabi/5.4.1/../../../../arm-none-eabi/lib/armv6-m\libg.a(lib_a-exit.o) (_global_impure_ptr)
c:/program files (x86)/gnu tools arm embedded/5.4 2016q2/bin/../lib/gcc/arm-none-eabi/5.4.1/../../../../arm-none-eabi/lib/armv6-m\libg.a(lib_a-init.o)
                              c:/program files (x86)/gnu tools arm embedded/5.4 2016q2/bin/../lib/gcc/arm-none-eabi/5.4.1/../../../../arm-none-eabi/lib/armv6-m/crt0.o (__libc_init_array)
c:/program files (x86)/gnu tools arm embedded/5.4 2016q2/bin/../lib/gcc/arm-none-eabi/5.4.1/../../../../arm-none-eabi/lib/armv6-m\libg.a(lib_a-memset.o)
[...]
Memory Configuration

Name             Origin             Length             Attributes
rom              0x08000000         0x00010000         xr
ram              0x20000000         0x00002000         xrw
*default*        0x00000000         0xffffffff

Linker script and memory map

LOAD c:/program files (x86)/gnu tools arm embedded/5.4 2016q2/bin/../lib/gcc/arm-none-eabi/5.4.1/armv6-m/crti.o
LOAD c:/program files (x86)/gnu tools arm embedded/5.4 2016q2/bin/../lib/gcc/arm-none-eabi/5.4.1/armv6-m/crtbegin.o
LOAD c:/program files (x86)/gnu tools arm embedded/5.4 2016q2/bin/../lib/gcc/arm-none-eabi/5.4.1/../../../../arm-none-eabi/lib/armv6-m/crt0.o
                0x20002000                _eram = 0x20002000

.text           0x08000000     0xea58
 *(.isr_vector)
 .isr_vector    0x08000000       0xc0 ..\obj\startup_stm32l051xx.o
                0x08000000                g_pfnVectors
 *(.text*)
 .text          0x080000c0       0x60 c:/program files (x86)/gnu tools arm embedded/5.4 2016q2/bin/../lib/gcc/arm-none-eabi/5.4.1/armv6-m/crtbegin.o
 .text          0x08000120      0x2d4 ..\obj\TIMs.o
                0x0800014c                TIM2_init
                0x08000198                TIM21_init
                0x080001f0                TIM21_IRQHandler
                0x080002e0                TIM6_init
                0x08000310                set_timeout
                0x0800034c                while_timeout
                0x08000368                set_timeout_7
                0x08000384                while_timeout_7
                0x0800039c                reset_timer
                0x080003c0                TIM2_set_pwm_duty_cycle
 .text          0x080003f4      0x564 ..\obj\stm32l0xx_hal_gpio.o
                0x080003f4                HAL_GPIO_Init
                0x080006e0                HAL_GPIO_DeInit
                0x0800081c                HAL_GPIO_ReadPin
                0x08000858                HAL_GPIO_WritePin
                0x08000894                HAL_GPIO_TogglePin
                0x080008b8                HAL_GPIO_LockPin
                0x0800090c                HAL_GPIO_EXTI_IRQHandler
                0x08000944                HAL_GPIO_EXTI_Callback
 .text          0x08000958      0xb50 ..\obj\DS18x20.o
                0x08000958                read_ds18x20_settings
                0x08000a7c                set_ds18x20_settings
                0x08000c68                check_ds18x20_setting
                0x08000ca4                time_check_temp
                0x08000cc8                add_DS18x20
                0x08000d74                find_ds18x20
                0x08000e18                get_all_temp
                0x08000e74                get_DS18x20_count
                0x08000e88                get_flag_conv
                0x08000e9c                get_last_temp_DS18x20_by_number
                0x08000ec4                check_temperature
 .text          0x080014a8      0x1e4 ..\obj\EEPROMfunc.o
                0x080014a8                EEPROMInit
                0x080014cc                EEPROMEnable
                0x080014f4                EEPROMDisable
                0x08001510                EEPROMWrite
                0x080015a4                EEPROMRead
                0x0800160c                EEPROMRead_id
                0x0800162c                ERASE_EEPROM
 .text          0x0800168c      0x9cc ..\obj\input.o
                0x0800168c                read_inputs_settings
                0x08001808                set_input_settings
                0x08001a64                set_input_text
                0x08001b94                check_input
                0x08001cb0                check_inputs
                0x08001ea0                check_time_to_alarm
                0x08001f48                clear_alarm_input
                0x08001f98                get_alarm_input
                0x08001fac                add_input_text
                0x08002024                check_input_setting
 .text          0x08002058     0x113c ..\obj\modem.o
                0x08002058                read_numbers
                0x08002214                modem_time
                0x08002238                modem_online
                0x0800228c                modem_check_state
                0x08002324                MODEM_ON
                0x080023b4                MODEM_OFF
                0x08002444                modem_check_online
                0x08002464                modem_check_quality
                0x08002484                get_next_gsm_message
                0x0800259c                check_gsm_message
                0x080025b8                get_gsm_signal_quality
                0x080025cc                parse_gsm_message
                0x08002898                modem_free
                0x080028b4                clear_gsm_message
                0x080028f8                send_command_to_GSM
                0x0800297c                modem_setup
                0x08002a68                clear_output_sms_message
                0x08002a98                send_int_as_hex_to_GSM
                0x08002b38                int_to_hex
                0x08002b48                ucs_to_eng
                0x08002c78                usd_ucs_to_eng
                0x08002ca4                send_text_as_ucs
                0x08002dac                hexchar_to_dec
                0x08002dd8                convert_number_to_upd
                0x08002e38                convert_number_to_eng
                0x08002e98                check_number
                0x08002f38                modem_save_number
                0x08003078                parse_int_in_message
 .text          0x08003194      0x2c4 ..\obj\my_string.o
                0x08003194                find_str
                0x08003234                str_length
                0x08003260                str_add_str
                0x080032dc                str_add_num
                0x080033c8                get_size_number
 .text          0x08003458       0x34 ..\obj\clock.o
                0x08003458                set_core_clock
 .text          0x0800348c      0x490 ..\obj\stm32l0xx_hal.o
                0x0800348c                HAL_Init
                0x080034c0                HAL_DeInit
                0x08003524                HAL_InitTick
                0x0800355c                HAL_IncTick
                0x08003574                HAL_GetTick
                0x08003588                HAL_Delay
                0x080035b8                HAL_SuspendTick
                0x080035d4                HAL_ResumeTick
                0x080035f0                HAL_GetHalVersion
                0x08003600                HAL_GetREVID
                0x08003614                HAL_GetDEVID
                0x0800362c                HAL_EnableDBGSleepMode
                0x08003648                HAL_DisableDBGSleepMode
                0x08003664                HAL_EnableDBGStopMode
                0x08003680                HAL_DisableDBGStopMode
                0x0800369c                HAL_EnableDBGStandbyMode
                0x080036b8                HAL_DisableDBGStandbyMode
                0x080036d4                HAL_DBG_LowPowerConfig
                0x08003714                HAL_GetBootMode
                0x0800372c                HAL_I2CFastModePlusConfig
                0x0800376c                HAL_VREFINT_Cmd
                0x080037a8                HAL_VREFINT_OutputSelect
                0x080037d4                HAL_ADC_EnableBuffer_Cmd
                0x08003814                HAL_ADC_EnableBufferSensor_Cmd
                0x08003858                HAL_COMP_EnableBuffer_Cmd
                0x0800389c                HAL_RC48_EnableBuffer_Cmd
                0x080038e0                HAL_Lock_Cmd
 .text          0x0800391c      0x1dc ..\obj\main.o
                0x08003938                FULL_RESET
                0x08003954                FULL_ERASE_DEVICE
                0x08003974                EXTI0_IRQHandler
                0x08003980                EXTI9_5_IRQHandler
                0x0800398c                EXTI15_10_IRQHandler
                0x08003998                main
                0x080039dc                add_device_check
                0x08003ab4                add_device_mode
 .text          0x08003af8      0x6ac ..\obj\UART.o
                0x08003b24                UART1_init
                0x08003b94                UART2_init
                0x08003c04                UART3_init
                0x08003c70                send_string_to_GSM
                0x08003ca8                send_char_to_GSM
                0x08003cd4                send_char_to_UART2
                0x08003d00                send_string_to_UART2
                0x08003d38                send_char_to_UART3
                0x08003d64                send_string_to_UART3
                0x08003d9c                USART1_IRQHandler
                0x08003dbc                USART2_IRQHandler
                0x08003ddc                USART3_IRQHandler
                0x08003df8                USART_get_message
                0x08003e38                USART2_get_message
                0x08003e78                send_int_to_GSM
                0x08003f98                send_num_to_UART3
                0x08003fd8                send_num_to_UART3_as_hex
                0x0800402c                send_int_to_UART3
                0x08004058                UART2_get_next_data
                0x08004130                UART2_clear_buffer
                0x0800414c                UART2_check_buffer
                0x08004170                UART2_clear_message
 .text          0x080041a4      0x1b4 ..\obj\system_stm32l0xx.o
                0x080041a4                SystemInit
                0x08004220                SystemCoreClockUpdate
 .text.Reset_Handler
                0x08004358       0x50 ..\obj\startup_stm32l051xx.o
                0x08004358                Reset_Handler
 .text.Default_Handler
                0x080043a8        0x2 ..\obj\startup_stm32l051xx.o
                0x080043a8                DebugMon_Handler
                0x080043a8                HardFault_Handler
                0x080043a8                ADC1_COMP_IRQHandler
                0x080043a8                TIM6_IRQHandler
                0x080043a8                SysTick_Handler
                0x080043a8                PVD_IRQHandler
                0x080043a8                PendSV_Handler
                0x080043a8                NMI_Handler
                0x080043a8                I2C1_IRQHandler
                0x080043a8                SPI1_IRQHandler
                0x080043a8                EXTI2_3_IRQHandler
                0x080043a8                I2C2_IRQHandler
                0x080043a8                RTC_IRQHandler
                0x080043a8                DMA1_Channel4_5_6_7_IRQHandler
                0x080043a8                EXTI4_15_IRQHandler
                0x080043a8                RCC_IRQHandler
                0x080043a8                DMA1_Channel1_IRQHandler
                0x080043a8                Default_Handler
                0x080043a8                TIM22_IRQHandler
                0x080043a8                EXTI0_1_IRQHandler
                0x080043a8                SPI2_IRQHandler
                0x080043a8                SVC_Handler
                0x080043a8                WWDG_IRQHandler
                0x080043a8                LPUART1_IRQHandler
                0x080043a8                TIM2_IRQHandler
                0x080043a8                DMA1_Channel2_3_IRQHandler
                0x080043a8                FLASH_IRQHandler
                0x080043a8                LPTIM1_IRQHandler
 *fill*         0x080043aa        0x2 
 .text          0x080043ac      0xe10 ..\obj\stm32l0xx_hal_dma.o
                0x080043ac                HAL_DMA_Init
                0x08004570                HAL_DMA_DeInit
                0x08004880                HAL_DMA_Start
                0x080048e4                HAL_DMA_Start_IT
                0x08004978                HAL_DMA_Abort
                0x080049f8                HAL_DMA_PollForTransfer
                0x08004d74                HAL_DMA_IRQHandler
                0x08005148                HAL_DMA_GetState
                0x08005160                HAL_DMA_GetError
 .text          0x080051bc      0x3dc ..\obj\led.o
                0x080051bc                read_led_settings
                0x08005214                set_led_settings
                0x080052b0                led_on
                0x080052e8                led_off
                0x08005320                led_on_mode
                0x0800536c                led_off_mode
                0x080053b8                led_blink
                0x0800543c                led_blink_stop
                0x080054a0                check_led_blink
 .text          0x08005598       0x88 ..\obj\ADC_func.o
                0x08005598                ADC_init
                0x080055e8                ADC_read
 .text          0x08005620      0xc1c ..\obj\1-Wire.o
                0x08005620                one_wire_level
                0x0800563c                one_wire_write_bit
                0x080056b4                one_wire_write_byte
                0x08005704                one_wire_read_bit
                0x0800576c                one_wire_read_byte
                0x080057c4                onewire_skip_rom
                0x080057e4                one_wire_read_rom
                0x08005838                one_wire_send_presence
                0x0800589c                one_wire_low
                0x080058b0                one_wire_high
                0x080058c4                one_wire_enum_init
                0x08005904                one_wire_enum_next
                0x08005a84                one_wire_check_crc
                0x08005ae8                one_wire_crc_update
                0x08005b64                one_wire_skip
                0x08005b84                one_wire_start_conversion_temp
                0x08005bb0                one_wire_read_temp_to_address
                0x08005d30                one_wire_read_temp
                0x08005f4c                one_wire_check_keys
                0x08006074                one_wire_add_device
 .text          0x0800623c      0x38c ..\obj\stm32l0xx_hal_uart_ex.o
                0x0800623c                HAL_RS485Ex_Init
                0x08006310                HAL_UARTEx_WakeupCallback
                0x08006320                HAL_UARTEx_EnableStopMode
                0x08006370                HAL_UARTEx_EnableClockStopMode
                0x080063c4                HAL_UARTEx_DisableStopMode
                0x08006414                HAL_UARTEx_DisableClockStopMode
                0x08006468                HAL_UARTEx_StopModeWakeUpSourceConfig
                0x08006520                HAL_MultiProcessorEx_AddressLength_Set
 .text          0x080065c8      0xddc ..\obj\stm32l0xx_hal_rcc.o
                0x080065c8                HAL_RCC_DeInit
                0x08006610                HAL_RCC_OscConfig
                0x08006c2c                HAL_RCC_ClockConfig
                0x08006f74                HAL_RCC_MCOConfig
                0x08007000                HAL_RCC_EnableCSS
                0x0800701c                HAL_RCC_GetSysClockFreq
                0x0800711c                HAL_RCC_GetHCLKFreq
                0x08007154                HAL_RCC_GetPCLK1Freq
                0x08007184                HAL_RCC_GetPCLK2Freq
                0x080071b4                HAL_RCC_GetOscConfig
                0x0800730c                HAL_RCC_GetClockConfig
                0x08007370                HAL_RCC_NMI_IRQHandler
                0x08007398                HAL_RCC_CCSCallback
 .text          0x080073a4      0x258 ..\obj\TM_KEY.o
                0x080073a4                get_tm_key_number
                0x080073b8                read_TM_KEY_settings
                0x080074a8                add_TM_key
                0x08007554                find_key
 .text          0x080075fc      0x3d0 ..\obj\modem_sms_func.o
                0x080075fc                incoming_sms
                0x08007658                send_sms_message_for_all
                0x080076e4                modem_send_sms_message
                0x08007880                sms_ucs_to_eng
                0x080078dc                get_next_command_from_sms
 .text          0x080079cc      0x3f8 ..\obj\output.o
                0x080079cc                check_time_output_on
                0x08007a50                sms_control_output
                0x08007ab0                read_output_settings
                0x08007b08                set_output_settings
                0x08007bc0                output_on
                0x08007c04                output_off
                0x08007c48                output_on_mode
                0x08007c98                output_off_mode
                0x08007ce8                output_on_hand
                0x08007d24                output_off_hand
                0x08007d60                control_out_by_id_and_mode
 .text          0x08007dc4     0x1a6c ..\obj\stm32l0xx_hal_uart.o
                0x08007dc4                HAL_UART_Init
                0x08007e60                HAL_HalfDuplex_Init
                0x08007f04                HAL_LIN_Init
                0x08007fd4                HAL_MultiProcessor_Init
                0x080080b8                HAL_UART_DeInit
                0x08008124                HAL_UART_MspInit
                0x08008134                HAL_UART_MspDeInit
                0x08008144                HAL_UART_Transmit
                0x08008284                HAL_UART_Receive
                0x08008448                HAL_UART_Transmit_IT
                0x08008520                HAL_UART_Receive_IT
                0x08008670                HAL_UART_Transmit_DMA
                0x08008768                HAL_UART_Receive_DMA
                0x08008854                HAL_UART_DMAPause
                0x080088ec                HAL_UART_DMAResume
                0x08008994                HAL_UART_DMAStop
                0x080089f4                HAL_UART_IRQHandler
                0x08008b94                HAL_UART_TxCpltCallback
                0x08008ba4                HAL_UART_TxHalfCpltCallback
                0x08008bb4                HAL_UART_RxCpltCallback
                0x08008bc4                HAL_UART_RxHalfCpltCallback
                0x08008bd4                HAL_UART_ErrorCallback
                0x08008be4                HAL_MultiProcessor_EnableMuteMode
                0x08008c38                HAL_MultiProcessor_DisableMuteMode
                0x08008c8c                HAL_MultiProcessor_EnterMuteMode
                0x08008cac                HAL_HalfDuplex_EnableTransmitter
                0x08008d0c                HAL_HalfDuplex_EnableReceiver
                0x08008d6c                HAL_LIN_SendBreak
                0x08008dbc                HAL_UART_GetState
                0x08008dd4                HAL_UART_GetError
                0x0800918c                UART_SetConfig
                0x08009528                UART_CheckIdleState
                0x080095a0                UART_AdvFeatureConfig
                0x080096f8                UART_WaitOnFlagUntilTimeout
 .text          0x08009830      0x4f4 ..\obj\GPIO_func.o
                0x0800985c                init_one_wire_output
                0x080098a0                init_one_wire_input
                0x080098d8                GPIO_init
                0x08009d08                GPIO_interrupt_init
 .text          0x08009d24      0x360 ..\obj\modem_call_func.o
                0x08009d24                modem_call
                0x08009dc0                alarm_call
                0x08009eb8                incoming_call
                0x08009fd4                modem_no_carrier
 .text          0x0800a084       0x30 ..\obj\stm32l0xx_hal_msp_template.o
                0x0800a084                HAL_MspInit
                0x0800a090                HAL_MspDeInit
                0x0800a09c                HAL_PPP_MspInit
                0x0800a0a8                HAL_PPP_MspDeInit
 .text          0x0800a0b4      0x154 ..\obj\I2C.o
                0x0800a0b4                I2C_Init
                0x0800a140                I2C_MASTER_TRACSMITTED
                0x0800a16c                I2C_SLAVE_TRACSMITTED
                0x0800a1cc                I2C_SLAVE_RECIVE
 .text          0x0800a208      0x90c ..\obj\sms_command.o
                0x0800a208                parse_incoming_sms
                0x0800a8d0                sms_command_nn
                0x0800a98c                sms_command_r
 .text          0x0800ab14      0xdcc ..\obj\guard_func.o
                0x0800ab14                check_time_to_reset
                0x0800ab44                check_time_to_report
                0x0800ab70                check_send_report
                0x0800ab9c                set_time_to_reset
                0x0800abfc                setting_time_to_report
                0x0800ac7c                read_device_settings
                0x0800adc0                set_device_setting
                0x0800afb8                check_device_setting
                0x0800afdc                guard_on
                0x0800b010                guard_on_TM
                0x0800b068                guard_off
                0x0800b0b0                get_guard_st
                0x0800b0c4                get_alarm_st
                0x0800b0d8                changed_guard_sms
                0x0800b134                alarm_on
                0x0800b1b4                alarm_off
                0x0800b1e0                out_on_mode
                0x0800b208                out_off_mode
                0x0800b230                check_battery
                0x0800b4f0                setting_powered
                0x0800b5dc                get_powered
                0x0800b5f0                TM_check_time
                0x0800b614                check_TM
                0x0800b6a0                read_settings
                0x0800b6cc                check_lamp_blink_time
                0x0800b720                check_time_to_guard_on
                0x0800b74c                clear_last_control_guard
                0x0800b77c                check_guard_change
                0x0800b7cc                set_new_guard_st
                0x0800b7ec                checkValidCode
 .text          0x0800b8e0      0x38c ..\obj\stm32l0xx_hal_cortex.o
                0x0800bb20                HAL_NVIC_SetPriority
                0x0800bb4c                HAL_NVIC_EnableIRQ
                0x0800bb6c                HAL_NVIC_DisableIRQ
                0x0800bb8c                HAL_NVIC_SystemReset
                0x0800bb9c                HAL_SYSTICK_Config
                0x0800bbb8                HAL_NVIC_SetPendingIRQ
                0x0800bbd8                HAL_NVIC_GetPendingIRQ
                0x0800bbfc                HAL_NVIC_ClearPendingIRQ
                0x0800bc1c                HAL_SYSTICK_CLKSourceConfig
                0x0800bc50                HAL_SYSTICK_IRQHandler
                0x0800bc60                HAL_SYSTICK_Callback
 .text          0x0800bc6c      0x114 c:/program files (x86)/gnu tools arm embedded/5.4 2016q2/bin/../lib/gcc/arm-none-eabi/5.4.1/armv6-m\libgcc.a(_udivsi3.o)
                0x0800bc6c                __aeabi_uidiv
                0x0800bc6c                __udivsi3
                0x0800bd78                __aeabi_uidivmod
 .text          0x0800bd80      0x1d4 c:/program files (x86)/gnu tools arm embedded/5.4 2016q2/bin/../lib/gcc/arm-none-eabi/5.4.1/armv6-m\libgcc.a(_divsi3.o)
                0x0800bd80                __divsi3
                0x0800bd80                __aeabi_idiv
                0x0800bf4c                __aeabi_idivmod
 .text          0x0800bf54        0x4 c:/program files (x86)/gnu tools arm embedded/5.4 2016q2/bin/../lib/gcc/arm-none-eabi/5.4.1/armv6-m\libgcc.a(_dvmd_tls.o)
                0x0800bf54                __aeabi_idiv0
                0x0800bf54                __aeabi_ldiv0
 .text          0x0800bf58       0x7c c:/program files (x86)/gnu tools arm embedded/5.4 2016q2/bin/../lib/gcc/arm-none-eabi/5.4.1/armv6-m\libgcc.a(_arm_cmpdf2.o)
                0x0800bf58                __aeabi_cdrcmple
                0x0800bf68                __aeabi_cdcmple
                0x0800bf68                __aeabi_cdcmpeq
                0x0800bf78                __aeabi_dcmpeq
                0x0800bf84                __aeabi_dcmplt
                0x0800bf98                __aeabi_dcmple
                0x0800bfac                __aeabi_dcmpgt
                0x0800bfc0                __aeabi_dcmpge
 .text          0x0800bfd4       0x3c c:/program files (x86)/gnu tools arm embedded/5.4 2016q2/bin/../lib/gcc/arm-none-eabi/5.4.1/armv6-m\libgcc.a(_fixunsdfsi.o)
                0x0800bfd4                __aeabi_d2uiz
                0x0800bfd4                __fixunsdfsi
 .text          0x0800c010      0x658 c:/program files (x86)/gnu tools arm embedded/5.4 2016q2/bin/../lib/gcc/arm-none-eabi/5.4.1/armv6-m\libgcc.a(adddf3.o)
                0x0800c010                __aeabi_dadd
 .text          0x0800c668      0x62c c:/program files (x86)/gnu tools arm embedded/5.4 2016q2/bin/../lib/gcc/arm-none-eabi/5.4.1/armv6-m\libgcc.a(divdf3.o)
                0x0800c668                __aeabi_ddiv
 .text          0x0800cc94       0x80 c:/program files (x86)/gnu tools arm embedded/5.4 2016q2/bin/../lib/gcc/arm-none-eabi/5.4.1/armv6-m\libgcc.a(eqdf2.o)
                0x0800cc94                __nedf2
                0x0800cc94                __eqdf2
 .text          0x0800cd14       0xc8 c:/program files (x86)/gnu tools arm embedded/5.4 2016q2/bin/../lib/gcc/arm-none-eabi/5.4.1/armv6-m\libgcc.a(gedf2.o)
                0x0800cd14                __gedf2
                0x0800cd14                __gtdf2
 .text          0x0800cddc       0xd4 c:/program files (x86)/gnu tools arm embedded/5.4 2016q2/bin/../lib/gcc/arm-none-eabi/5.4.1/armv6-m\libgcc.a(ledf2.o)
                0x0800cddc                __ledf2
                0x0800cddc                __ltdf2
 .text          0x0800ceb0      0x4f4 c:/program files (x86)/gnu tools arm embedded/5.4 2016q2/bin/../lib/gcc/arm-none-eabi/5.4.1/armv6-m\libgcc.a(muldf3.o)
                0x0800ceb0                __aeabi_dmul
 .text          0x0800d3a4      0x6a8 c:/program files (x86)/gnu tools arm embedded/5.4 2016q2/bin/../lib/gcc/arm-none-eabi/5.4.1/armv6-m\libgcc.a(subdf3.o)
                0x0800d3a4                __aeabi_dsub
 .text          0x0800da4c       0x6c c:/program files (x86)/gnu tools arm embedded/5.4 2016q2/bin/../lib/gcc/arm-none-eabi/5.4.1/armv6-m\libgcc.a(fixdfsi.o)
                0x0800da4c                __aeabi_d2iz
 .text          0x0800dab8       0x84 c:/program files (x86)/gnu tools arm embedded/5.4 2016q2/bin/../lib/gcc/arm-none-eabi/5.4.1/armv6-m\libgcc.a(floatsidf.o)
                0x0800dab8                __aeabi_i2d
 .text          0x0800db3c       0x70 c:/program files (x86)/gnu tools arm embedded/5.4 2016q2/bin/../lib/gcc/arm-none-eabi/5.4.1/armv6-m\libgcc.a(floatunsidf.o)
                0x0800db3c                __aeabi_ui2d
 .text          0x0800dbac       0x3c c:/program files (x86)/gnu tools arm embedded/5.4 2016q2/bin/../lib/gcc/arm-none-eabi/5.4.1/armv6-m\libgcc.a(_clzsi2.o)
                0x0800dbac                __clzsi2
 .text.__libc_init_array
                0x0800dbe8       0x48 c:/program files (x86)/gnu tools arm embedded/5.4 2016q2/bin/../lib/gcc/arm-none-eabi/5.4.1/../../../../arm-none-eabi/lib/armv6-m\libg.a(lib_a-init.o)
                0x0800dbe8                __libc_init_array
 .text.startup.register_fini
                0x0800dc30       0x18 c:/program files (x86)/gnu tools arm embedded/5.4 2016q2/bin/../lib/gcc/arm-none-eabi/5.4.1/../../../../arm-none-eabi/lib/armv6-m\libg.a(lib_a-__call_atexit.o)
 .text.atexit   0x0800dc48       0x10 c:/program files (x86)/gnu tools arm embedded/5.4 2016q2/bin/../lib/gcc/arm-none-eabi/5.4.1/../../../../arm-none-eabi/lib/armv6-m\libg.a(lib_a-atexit.o)
                0x0800dc48                atexit
 .text.__libc_fini_array
                0x0800dc58       0x34 c:/program files (x86)/gnu tools arm embedded/5.4 2016q2/bin/../lib/gcc/arm-none-eabi/5.4.1/../../../../arm-none-eabi/lib/armv6-m\libg.a(lib_a-fini.o)
                0x0800dc58                __libc_fini_array
 .text.__register_exitproc
                0x0800dc8c       0xd4 c:/program files (x86)/gnu tools arm embedded/5.4 2016q2/bin/../lib/gcc/arm-none-eabi/5.4.1/../../../../arm-none-eabi/lib/armv6-m\libg.a(lib_a-__atexit.o)
                0x0800dc8c                __register_exitproc
 *(.init)
 .init          0x0800dd60        0x4 c:/program files (x86)/gnu tools arm embedded/5.4 2016q2/bin/../lib/gcc/arm-none-eabi/5.4.1/armv6-m/crti.o
                0x0800dd60                _init
 .init          0x0800dd64        0x8 c:/program files (x86)/gnu tools arm embedded/5.4 2016q2/bin/../lib/gcc/arm-none-eabi/5.4.1/armv6-m/crtn.o
 *(.fini)
 .fini          0x0800dd6c        0x4 c:/program files (x86)/gnu tools arm embedded/5.4 2016q2/bin/../lib/gcc/arm-none-eabi/5.4.1/armv6-m/crti.o
                0x0800dd6c                _fini
 .fini          0x0800dd70        0x8 c:/program files (x86)/gnu tools arm embedded/5.4 2016q2/bin/../lib/gcc/arm-none-eabi/5.4.1/armv6-m/crtn.o
 *crtbegin.o(.ctors)
 *crtbegin?.o(.ctors)
 *(EXCLUDE_FILE(*crtend.o *crtend?.o) .ctors)
 *(SORT(.ctors.*))
 *(.ctors)
 *crtbegin.o(.dtors)
 *crtbegin?.o(.dtors)
 *(EXCLUDE_FILE(*crtend.o *crtend?.o) .dtors)
 *(SORT(.dtors.*))
 *(.dtors)
 *(.rodata*)
 .rodata        0x0800dd78      0x127 ..\obj\DS18x20.o
 *fill*         0x0800de9f        0x1 
 .rodata        0x0800dea0       0x21 ..\obj\EEPROMfunc.o
 *fill*         0x0800dec1        0x3 
 .rodata        0x0800dec4       0xf6 ..\obj\input.o
 *fill*         0x0800dfba        0x2 
 .rodata        0x0800dfbc      0x2de ..\obj\modem.o
 *fill*         0x0800e29a        0x2 
 .rodata        0x0800e29c       0x69 ..\obj\main.o
 *fill*         0x0800e305        0x3 
 .rodata        0x0800e308       0x28 ..\obj\led.o
 .rodata        0x0800e330       0x42 ..\obj\1-Wire.o
 *fill*         0x0800e372        0x2 
 .rodata        0x0800e374       0x1c ..\obj\stm32l0xx_hal_rcc.o
                0x0800e374                MSIRangeTable
 .rodata        0x0800e390       0x12 ..\obj\TM_KEY.o
 *fill*         0x0800e3a2        0x2 
 .rodata        0x0800e3a4       0xb3 ..\obj\modem_sms_func.o
 *fill*         0x0800e457        0x1 
 .rodata        0x0800e458       0x2c ..\obj\output.o
 .rodata        0x0800e484       0x48 ..\obj\stm32l0xx_hal_uart.o
 .rodata        0x0800e4cc       0xa9 ..\obj\modem_call_func.o
 *fill*         0x0800e575        0x3 
 .rodata        0x0800e578      0x183 ..\obj\sms_command.o
 *fill*         0x0800e6fb        0x1 
 .rodata        0x0800e6fc      0x2d2 ..\obj\guard_func.o
 *fill*         0x0800e9ce        0x2 
 .rodata        0x0800e9d0       0x40 c:/program files (x86)/gnu tools arm embedded/5.4 2016q2/bin/../lib/gcc/arm-none-eabi/5.4.1/armv6-m\libgcc.a(divdf3.o)
 .rodata        0x0800ea10       0x40 c:/program files (x86)/gnu tools arm embedded/5.4 2016q2/bin/../lib/gcc/arm-none-eabi/5.4.1/armv6-m\libgcc.a(muldf3.o)
 .rodata.str1.4
                0x0800ea50        0x4 c:/program files (x86)/gnu tools arm embedded/5.4 2016q2/bin/../lib/gcc/arm-none-eabi/5.4.1/../../../../arm-none-eabi/lib/armv6-m\libg.a(lib_a-impure.o)
                                  0x2 (size before relaxing)
 .rodata._global_impure_ptr
                0x0800ea54        0x4 c:/program files (x86)/gnu tools arm embedded/5.4 2016q2/bin/../lib/gcc/arm-none-eabi/5.4.1/../../../../arm-none-eabi/lib/armv6-m\libg.a(lib_a-impure.o)
                0x0800ea54                _global_impure_ptr
 *(.eh_fram e*)

.eh_frame       0x0800ea58        0x0
 .eh_frame      0x0800ea58        0x0 c:/program files (x86)/gnu tools arm embedded/5.4 2016q2/bin/../lib/gcc/arm-none-eabi/5.4.1/armv6-m/crtbegin.o

.glue_7         0x0800ea58        0x0
 .glue_7        0x0800ea58        0x0 linker stubs

.glue_7t        0x0800ea58        0x0
 .glue_7t       0x0800ea58        0x0 linker stubs

.vfp11_veneer   0x0800ea58        0x0
 .vfp11_veneer  0x0800ea58        0x0 linker stubs

.v4_bx          0x0800ea58        0x0
 .v4_bx         0x0800ea58        0x0 linker stubs

.iplt           0x0800ea58        0x0
 .iplt          0x0800ea58        0x0 c:/program files (x86)/gnu tools arm embedded/5.4 2016q2/bin/../lib/gcc/arm-none-eabi/5.4.1/armv6-m/crtbegin.o

.rel.dyn        0x0800ea58        0x0
 .rel.iplt      0x0800ea58        0x0 c:/program files (x86)/gnu tools arm embedded/5.4 2016q2/bin/../lib/gcc/arm-none-eabi/5.4.1/armv6-m/crtbegin.o

.ARM.extab
 *(.ARM.extab* .gnu.linkonce.armextab.*)
                0x0800ea58                __exidx_start = .

.ARM.exidx
 *(.ARM.exidx* .gnu.linkonce.armexidx.*)
                0x0800ea58                __exidx_end = .
                0x0800ea58                __etext = .
                0x0800ea58                _sidata = __etext

.data           0x20000000      0x6f8 load address 0x0800ea58
                0x20000000                __data_start__ = .
                0x20000000                _sdata = __data_start__
 *(vtable)
 *(.data*)
 .data          0x20000000       0x70 ..\obj\DS18x20.o
                0x20000000                DS18x20
 .data          0x20000070      0x146 ..\obj\input.o
                0x20000070                input
                0x200001b4                time_to_alarm
 *fill*         0x200001b6        0x2 
 .data          0x200001b8       0x3c ..\obj\modem.o
                0x200001b8                tel
 .data          0x200001f4       0x1d ..\obj\system_stm32l0xx.o
                0x200001f4                SystemCoreClock
                0x200001f8                AHBPrescTable
                0x20000208                PLLMulTable
 *fill*         0x20000211        0x3 
 .data          0x20000214       0x3c ..\obj\led.o
                0x20000214                led
 .data          0x20000250       0x1c ..\obj\stm32l0xx_hal_rcc.o
 .data          0x2000026c       0x3c ..\obj\output.o
                0x2000026c                output
 .data          0x200002a8        0x4 ..\obj\modem_call_func.o
                0x200002a8                modem_call_state
 .data          0x200002ac        0xf ..\obj\guard_func.o
                0x200002ac                last_control_ID_number
                0x200002ad                u_220V
                0x200002ae                u_batt
                0x200002af                u_coef
                0x200002b0                input_coef
                0x200002b2                time_set_alarm
                0x200002b4                time_to_guard_on
                0x200002b6                lamp_blink_time
                0x200002b8                time_to_report
                0x200002ba                set_time_to_report
 *fill*         0x200002bb        0x5 
 .data.impure_data
                0x200002c0      0x428 c:/program files (x86)/gnu tools arm embedded/5.4 2016q2/bin/../lib/gcc/arm-none-eabi/5.4.1/../../../../arm-none-eabi/lib/armv6-m\libg.a(lib_a-impure.o)
                0x200006e8                . = ALIGN (0x4)
                0x200006e8                PROVIDE (__preinit_array_start, .)
 *(.preinit_array)
                0x200006e8                PROVIDE (__preinit_array_end, .)
                0x200006e8                . = ALIGN (0x4)
                0x200006e8                PROVIDE (__init_array_start, .)
 *(SORT(.init_array.*))
 .init_array.00000
                0x200006e8        0x4 c:/program files (x86)/gnu tools arm embedded/5.4 2016q2/bin/../lib/gcc/arm-none-eabi/5.4.1/../../../../arm-none-eabi/lib/armv6-m\libg.a(lib_a-__call_atexit.o)
 *(.init_array)
 .init_array    0x200006ec        0x4 c:/program files (x86)/gnu tools arm embedded/5.4 2016q2/bin/../lib/gcc/arm-none-eabi/5.4.1/armv6-m/crtbegin.o
                0x200006f0                PROVIDE (__init_array_end, .)
                0x200006f0                . = ALIGN (0x4)
                0x200006f0                PROVIDE (__fini_array_start, .)
 *(SORT(.fini_array.*))
 *(.fini_array)
 .fini_array    0x200006f0        0x4 c:/program files (x86)/gnu tools arm embedded/5.4 2016q2/bin/../lib/gcc/arm-none-eabi/5.4.1/armv6-m/crtbegin.o
                0x200006f4                PROVIDE (__fini_array_end, .)
 *(.jcr*)
 .jcr           0x200006f4        0x0 c:/program files (x86)/gnu tools arm embedded/5.4 2016q2/bin/../lib/gcc/arm-none-eabi/5.4.1/armv6-m/crtbegin.o
 .jcr           0x200006f4        0x4 c:/program files (x86)/gnu tools arm embedded/5.4 2016q2/bin/../lib/gcc/arm-none-eabi/5.4.1/armv6-m/crtend.o
                0x200006f8                . = ALIGN (0x4)
                0x200006f8                __data_end__ = .
                0x200006f8                _edata = __data_end__

.igot.plt       0x200006f8        0x0 load address 0x0800f150
 .igot.plt      0x200006f8        0x0 c:/program files (x86)/gnu tools arm embedded/5.4 2016q2/bin/../lib/gcc/arm-none-eabi/5.4.1/armv6-m/crtbegin.o

.bss            0x200006f8      0x94c load address 0x0800f150
                0x200006f8                . = ALIGN (0x4)
                0x200006f8                __bss_start__ = .
                0x200006f8                _sbss = __bss_start__
 *(.bss*)
 .bss           0x200006f8       0x1c c:/program files (x86)/gnu tools arm embedded/5.4 2016q2/bin/../lib/gcc/arm-none-eabi/5.4.1/armv6-m/crtbegin.o
 .bss           0x20000714        0x8 ..\obj\TIMs.o
                0x20000714                state_check_term
 .bss           0x2000071c        0x3 ..\obj\DS18x20.o
                0x2000071c                ds18x20_number
                0x2000071d                time_to_check_temp
                0x2000071e                flag_conv
 .bss           0x2000071f        0x1 ..\obj\input.o
                0x2000071f                last_input_alarm
 .bss           0x20000720       0x12 ..\obj\modem.o
                0x20000720                modem_action
                0x20000724                modem_state
                0x20000728                gsm_message_check_counter
                0x2000072c                modem_time_on
                0x20000730                modem_setup_ok
                0x20000731                modem_time_check
 *fill*         0x20000732        0x2 
 .bss           0x20000734        0x4 ..\obj\stm32l0xx_hal.o
 .bss           0x20000738        0xc ..\obj\UART.o
                0x20000738                gsm_buffer_char_counter
                0x2000073c                uart2_buffer_char_counter
                0x20000740                uart2_check_counter
 .bss           0x20000744        0x1 ..\obj\modem_call_func.o
                0x20000744                incoming_rings
 *fill*         0x20000745        0x3 
 .bss           0x20000748       0x14 ..\obj\guard_func.o
                0x20000748                powered
                0x20000749                device_settings
                0x2000074a                time_to_check_TM
                0x2000074c                time_set_to_guard_on
                0x2000074e                alarm_st
                0x2000074f                guard_st
                0x20000750                time_to_full_reset
 *(COMMON)
 COMMON         0x2000075c      0x208 ..\obj\TIMs.o
                0x2000075c                gsm_message
                0x200008bc                output_sms_message
                0x20000904                input_sms_message
                0x2000094c                last_control_guard
                0x2000095c                EEPROMAddress
                0x20000960                timeout_7
 COMMON         0x20000964      0x40a ..\obj\modem.o
                0x20000964                gsm_signal_quality
                0x20000968                modem_errors
                0x2000096c                gsm_buffer
                0x20000d54                UART2_message
 *fill*         0x20000d6e        0x2 
 COMMON         0x20000d70      0x248 ..\obj\UART.o
                0x20000d70                uart2_buffer
                0x20000e74                huart3
                0x20000ee0                huart1
                0x20000f4c                huart2
 COMMON         0x20000fb8        0xc ..\obj\1-Wire.o
                0x20000fb8                onewire_enum_fork_bit
                0x20000fbc                onewire_enum
 COMMON         0x20000fc4       0x6d ..\obj\TM_KEY.o
                0x20000fc4                TM_KEY
                0x20001030                tm_key_number
 *fill*         0x20001031        0x3 
 COMMON         0x20001034        0xe ..\obj\guard_func.o
                0x20001034                new_guard_st
                0x20001038                tel_number_temp
                0x20001044                . = ALIGN (0x4)
 *fill*         0x20001042        0x2 
                0x20001044                __bss_end__ = .
                0x20001044                _ebss = __bss_end__

.heap           0x20001044        0x0
                0x20001044                __end__ = .
                0x20001044                _end = __end__
                0x20001044                end = __end__
 *(.heap*)
                0x20001044                __HeapLimit = .

.co_stack       0x20001044        0x4 load address 0x0800fa9c
                0x20001048                . = ALIGN (0x8)
 *fill*         0x20001044        0x4 
 *(.co_stack .co_stack.*)
                0x20002000                __StackTop = (ORIGIN (ram) + LENGTH (ram))
                0x20001ffc                __StackLimit = (__StackTop - SIZEOF (.co_stack))
                0x20002000                PROVIDE (__stack, __StackTop)
                0x00000001                ASSERT ((__StackLimit >= __HeapLimit), region ram  overflowed with stack)
LOAD ..\obj\stm32l0xx_hal_tsc.o
LOAD ..\obj\stm32l0xx_hal_i2s.o
LOAD ..\obj\TIMs.o
LOAD ..\obj\stm32l0xx_hal_pwr.o
LOAD ..\obj\stm32l0xx_hal_gpio.o
LOAD ..\obj\stm32l0xx_hal_wwdg.o
LOAD ..\obj\stm32l0xx_hal_tim.o
LOAD ..\obj\FingerPrint.o
LOAD ..\obj\stm32l0xx_hal_smbus.o
LOAD ..\obj\DS18x20.o
LOAD ..\obj\stm32l0xx_hal_flash_ex.o
LOAD ..\obj\main_guard.o
LOAD ..\obj\EEPROMfunc.o
LOAD ..\obj\input.o
LOAD ..\obj\stm32l0xx_hal_smartcard_ex.o
LOAD ..\obj\modem.o
LOAD ..\obj\stm32l0xx_hal_rng.o
LOAD ..\obj\my_string.o
LOAD ..\obj\clock.o
LOAD ..\obj\stm32l0xx_hal_crc.o
LOAD ..\obj\stm32l0xx_hal_rtc.o
LOAD ..\obj\stm32l0xx_hal.o
LOAD ..\obj\stm32l0xx_hal_i2c_ex.o
LOAD ..\obj\main.o
LOAD ..\obj\UART.o
LOAD ..\obj\system_stm32l0xx.o
LOAD ..\obj\stm32l0xx_hal_irda.o
LOAD ..\obj\stm32l0xx_hal_flash.o
LOAD ..\obj\startup_stm32l051xx.o
LOAD ..\obj\stm32l0xx_hal_i2c.o
LOAD ..\obj\stm32l0xx_hal_pcd.o
LOAD ..\obj\stm32l0xx_hal_dma.o
LOAD ..\obj\stm32l0xx_hal_cryp_ex.o
LOAD ..\obj\led.o
LOAD ..\obj\ADC_func.o
LOAD ..\obj\stm32l0xx_hal_iwdg.o
LOAD ..\obj\stm32l0xx_hal_smartcard.o
LOAD ..\obj\1-Wire.o
LOAD ..\obj\stm32l0xx_hal_flash_ramfunc.o
LOAD ..\obj\stm32l0xx_hal_comp.o
LOAD ..\obj\stm32l0xx_hal_rtc_ex.o
LOAD ..\obj\stm32l0xx_hal_uart_ex.o
LOAD ..\obj\stm32l0xx_hal_rcc.o
LOAD ..\obj\stm32l0xx_hal_pcd_ex.o
LOAD ..\obj\TM_KEY.o
LOAD ..\obj\stm32l0xx_hal_dac_ex.o
LOAD ..\obj\stm32l0xx_hal_rcc_ex.o
LOAD ..\obj\modem_sms_func.o
LOAD ..\obj\stm32l0xx_hal_lcd.o
LOAD ..\obj\output.o
LOAD ..\obj\stm32l0xx_hal_usart.o
LOAD ..\obj\stm32l0xx_hal_adc_ex.o
LOAD ..\obj\stm32l0xx_hal_lptim.o
LOAD ..\obj\stm32l0xx_hal_spi.o
LOAD ..\obj\stm32l0xx_hal_uart.o
LOAD ..\obj\GPIO_func.o
LOAD ..\obj\stm32l0xx_hal_cryp.o
LOAD ..\obj\modem_call_func.o
LOAD ..\obj\stm32l0xx_hal_adc.o
LOAD ..\obj\stm32l0xx_hal_msp_template.o
LOAD ..\obj\I2C.o
LOAD ..\obj\stm32l0xx_hal_pwr_ex.o
LOAD ..\obj\stm32l0xx_hal_tim_ex.o
LOAD ..\obj\sms_command.o
LOAD ..\obj\stm32l0xx_hal_dac.o
LOAD ..\obj\guard_func.o
LOAD ..\obj\stm32l0xx_hal_cortex.o
LOAD ..\obj\stm32l0xx_hal_crc_ex.o
START GROUP
LOAD c:/program files (x86)/gnu tools arm embedded/5.4 2016q2/bin/../lib/gcc/arm-none-eabi/5.4.1/armv6-m\libgcc.a
LOAD c:/program files (x86)/gnu tools arm embedded/5.4 2016q2/bin/../lib/gcc/arm-none-eabi/5.4.1/../../../../arm-none-eabi/lib/armv6-m\libg.a
LOAD c:/program files (x86)/gnu tools arm embedded/5.4 2016q2/bin/../lib/gcc/arm-none-eabi/5.4.1/../../../../arm-none-eabi/lib/armv6-m\libc.a
END GROUP
LOAD c:/program files (x86)/gnu tools arm embedded/5.4 2016q2/bin/../lib/gcc/arm-none-eabi/5.4.1/armv6-m/crtend.o
LOAD c:/program files (x86)/gnu tools arm embedded/5.4 2016q2/bin/../lib/gcc/arm-none-eabi/5.4.1/armv6-m/crtn.o
OUTPUT(GuardOnSTM32l051.elf elf32-littlearm)

.ARM.attributes
                0x00000000       0x28
 .ARM.attributes
                0x00000000       0x1e c:/program files (x86)/gnu tools arm embedded/5.4 2016q2/bin/../lib/gcc/arm-none-eabi/5.4.1/armv6-m/crti.o
 .ARM.attributes
                0x0000001e       0x2c c:/program files (x86)/gnu tools arm embedded/5.4 2016q2/bin/../lib/gcc/arm-none-eabi/5.4.1/armv6-m/crtbegin.o
 .ARM.attributes
                0x0000004a       0x32 ..\obj\TIMs.o
 .ARM.attributes
                0x0000007c       0x32 ..\obj\stm32l0xx_hal_gpio.o
 .ARM.attributes
                0x000000ae       0x32 ..\obj\DS18x20.o
 .ARM.attributes
                0x000000e0       0x32 ..\obj\EEPROMfunc.o
 .ARM.attributes
                0x00000112       0x32 ..\obj\input.o
 .ARM.attributes
                0x00000144       0x32 ..\obj\modem.o
 .ARM.attributes
                0x00000176       0x32 ..\obj\my_string.o
 .ARM.attributes
                0x000001a8       0x32 ..\obj\clock.o
 .ARM.attributes
                0x000001da       0x32 ..\obj\stm32l0xx_hal.o
 .ARM.attributes
                0x0000020c       0x32 ..\obj\main.o
 .ARM.attributes
                0x0000023e       0x32 ..\obj\UART.o
 .ARM.attributes
                0x00000270       0x32 ..\obj\system_stm32l0xx.o
 .ARM.attributes
                0x000002a2       0x22 ..\obj\startup_stm32l051xx.o
 .ARM.attributes
                0x000002c4       0x32 ..\obj\stm32l0xx_hal_dma.o
 .ARM.attributes
                0x000002f6       0x32 ..\obj\led.o
 .ARM.attributes
                0x00000328       0x32 ..\obj\ADC_func.o
 .ARM.attributes
                0x0000035a       0x32 ..\obj\1-Wire.o
 .ARM.attributes
                0x0000038c       0x32 ..\obj\stm32l0xx_hal_uart_ex.o
 .ARM.attributes
                0x000003be       0x32 ..\obj\stm32l0xx_hal_rcc.o
 .ARM.attributes
                0x000003f0       0x32 ..\obj\TM_KEY.o
 .ARM.attributes
                0x00000422       0x32 ..\obj\modem_sms_func.o
 .ARM.attributes
                0x00000454       0x32 ..\obj\output.o
 .ARM.attributes
                0x00000486       0x32 ..\obj\stm32l0xx_hal_uart.o
 .ARM.attributes
                0x000004b8       0x32 ..\obj\GPIO_func.o
 .ARM.attributes
                0x000004ea       0x32 ..\obj\modem_call_func.o
 .ARM.attributes
                0x0000051c       0x32 ..\obj\stm32l0xx_hal_msp_template.o
 .ARM.attributes
                0x0000054e       0x32 ..\obj\I2C.o
 .ARM.attributes
                0x00000580       0x32 ..\obj\sms_command.o
 .ARM.attributes
                0x000005b2       0x32 ..\obj\guard_func.o
 .ARM.attributes
                0x000005e4       0x32 ..\obj\stm32l0xx_hal_cortex.o
 .ARM.attributes
                0x00000616       0x1e c:/program files (x86)/gnu tools arm embedded/5.4 2016q2/bin/../lib/gcc/arm-none-eabi/5.4.1/armv6-m\libgcc.a(_udivsi3.o)
 .ARM.attributes
                0x00000634       0x1e c:/program files (x86)/gnu tools arm embedded/5.4 2016q2/bin/../lib/gcc/arm-none-eabi/5.4.1/armv6-m\libgcc.a(_divsi3.o)
 .ARM.attributes
                0x00000652       0x1e c:/program files (x86)/gnu tools arm embedded/5.4 2016q2/bin/../lib/gcc/arm-none-eabi/5.4.1/armv6-m\libgcc.a(_dvmd_tls.o)
 .ARM.attributes
                0x00000670       0x1e c:/program files (x86)/gnu tools arm embedded/5.4 2016q2/bin/../lib/gcc/arm-none-eabi/5.4.1/armv6-m\libgcc.a(_arm_cmpdf2.o)
 .ARM.attributes
                0x0000068e       0x2c c:/program files (x86)/gnu tools arm embedded/5.4 2016q2/bin/../lib/gcc/arm-none-eabi/5.4.1/armv6-m\libgcc.a(_fixunsdfsi.o)
 .ARM.attributes
                0x000006ba       0x2c c:/program files (x86)/gnu tools arm embedded/5.4 2016q2/bin/../lib/gcc/arm-none-eabi/5.4.1/armv6-m\libgcc.a(adddf3.o)
 .ARM.attributes
                0x000006e6       0x2c c:/program files (x86)/gnu tools arm embedded/5.4 2016q2/bin/../lib/gcc/arm-none-eabi/5.4.1/armv6-m\libgcc.a(divdf3.o)
 .ARM.attributes
                0x00000712       0x2c c:/program files (x86)/gnu tools arm embedded/5.4 2016q2/bin/../lib/gcc/arm-none-eabi/5.4.1/armv6-m\libgcc.a(eqdf2.o)
 .ARM.attributes
                0x0000073e       0x2c c:/program files (x86)/gnu tools arm embedded/5.4 2016q2/bin/../lib/gcc/arm-none-eabi/5.4.1/armv6-m\libgcc.a(gedf2.o)
 .ARM.attributes
                0x0000076a       0x2c c:/program files (x86)/gnu tools arm embedded/5.4 2016q2/bin/../lib/gcc/arm-none-eabi/5.4.1/armv6-m\libgcc.a(ledf2.o)
 .ARM.attributes
                0x00000796       0x2c c:/program files (x86)/gnu tools arm embedded/5.4 2016q2/bin/../lib/gcc/arm-none-eabi/5.4.1/armv6-m\libgcc.a(muldf3.o)
 .ARM.attributes
                0x000007c2       0x2c c:/program files (x86)/gnu tools arm embedded/5.4 2016q2/bin/../lib/gcc/arm-none-eabi/5.4.1/armv6-m\libgcc.a(subdf3.o)
 .ARM.attributes
                0x000007ee       0x2c c:/program files (x86)/gnu tools arm embedded/5.4 2016q2/bin/../lib/gcc/arm-none-eabi/5.4.1/armv6-m\libgcc.a(fixdfsi.o)
 .ARM.attributes
                0x0000081a       0x2c c:/program files (x86)/gnu tools arm embedded/5.4 2016q2/bin/../lib/gcc/arm-none-eabi/5.4.1/armv6-m\libgcc.a(floatsidf.o)
 .ARM.attributes
                0x00000846       0x2c c:/program files (x86)/gnu tools arm embedded/5.4 2016q2/bin/../lib/gcc/arm-none-eabi/5.4.1/armv6-m\libgcc.a(floatunsidf.o)
 .ARM.attributes
                0x00000872       0x1e c:/program files (x86)/gnu tools arm embedded/5.4 2016q2/bin/../lib/gcc/arm-none-eabi/5.4.1/armv6-m\libgcc.a(_clzsi2.o)
 .ARM.attributes
                0x00000890       0x2c c:/program files (x86)/gnu tools arm embedded/5.4 2016q2/bin/../lib/gcc/arm-none-eabi/5.4.1/../../../../arm-none-eabi/lib/armv6-m\libg.a(lib_a-impure.o)
 .ARM.attributes
                0x000008bc       0x2c c:/program files (x86)/gnu tools arm embedded/5.4 2016q2/bin/../lib/gcc/arm-none-eabi/5.4.1/../../../../arm-none-eabi/lib/armv6-m\libg.a(lib_a-init.o)
 .ARM.attributes
                0x000008e8       0x2c c:/program files (x86)/gnu tools arm embedded/5.4 2016q2/bin/../lib/gcc/arm-none-eabi/5.4.1/../../../../arm-none-eabi/lib/armv6-m\libg.a(lib_a-__call_atexit.o)
 .ARM.attributes
                0x00000914       0x2c c:/program files (x86)/gnu tools arm embedded/5.4 2016q2/bin/../lib/gcc/arm-none-eabi/5.4.1/../../../../arm-none-eabi/lib/armv6-m\libg.a(lib_a-atexit.o)
 .ARM.attributes
                0x00000940       0x2c c:/program files (x86)/gnu tools arm embedded/5.4 2016q2/bin/../lib/gcc/arm-none-eabi/5.4.1/../../../../arm-none-eabi/lib/armv6-m\libg.a(lib_a-fini.o)
 .ARM.attributes
                0x0000096c       0x2c c:/program files (x86)/gnu tools arm embedded/5.4 2016q2/bin/../lib/gcc/arm-none-eabi/5.4.1/../../../../arm-none-eabi/lib/armv6-m\libg.a(lib_a-__atexit.o)
 .ARM.attributes
                0x00000998       0x2c c:/program files (x86)/gnu tools arm embedded/5.4 2016q2/bin/../lib/gcc/arm-none-eabi/5.4.1/armv6-m/crtend.o
 .ARM.attributes
                0x000009c4       0x1e c:/program files (x86)/gnu tools arm embedded/5.4 2016q2/bin/../lib/gcc/arm-none-eabi/5.4.1/armv6-m/crtn.o

.comment        0x00000000       0x6e
 .comment       0x00000000       0x6e ..\obj\TIMs.o
                                 0x6f (size before relaxing)
 .comment       0x0000006e       0x6f ..\obj\stm32l0xx_hal_gpio.o
 .comment       0x0000006e       0x6f ..\obj\DS18x20.o
 .comment       0x0000006e       0x6f ..\obj\EEPROMfunc.o
 .comment       0x0000006e       0x6f ..\obj\input.o
 .comment       0x0000006e       0x6f ..\obj\modem.o
 .comment       0x0000006e       0x6f ..\obj\my_string.o
 .comment       0x0000006e       0x6f ..\obj\clock.o
 .comment       0x0000006e       0x6f ..\obj\stm32l0xx_hal.o
 .comment       0x0000006e       0x6f ..\obj\main.o
 .comment       0x0000006e       0x6f ..\obj\UART.o
 .comment       0x0000006e       0x6f ..\obj\system_stm32l0xx.o
 .comment       0x0000006e       0x6f ..\obj\stm32l0xx_hal_dma.o
 .comment       0x0000006e       0x6f ..\obj\led.o
 .comment       0x0000006e       0x6f ..\obj\ADC_func.o
 .comment       0x0000006e       0x6f ..\obj\1-Wire.o
 .comment       0x0000006e       0x6f ..\obj\stm32l0xx_hal_uart_ex.o
 .comment       0x0000006e       0x6f ..\obj\stm32l0xx_hal_rcc.o
 .comment       0x0000006e       0x6f ..\obj\TM_KEY.o
 .comment       0x0000006e       0x6f ..\obj\modem_sms_func.o
 .comment       0x0000006e       0x6f ..\obj\output.o
 .comment       0x0000006e       0x6f ..\obj\stm32l0xx_hal_uart.o
 .comment       0x0000006e       0x6f ..\obj\GPIO_func.o
 .comment       0x0000006e       0x6f ..\obj\modem_call_func.o
 .comment       0x0000006e       0x6f ..\obj\stm32l0xx_hal_msp_template.o
 .comment       0x0000006e       0x6f ..\obj\I2C.o
 .comment       0x0000006e       0x6f ..\obj\sms_command.o
 .comment       0x0000006e       0x6f ..\obj\guard_func.o
 .comment       0x0000006e       0x6f ..\obj\stm32l0xx_hal_cortex.o

.debug_info     0x00000000     0xa6b1
 .debug_info    0x00000000      0x701 ..\obj\TIMs.o
 .debug_info    0x00000701      0x63f ..\obj\stm32l0xx_hal_gpio.o
 .debug_info    0x00000d40      0x5eb ..\obj\DS18x20.o
 .debug_info    0x0000132b      0x2c4 ..\obj\EEPROMfunc.o
 .debug_info    0x000015ef      0x5be ..\obj\input.o
 .debug_info    0x00001bad      0x925 ..\obj\modem.o
 .debug_info    0x000024d2      0x28a ..\obj\my_string.o
 .debug_info    0x0000275c      0x1c1 ..\obj\clock.o
 .debug_info    0x0000291d      0x78a ..\obj\stm32l0xx_hal.o
 .debug_info    0x000030a7      0x587 ..\obj\main.o
 .debug_info    0x0000362e      0xc13 ..\obj\UART.o
 .debug_info    0x00004241      0x349 ..\obj\system_stm32l0xx.o
 .debug_info    0x0000458a       0xe7 ..\obj\startup_stm32l051xx.o
 .debug_info    0x00004671      0x572 ..\obj\stm32l0xx_hal_dma.o
 .debug_info    0x00004be3      0x400 ..\obj\led.o
 .debug_info    0x00004fe3      0x2ca ..\obj\ADC_func.o
 .debug_info    0x000052ad      0x9df ..\obj\1-Wire.o
 .debug_info    0x00005c8c      0x7d5 ..\obj\stm32l0xx_hal_uart_ex.o
 .debug_info    0x00006461      0x83b ..\obj\stm32l0xx_hal_rcc.o
 .debug_info    0x00006c9c      0x239 ..\obj\TM_KEY.o
 .debug_info    0x00006ed5      0x370 ..\obj\modem_sms_func.o
 .debug_info    0x00007245      0x46f ..\obj\output.o
 .debug_info    0x000076b4      0xfea ..\obj\stm32l0xx_hal_uart.o
 .debug_info    0x0000869e      0x5c6 ..\obj\GPIO_func.o
 .debug_info    0x00008c64      0x3cd ..\obj\modem_call_func.o
 .debug_info    0x00009031       0xb3 ..\obj\stm32l0xx_hal_msp_template.o
 .debug_info    0x000090e4      0x3f7 ..\obj\I2C.o
 .debug_info    0x000094db      0x438 ..\obj\sms_command.o
 .debug_info    0x00009913      0x788 ..\obj\guard_func.o
 .debug_info    0x0000a09b      0x616 ..\obj\stm32l0xx_hal_cortex.o

.debug_abbrev   0x00000000     0x2d16
 .debug_abbrev  0x00000000      0x1d5 ..\obj\TIMs.o
 .debug_abbrev  0x000001d5      0x1a8 ..\obj\stm32l0xx_hal_gpio.o
 .debug_abbrev  0x0000037d      0x199 ..\obj\DS18x20.o
 .debug_abbrev  0x00000516      0x147 ..\obj\EEPROMfunc.o
 .debug_abbrev  0x0000065d      0x1f6 ..\obj\input.o
 .debug_abbrev  0x00000853      0x2b3 ..\obj\modem.o
 .debug_abbrev  0x00000b06       0xe6 ..\obj\my_string.o
 .debug_abbrev  0x00000bec       0x8a ..\obj\clock.o
 .debug_abbrev  0x00000c76      0x1c9 ..\obj\stm32l0xx_hal.o
 .debug_abbrev  0x00000e3f      0x18f ..\obj\main.o
 .debug_abbrev  0x00000fce      0x235 ..\obj\UART.o
 .debug_abbrev  0x00001203       0xee ..\obj\system_stm32l0xx.o
 .debug_abbrev  0x000012f1       0x12 ..\obj\startup_stm32l051xx.o
 .debug_abbrev  0x00001303      0x177 ..\obj\stm32l0xx_hal_dma.o
 .debug_abbrev  0x0000147a      0x198 ..\obj\led.o
 .debug_abbrev  0x00001612       0xf0 ..\obj\ADC_func.o
 .debug_abbrev  0x00001702      0x24b ..\obj\1-Wire.o
 .debug_abbrev  0x0000194d      0x1bc ..\obj\stm32l0xx_hal_uart_ex.o
 .debug_abbrev  0x00001b09      0x20e ..\obj\stm32l0xx_hal_rcc.o
 .debug_abbrev  0x00001d17      0x142 ..\obj\TM_KEY.o
 .debug_abbrev  0x00001e59      0x182 ..\obj\modem_sms_func.o
 .debug_abbrev  0x00001fdb      0x183 ..\obj\output.o
 .debug_abbrev  0x0000215e      0x1d4 ..\obj\stm32l0xx_hal_uart.o
 .debug_abbrev  0x00002332      0x17b ..\obj\GPIO_func.o
 .debug_abbrev  0x000024ad      0x167 ..\obj\modem_call_func.o
 .debug_abbrev  0x00002614       0x40 ..\obj\stm32l0xx_hal_msp_template.o
 .debug_abbrev  0x00002654      0x11c ..\obj\I2C.o
 .debug_abbrev  0x00002770      0x11c ..\obj\sms_command.o
 .debug_abbrev  0x0000288c      0x25b ..\obj\guard_func.o
 .debug_abbrev  0x00002ae7      0x22f ..\obj\stm32l0xx_hal_cortex.o

.debug_aranges  0x00000000      0x3c8
 .debug_aranges
                0x00000000       0x20 ..\obj\TIMs.o
 .debug_aranges
                0x00000020       0x20 ..\obj\stm32l0xx_hal_gpio.o
 .debug_aranges
                0x00000040       0x20 ..\obj\DS18x20.o
 .debug_aranges
                0x00000060       0x20 ..\obj\EEPROMfunc.o
 .debug_aranges
                0x00000080       0x20 ..\obj\input.o
 .debug_aranges
                0x000000a0       0x20 ..\obj\modem.o
 .debug_aranges
                0x000000c0       0x20 ..\obj\my_string.o
 .debug_aranges
                0x000000e0       0x20 ..\obj\clock.o
 .debug_aranges
                0x00000100       0x20 ..\obj\stm32l0xx_hal.o
 .debug_aranges
                0x00000120       0x20 ..\obj\main.o
 .debug_aranges
                0x00000140       0x20 ..\obj\UART.o
 .debug_aranges
                0x00000160       0x20 ..\obj\system_stm32l0xx.o
 .debug_aranges
                0x00000180       0x28 ..\obj\startup_stm32l051xx.o
 .debug_aranges
                0x000001a8       0x20 ..\obj\stm32l0xx_hal_dma.o
 .debug_aranges
                0x000001c8       0x20 ..\obj\led.o
 .debug_aranges
                0x000001e8       0x20 ..\obj\ADC_func.o
 .debug_aranges
                0x00000208       0x20 ..\obj\1-Wire.o
 .debug_aranges
                0x00000228       0x20 ..\obj\stm32l0xx_hal_uart_ex.o
 .debug_aranges
                0x00000248       0x20 ..\obj\stm32l0xx_hal_rcc.o
 .debug_aranges
                0x00000268       0x20 ..\obj\TM_KEY.o
 .debug_aranges
                0x00000288       0x20 ..\obj\modem_sms_func.o
 .debug_aranges
                0x000002a8       0x20 ..\obj\output.o
 .debug_aranges
                0x000002c8       0x20 ..\obj\stm32l0xx_hal_uart.o
 .debug_aranges
                0x000002e8       0x20 ..\obj\GPIO_func.o
 .debug_aranges
                0x00000308       0x20 ..\obj\modem_call_func.o
 .debug_aranges
                0x00000328       0x20 ..\obj\stm32l0xx_hal_msp_template.o
 .debug_aranges
                0x00000348       0x20 ..\obj\I2C.o
 .debug_aranges
                0x00000368       0x20 ..\obj\sms_command.o
 .debug_aranges
                0x00000388       0x20 ..\obj\guard_func.o
 .debug_aranges
                0x000003a8       0x20 ..\obj\stm32l0xx_hal_cortex.o

.debug_line     0x00000000     0x59a3
 .debug_line    0x00000000      0x2b3 ..\obj\TIMs.o
 .debug_line    0x000002b3      0x2bf ..\obj\stm32l0xx_hal_gpio.o
 .debug_line    0x00000572      0x33a ..\obj\DS18x20.o
 .debug_line    0x000008ac      0x215 ..\obj\EEPROMfunc.o
 .debug_line    0x00000ac1      0x36b ..\obj\input.o
 .debug_line    0x00000e2c      0x546 ..\obj\modem.o
 .debug_line    0x00001372      0x228 ..\obj\my_string.o
 .debug_line    0x0000159a      0x1b0 ..\obj\clock.o
 .debug_line    0x0000174a      0x2b8 ..\obj\stm32l0xx_hal.o
 .debug_line    0x00001a02      0x292 ..\obj\main.o
 .debug_line    0x00001c94      0x370 ..\obj\UART.o
 .debug_line    0x00002004      0x212 ..\obj\system_stm32l0xx.o
 .debug_line    0x00002216       0xdb ..\obj\startup_stm32l051xx.o
 .debug_line    0x000022f1      0x772 ..\obj\stm32l0xx_hal_dma.o
 .debug_line    0x00002a63      0x25c ..\obj\led.o
 .debug_line    0x00002cbf      0x1c0 ..\obj\ADC_func.o
 .debug_line    0x00002e7f      0x501 ..\obj\1-Wire.o
 .debug_line    0x00003380      0x2f1 ..\obj\stm32l0xx_hal_uart_ex.o
 .debug_line    0x00003671      0x3ba ..\obj\stm32l0xx_hal_rcc.o
 .debug_line    0x00003a2b      0x1dc ..\obj\TM_KEY.o
 .debug_line    0x00003c07      0x207 ..\obj\modem_sms_func.o
 .debug_line    0x00003e0e      0x271 ..\obj\output.o
 .debug_line    0x0000407f      0x73a ..\obj\stm32l0xx_hal_uart.o
 .debug_line    0x000047b9      0x2ef ..\obj\GPIO_func.o
 .debug_line    0x00004aa8      0x229 ..\obj\modem_call_func.o
 .debug_line    0x00004cd1       0xb7 ..\obj\stm32l0xx_hal_msp_template.o
 .debug_line    0x00004d88      0x1eb ..\obj\I2C.o
 .debug_line    0x00004f73      0x38f ..\obj\sms_command.o
 .debug_line    0x00005302      0x403 ..\obj\guard_func.o
 .debug_line    0x00005705      0x29e ..\obj\stm32l0xx_hal_cortex.o

.debug_str      0x00000000     0x33d5
 .debug_str     0x00000000      0x4b6 ..\obj\TIMs.o
                                0x559 (size before relaxing)
 .debug_str     0x000004b6      0x243 ..\obj\stm32l0xx_hal_gpio.o
                                0x429 (size before relaxing)
 .debug_str     0x000006f9      0x24a ..\obj\DS18x20.o
                                0x3e3 (size before relaxing)
 .debug_str     0x00000943      0x10b ..\obj\EEPROMfunc.o
                                0x279 (size before relaxing)
 .debug_str     0x00000a4e      0x180 ..\obj\input.o
                                0x398 (size before relaxing)
 .debug_str     0x00000bce      0x311 ..\obj\modem.o
                                0x573 (size before relaxing)
 .debug_str     0x00000edf       0xb2 ..\obj\my_string.o
                                0x1f0 (size before relaxing)
 .debug_str     0x00000f91       0x46 ..\obj\clock.o
                                0x1ec (size before relaxing)
 .debug_str     0x00000fd7      0x348 ..\obj\stm32l0xx_hal.o
                                0x703 (size before relaxing)
 .debug_str     0x0000131f      0x1bc ..\obj\main.o
                                0x42c (size before relaxing)
 .debug_str     0x000014db      0x637 ..\obj\UART.o
                                0xaa1 (size before relaxing)
 .debug_str     0x00001b12       0xd4 ..\obj\system_stm32l0xx.o
                                0x2c9 (size before relaxing)
 .debug_str     0x00001be6      0x1a6 ..\obj\stm32l0xx_hal_dma.o
                                0x4d6 (size before relaxing)
 .debug_str     0x00001d8c       0xbb ..\obj\led.o
                                0x2c4 (size before relaxing)
 .debug_str     0x00001e47       0x74 ..\obj\ADC_func.o
                                0x257 (size before relaxing)
 .debug_str     0x00001ebb      0x1b8 ..\obj\1-Wire.o
                                0x474 (size before relaxing)
 .debug_str     0x00002073      0x1eb ..\obj\stm32l0xx_hal_uart_ex.o
                                0x81b (size before relaxing)
 .debug_str     0x0000225e      0x32f ..\obj\stm32l0xx_hal_rcc.o
                                0x64d (size before relaxing)
 .debug_str     0x0000258d       0x78 ..\obj\TM_KEY.o
                                0x1f7 (size before relaxing)
 .debug_str     0x00002605       0xc1 ..\obj\modem_sms_func.o
                                0x303 (size before relaxing)
 .debug_str     0x000026c6       0xd1 ..\obj\output.o
                                0x2eb (size before relaxing)
 .debug_str     0x00002797      0x490 ..\obj\stm32l0xx_hal_uart.o
                                0xb9d (size before relaxing)
 .debug_str     0x00002c27       0x8d ..\obj\GPIO_func.o
                                0x4e3 (size before relaxing)
 .debug_str     0x00002cb4       0x9a ..\obj\modem_call_func.o
                                0x2e2 (size before relaxing)
 .debug_str     0x00002d4e       0xa2 ..\obj\stm32l0xx_hal_msp_template.o
                                0x1b6 (size before relaxing)
 .debug_str     0x00002df0       0xa1 ..\obj\I2C.o
                                0x2fa (size before relaxing)
 .debug_str     0x00002e91       0xe2 ..\obj\sms_command.o
                                0x356 (size before relaxing)
 .debug_str     0x00002f73      0x2b1 ..\obj\guard_func.o
                                0x5d7 (size before relaxing)
 .debug_str     0x00003224      0x1b1 ..\obj\stm32l0xx_hal_cortex.o
                                0x565 (size before relaxing)

.debug_frame    0x00000000     0x2e08
 .debug_frame   0x00000000      0x154 ..\obj\TIMs.o
 .debug_frame   0x00000154      0x110 ..\obj\stm32l0xx_hal_gpio.o
 .debug_frame   0x00000264      0x168 ..\obj\DS18x20.o
 .debug_frame   0x000003cc       0xe4 ..\obj\EEPROMfunc.o
 .debug_frame   0x000004b0      0x150 ..\obj\input.o
 .debug_frame   0x00000600      0x374 ..\obj\modem.o
 .debug_frame   0x00000974       0xb0 ..\obj\my_string.o
 .debug_frame   0x00000a24       0x2c ..\obj\clock.o
 .debug_frame   0x00000a50      0x368 ..\obj\stm32l0xx_hal.o
 .debug_frame   0x00000db8      0x114 ..\obj\main.o
 .debug_frame   0x00000ecc      0x2c8 ..\obj\UART.o
 .debug_frame   0x00001194       0x4c ..\obj\system_stm32l0xx.o
 .debug_frame   0x000011e0      0x150 ..\obj\stm32l0xx_hal_dma.o
 .debug_frame   0x00001330      0x130 ..\obj\led.o
 .debug_frame   0x00001460       0x4c ..\obj\ADC_func.o
 .debug_frame   0x000014ac      0x274 ..\obj\1-Wire.o
 .debug_frame   0x00001720      0x130 ..\obj\stm32l0xx_hal_uart_ex.o
 .debug_frame   0x00001850      0x194 ..\obj\stm32l0xx_hal_rcc.o
 .debug_frame   0x000019e4       0x8c ..\obj\TM_KEY.o
 .debug_frame   0x00001a70       0xb0 ..\obj\modem_sms_func.o
 .debug_frame   0x00001b20      0x170 ..\obj\output.o
 .debug_frame   0x00001c90      0x530 ..\obj\stm32l0xx_hal_uart.o
 .debug_frame   0x000021c0       0xac ..\obj\GPIO_func.o
 .debug_frame   0x0000226c       0x8c ..\obj\modem_call_func.o
 .debug_frame   0x000022f8       0x80 ..\obj\stm32l0xx_hal_msp_template.o
 .debug_frame   0x00002378       0x8c ..\obj\I2C.o
 .debug_frame   0x00002404       0x78 ..\obj\sms_command.o
 .debug_frame   0x0000247c      0x394 ..\obj\guard_func.o
 .debug_frame   0x00002810      0x264 ..\obj\stm32l0xx_hal_cortex.o
 .debug_frame   0x00002a74       0x20 c:/program files (x86)/gnu tools arm embedded/5.4 2016q2/bin/../lib/gcc/arm-none-eabi/5.4.1/armv6-m\libgcc.a(_udivsi3.o)
 .debug_frame   0x00002a94       0x20 c:/program files (x86)/gnu tools arm embedded/5.4 2016q2/bin/../lib/gcc/arm-none-eabi/5.4.1/armv6-m\libgcc.a(_divsi3.o)
 .debug_frame   0x00002ab4       0x2c c:/program files (x86)/gnu tools arm embedded/5.4 2016q2/bin/../lib/gcc/arm-none-eabi/5.4.1/armv6-m\libgcc.a(_fixunsdfsi.o)
 .debug_frame   0x00002ae0       0x3c c:/program files (x86)/gnu tools arm embedded/5.4 2016q2/bin/../lib/gcc/arm-none-eabi/5.4.1/armv6-m\libgcc.a(adddf3.o)
 .debug_frame   0x00002b1c       0x3c c:/program files (x86)/gnu tools arm embedded/5.4 2016q2/bin/../lib/gcc/arm-none-eabi/5.4.1/armv6-m\libgcc.a(divdf3.o)
 .debug_frame   0x00002b58       0x38 c:/program files (x86)/gnu tools arm embedded/5.4 2016q2/bin/../lib/gcc/arm-none-eabi/5.4.1/armv6-m\libgcc.a(eqdf2.o)
 .debug_frame   0x00002b90       0x38 c:/program files (x86)/gnu tools arm embedded/5.4 2016q2/bin/../lib/gcc/arm-none-eabi/5.4.1/armv6-m\libgcc.a(gedf2.o)
 .debug_frame   0x00002bc8       0x38 c:/program files (x86)/gnu tools arm embedded/5.4 2016q2/bin/../lib/gcc/arm-none-eabi/5.4.1/armv6-m\libgcc.a(ledf2.o)
 .debug_frame   0x00002c00       0x3c c:/program files (x86)/gnu tools arm embedded/5.4 2016q2/bin/../lib/gcc/arm-none-eabi/5.4.1/armv6-m\libgcc.a(muldf3.o)
 .debug_frame   0x00002c3c       0x38 c:/program files (x86)/gnu tools arm embedded/5.4 2016q2/bin/../lib/gcc/arm-none-eabi/5.4.1/armv6-m\libgcc.a(subdf3.o)
 .debug_frame   0x00002c74       0x2c c:/program files (x86)/gnu tools arm embedded/5.4 2016q2/bin/../lib/gcc/arm-none-eabi/5.4.1/armv6-m\libgcc.a(fixdfsi.o)
 .debug_frame   0x00002ca0       0x2c c:/program files (x86)/gnu tools arm embedded/5.4 2016q2/bin/../lib/gcc/arm-none-eabi/5.4.1/armv6-m\libgcc.a(floatsidf.o)
 .debug_frame   0x00002ccc       0x2c c:/program files (x86)/gnu tools arm embedded/5.4 2016q2/bin/../lib/gcc/arm-none-eabi/5.4.1/armv6-m\libgcc.a(floatunsidf.o)
 .debug_frame   0x00002cf8       0x2c c:/program files (x86)/gnu tools arm embedded/5.4 2016q2/bin/../lib/gcc/arm-none-eabi/5.4.1/../../../../arm-none-eabi/lib/armv6-m\libg.a(lib_a-init.o)
 .debug_frame   0x00002d24       0x54 c:/program files (x86)/gnu tools arm embedded/5.4 2016q2/bin/../lib/gcc/arm-none-eabi/5.4.1/../../../../arm-none-eabi/lib/armv6-m\libg.a(lib_a-__call_atexit.o)
 .debug_frame   0x00002d78       0x28 c:/program files (x86)/gnu tools arm embedded/5.4 2016q2/bin/../lib/gcc/arm-none-eabi/5.4.1/../../../../arm-none-eabi/lib/armv6-m\libg.a(lib_a-atexit.o)
 .debug_frame   0x00002da0       0x2c c:/program files (x86)/gnu tools arm embedded/5.4 2016q2/bin/../lib/gcc/arm-none-eabi/5.4.1/../../../../arm-none-eabi/lib/armv6-m\libg.a(lib_a-fini.o)
 .debug_frame   0x00002dcc       0x3c c:/program files (x86)/gnu tools arm embedded/5.4 2016q2/bin/../lib/gcc/arm-none-eabi/5.4.1/../../../../arm-none-eabi/lib/armv6-m\libg.a(lib_a-__atexit.o)

.debug_ranges   0x00000000       0xc8
 .debug_ranges  0x00000000       0x30 ..\obj\input.o
 .debug_ranges  0x00000030       0x20 ..\obj\startup_stm32l051xx.o
 .debug_ranges  0x00000050       0x48 ..\obj\1-Wire.o
 .debug_ranges  0x00000098       0x18 ..\obj\modem_call_func.o
 .debug_ranges  0x000000b0       0x18 ..\obj\sms_command.o
