Archive member included to satisfy reference by file (symbol)

c:/program files (x86)/gnu tools arm embedded/5.4 2016q2/bin/../lib/gcc/arm-none-eabi/5.4.1/armv6-m\libgcc.a(_udivsi3.o)
                              ..\obj\stm32l0xx_hal_i2s.o (__aeabi_uidiv)
c:/program files (x86)/gnu tools arm embedded/5.4 2016q2/bin/../lib/gcc/arm-none-eabi/5.4.1/armv6-m\libgcc.a(_divsi3.o)
                              ..\obj\input.o (__aeabi_idiv)
c:/program files (x86)/gnu tools arm embedded/5.4 2016q2/bin/../lib/gcc/arm-none-eabi/5.4.1/armv6-m\libgcc.a(_dvmd_tls.o)
                              c:/program files (x86)/gnu tools arm embedded/5.4 2016q2/bin/../lib/gcc/arm-none-eabi/5.4.1/armv6-m\libgcc.a(_udivsi3.o) (__aeabi_idiv0)
c:/program files (x86)/gnu tools arm embedded/5.4 2016q2/bin/../lib/gcc/arm-none-eabi/5.4.1/armv6-m\libgcc.a(_arm_cmpdf2.o)
                              ..\obj\guard_func.o (__aeabi_dcmplt)
c:/program files (x86)/gnu tools arm embedded/5.4 2016q2/bin/../lib/gcc/arm-none-eabi/5.4.1/armv6-m\libgcc.a(_fixunsdfsi.o)
                              ..\obj\guard_func.o (__aeabi_d2uiz)
c:/program files (x86)/gnu tools arm embedded/5.4 2016q2/bin/../lib/gcc/arm-none-eabi/5.4.1/armv6-m\libgcc.a(adddf3.o)
                              ..\obj\guard_func.o (__aeabi_dadd)
c:/program files (x86)/gnu tools arm embedded/5.4 2016q2/bin/../lib/gcc/arm-none-eabi/5.4.1/armv6-m\libgcc.a(divdf3.o)
                              ..\obj\guard_func.o (__aeabi_ddiv)
c:/program files (x86)/gnu tools arm embedded/5.4 2016q2/bin/../lib/gcc/arm-none-eabi/5.4.1/armv6-m\libgcc.a(eqdf2.o)
                              c:/program files (x86)/gnu tools arm embedded/5.4 2016q2/bin/../lib/gcc/arm-none-eabi/5.4.1/armv6-m\libgcc.a(_arm_cmpdf2.o) (__eqdf2)
c:/program files (x86)/gnu tools arm embedded/5.4 2016q2/bin/../lib/gcc/arm-none-eabi/5.4.1/armv6-m\libgcc.a(gedf2.o)
                              c:/program files (x86)/gnu tools arm embedded/5.4 2016q2/bin/../lib/gcc/arm-none-eabi/5.4.1/armv6-m\libgcc.a(_arm_cmpdf2.o) (__gedf2)
c:/program files (x86)/gnu tools arm embedded/5.4 2016q2/bin/../lib/gcc/arm-none-eabi/5.4.1/armv6-m\libgcc.a(ledf2.o)
                              c:/program files (x86)/gnu tools arm embedded/5.4 2016q2/bin/../lib/gcc/arm-none-eabi/5.4.1/armv6-m\libgcc.a(_arm_cmpdf2.o) (__ledf2)
c:/program files (x86)/gnu tools arm embedded/5.4 2016q2/bin/../lib/gcc/arm-none-eabi/5.4.1/armv6-m\libgcc.a(muldf3.o)
                              ..\obj\guard_func.o (__aeabi_dmul)
c:/program files (x86)/gnu tools arm embedded/5.4 2016q2/bin/../lib/gcc/arm-none-eabi/5.4.1/armv6-m\libgcc.a(subdf3.o)
                              c:/program files (x86)/gnu tools arm embedded/5.4 2016q2/bin/../lib/gcc/arm-none-eabi/5.4.1/armv6-m\libgcc.a(_fixunsdfsi.o) (__aeabi_dsub)
c:/program files (x86)/gnu tools arm embedded/5.4 2016q2/bin/../lib/gcc/arm-none-eabi/5.4.1/armv6-m\libgcc.a(fixdfsi.o)
                              c:/program files (x86)/gnu tools arm embedded/5.4 2016q2/bin/../lib/gcc/arm-none-eabi/5.4.1/armv6-m\libgcc.a(_fixunsdfsi.o) (__aeabi_d2iz)
c:/program files (x86)/gnu tools arm embedded/5.4 2016q2/bin/../lib/gcc/arm-none-eabi/5.4.1/armv6-m\libgcc.a(floatsidf.o)
                              ..\obj\guard_func.o (__aeabi_i2d)
c:/program files (x86)/gnu tools arm embedded/5.4 2016q2/bin/../lib/gcc/arm-none-eabi/5.4.1/armv6-m\libgcc.a(floatunsidf.o)
                              ..\obj\guard_func.o (__aeabi_ui2d)
c:/program files (x86)/gnu tools arm embedded/5.4 2016q2/bin/../lib/gcc/arm-none-eabi/5.4.1/armv6-m\libgcc.a(_clzsi2.o)
                              c:/program files (x86)/gnu tools arm embedded/5.4 2016q2/bin/../lib/gcc/arm-none-eabi/5.4.1/armv6-m\libgcc.a(adddf3.o) (__clzsi2)
c:/program files (x86)/gnu tools arm embedded/5.4 2016q2/bin/../lib/gcc/arm-none-eabi/5.4.1/../../../../arm-none-eabi/lib/armv6-m\libg.a(lib_a-exit.o)
                              c:/program files (x86)/gnu tools arm embedded/5.4 2016q2/bin/../lib/gcc/arm-none-eabi/5.4.1/../../../../arm-none-eabi/lib/armv6-m/crt0.o (exit)
c:/program files (x86)/gnu tools arm embedded/5.4 2016q2/bin/../lib/gcc/arm-none-eabi/5.4.1/../../../../arm-none-eabi/lib/armv6-m\libg.a(lib_a-impure.o)
                              c:/program files (x86)/gnu tools arm embedded/5.4 2016q2/bin/../lib/gcc/arm-none-eabi/5.4.1/../../../../arm-none-eabi/lib/armv6-m\libg.a(lib_a-exit.o) (_global_impure_ptr)
c:/program files (x86)/gnu tools arm embedded/5.4 2016q2/bin/../lib/gcc/arm-none-eabi/5.4.1/../../../../arm-none-eabi/lib/armv6-m\libg.a(lib_a-init.o)
                              c:/program files (x86)/gnu tools arm embedded/5.4 2016q2/bin/../lib/gcc/arm-none-eabi/5.4.1/../../../../arm-none-eabi/lib/armv6-m/crt0.o (__libc_init_array)
c:/program files (x86)/gnu tools arm embedded/5.4 2016q2/bin/../lib/gcc/arm-none-eabi/5.4.1/../../../../arm-none-eabi/lib/armv6-m\libg.a(lib_a-memset.o)
[...]
Memory Configuration

Name             Origin             Length             Attributes
rom              0x08000000         0x00010000         xr
ram              0x20000000         0x00002000         xrw
*default*        0x00000000         0xffffffff

Linker script and memory map

LOAD c:/program files (x86)/gnu tools arm embedded/5.4 2016q2/bin/../lib/gcc/arm-none-eabi/5.4.1/armv6-m/crti.o
LOAD c:/program files (x86)/gnu tools arm embedded/5.4 2016q2/bin/../lib/gcc/arm-none-eabi/5.4.1/armv6-m/crtbegin.o
LOAD c:/program files (x86)/gnu tools arm embedded/5.4 2016q2/bin/../lib/gcc/arm-none-eabi/5.4.1/../../../../arm-none-eabi/lib/armv6-m/crt0.o
                0x20002000                _eram = 0x20002000

.text           0x08000000     0xe9f4
 *(.isr_vector)
 .isr_vector    0x08000000       0xc0 ..\obj\startup_stm32l051xx.o
                0x08000000                g_pfnVectors
 *(.text*)
 .text          0x080000c0       0x60 c:/program files (x86)/gnu tools arm embedded/5.4 2016q2/bin/../lib/gcc/arm-none-eabi/5.4.1/armv6-m/crtbegin.o
 .text          0x08000120      0x2d4 ..\obj\TIMs.o
                0x0800014c                TIM2_init
                0x08000198                TIM21_init
                0x080001f0                TIM21_IRQHandler
                0x080002e0                TIM6_init
                0x08000310                set_timeout
                0x0800034c                while_timeout
                0x08000368                set_timeout_7
                0x08000384                while_timeout_7
                0x0800039c                reset_timer
                0x080003c0                TIM2_set_pwm_duty_cycle
 .text          0x080003f4      0x564 ..\obj\stm32l0xx_hal_gpio.o
                0x080003f4                HAL_GPIO_Init
                0x080006e0                HAL_GPIO_DeInit
                0x0800081c                HAL_GPIO_ReadPin
                0x08000858                HAL_GPIO_WritePin
                0x08000894                HAL_GPIO_TogglePin
                0x080008b8                HAL_GPIO_LockPin
                0x0800090c                HAL_GPIO_EXTI_IRQHandler
                0x08000944                HAL_GPIO_EXTI_Callback
 .text          0x08000958      0xb50 ..\obj\DS18x20.o
                0x08000958                read_ds18x20_settings
                0x08000a7c                set_ds18x20_settings
                0x08000c68                check_ds18x20_setting
                0x08000ca4                time_check_temp
                0x08000cc8                add_DS18x20
                0x08000d74                find_ds18x20
                0x08000e18                get_all_temp
                0x08000e74                get_DS18x20_count
                0x08000e88                get_flag_conv
                0x08000e9c                get_last_temp_DS18x20_by_number
                0x08000ec4                check_temperature
 .text          0x080014a8       0x24 ..\obj\main_guard.o
                0x080014a8                main_guard
 .text          0x080014cc      0x1e4 ..\obj\EEPROMfunc.o
                0x080014cc                EEPROMInit
                0x080014f0                EEPROMEnable
                0x08001518                EEPROMDisable
                0x08001534                EEPROMWrite
                0x080015c8                EEPROMRead
                0x08001630                EEPROMRead_id
                0x08001650                ERASE_EEPROM
 .text          0x080016b0      0x9cc ..\obj\input.o
                0x080016b0                read_inputs_settings
                0x0800182c                set_input_settings
                0x08001a88                set_input_text
                0x08001bb8                check_input
                0x08001cd4                check_inputs
                0x08001ec4                check_time_to_alarm
                0x08001f6c                clear_alarm_input
                0x08001fbc                get_alarm_input
                0x08001fd0                add_input_text
                0x08002048                check_input_setting
 .text          0x0800207c     0x113c ..\obj\modem.o
                0x0800207c                read_numbers
                0x08002238                modem_time
                0x0800225c                modem_online
                0x080022b0                modem_check_state
                0x08002348                MODEM_ON
                0x080023d8                MODEM_OFF
                0x08002468                modem_check_online
                0x08002488                modem_check_quality
                0x080024a8                get_next_gsm_message
                0x080025c0                check_gsm_message
                0x080025dc                get_gsm_signal_quality
                0x080025f0                parse_gsm_message
                0x080028bc                modem_free
                0x080028d8                clear_gsm_message
                0x0800291c                send_command_to_GSM
                0x080029a0                modem_setup
                0x08002a8c                clear_output_sms_message
                0x08002abc                send_int_as_hex_to_GSM
                0x08002b5c                int_to_hex
                0x08002b6c                ucs_to_eng
                0x08002c9c                usd_ucs_to_eng
                0x08002cc8                send_text_as_ucs
                0x08002dd0                hexchar_to_dec
                0x08002dfc                convert_number_to_upd
                0x08002e5c                convert_number_to_eng
                0x08002ebc                check_number
                0x08002f5c                modem_save_number
                0x0800309c                parse_int_in_message
 .text          0x080031b8      0x2c4 ..\obj\my_string.o
                0x080031b8                find_str
                0x08003258                str_length
                0x08003284                str_add_str
                0x08003300                str_add_num
                0x080033ec                get_size_number
 .text          0x0800347c       0x34 ..\obj\clock.o
                0x0800347c                set_core_clock
 .text          0x080034b0      0x490 ..\obj\stm32l0xx_hal.o
                0x080034b0                HAL_Init
                0x080034e4                HAL_DeInit
                0x08003548                HAL_InitTick
                0x08003580                HAL_IncTick
                0x08003598                HAL_GetTick
                0x080035ac                HAL_Delay
                0x080035dc                HAL_SuspendTick
                0x080035f8                HAL_ResumeTick
                0x08003614                HAL_GetHalVersion
                0x08003624                HAL_GetREVID
                0x08003638                HAL_GetDEVID
                0x08003650                HAL_EnableDBGSleepMode
                0x0800366c                HAL_DisableDBGSleepMode
                0x08003688                HAL_EnableDBGStopMode
                0x080036a4                HAL_DisableDBGStopMode
                0x080036c0                HAL_EnableDBGStandbyMode
                0x080036dc                HAL_DisableDBGStandbyMode
                0x080036f8                HAL_DBG_LowPowerConfig
                0x08003738                HAL_GetBootMode
                0x08003750                HAL_I2CFastModePlusConfig
                0x08003790                HAL_VREFINT_Cmd
                0x080037cc                HAL_VREFINT_OutputSelect
                0x080037f8                HAL_ADC_EnableBuffer_Cmd
                0x08003838                HAL_ADC_EnableBufferSensor_Cmd
                0x0800387c                HAL_COMP_EnableBuffer_Cmd
                0x080038c0                HAL_RC48_EnableBuffer_Cmd
                0x08003904                HAL_Lock_Cmd
 .text          0x08003940      0x2dc ..\obj\main.o
                0x0800395c                FULL_RESET
                0x08003978                FULL_ERASE_DEVICE
                0x08003998                EXTI0_IRQHandler
                0x080039a4                EXTI9_5_IRQHandler
                0x080039b0                EXTI15_10_IRQHandler
                0x080039bc                main
                0x08003b00                add_device_check
                0x08003bd8                add_device_mode
 .text          0x08003c1c      0x658 ..\obj\UART.o
                0x08003c48                UART1_init
                0x08003cb8                UART2_init
                0x08003d28                UART3_init
                0x08003d94                send_string_to_GSM
                0x08003dcc                send_char_to_GSM
                0x08003df8                send_char_to_UART2
                0x08003e24                send_string_to_UART2
                0x08003e5c                send_char_to_UART3
                0x08003e88                send_string_to_UART3
                0x08003ec0                USART1_IRQHandler
                0x08003ee0                USART2_IRQHandler
                0x08003f00                USART3_IRQHandler
                0x08003f1c                USART_get_message
                0x08003f5c                USART2_get_message
                0x08003f9c                send_int_to_GSM
                0x080040bc                send_num_to_UART3
                0x080040fc                send_int_to_UART3
                0x08004128                UART2_get_next_data
                0x08004200                UART2_clear_buffer
                0x0800421c                UART2_check_buffer
                0x08004240                UART2_clear_message
 .text          0x08004274      0x1b4 ..\obj\system_stm32l0xx.o
                0x08004274                SystemInit
                0x080042f0                SystemCoreClockUpdate
 .text.Reset_Handler
                0x08004428       0x50 ..\obj\startup_stm32l051xx.o
                0x08004428                Reset_Handler
 .text.Default_Handler
                0x08004478        0x2 ..\obj\startup_stm32l051xx.o
                0x08004478                DebugMon_Handler
                0x08004478                HardFault_Handler
                0x08004478                ADC1_COMP_IRQHandler
                0x08004478                TIM6_IRQHandler
                0x08004478                SysTick_Handler
                0x08004478                PVD_IRQHandler
                0x08004478                PendSV_Handler
                0x08004478                NMI_Handler
                0x08004478                I2C1_IRQHandler
                0x08004478                SPI1_IRQHandler
                0x08004478                EXTI2_3_IRQHandler
                0x08004478                I2C2_IRQHandler
                0x08004478                RTC_IRQHandler
                0x08004478                DMA1_Channel4_5_6_7_IRQHandler
                0x08004478                EXTI4_15_IRQHandler
                0x08004478                RCC_IRQHandler
                0x08004478                DMA1_Channel1_IRQHandler
                0x08004478                Default_Handler
                0x08004478                TIM22_IRQHandler
                0x08004478                EXTI0_1_IRQHandler
                0x08004478                SPI2_IRQHandler
                0x08004478                SVC_Handler
                0x08004478                WWDG_IRQHandler
                0x08004478                LPUART1_IRQHandler
                0x08004478                TIM2_IRQHandler
                0x08004478                DMA1_Channel2_3_IRQHandler
                0x08004478                FLASH_IRQHandler
                0x08004478                LPTIM1_IRQHandler
 *fill*         0x0800447a        0x2 
 .text          0x0800447c      0xe10 ..\obj\stm32l0xx_hal_dma.o
                0x0800447c                HAL_DMA_Init
                0x08004640                HAL_DMA_DeInit
                0x08004950                HAL_DMA_Start
                0x080049b4                HAL_DMA_Start_IT
                0x08004a48                HAL_DMA_Abort
                0x08004ac8                HAL_DMA_PollForTransfer
                0x08004e44                HAL_DMA_IRQHandler
                0x08005218                HAL_DMA_GetState
                0x08005230                HAL_DMA_GetError
 .text          0x0800528c      0x3dc ..\obj\led.o
                0x0800528c                read_led_settings
                0x080052e4                set_led_settings
                0x08005380                led_on
                0x080053b8                led_off
                0x080053f0                led_on_mode
                0x0800543c                led_off_mode
                0x08005488                led_blink
                0x0800550c                led_blink_stop
                0x08005570                check_led_blink
 .text          0x08005668       0x88 ..\obj\ADC_func.o
                0x08005668                ADC_init
                0x080056b8                ADC_read
 .text          0x080056f0      0xc1c ..\obj\1-Wire.o
                0x080056f0                one_wire_level
                0x0800570c                one_wire_write_bit
                0x08005784                one_wire_write_byte
                0x080057d4                one_wire_read_bit
                0x0800583c                one_wire_read_byte
                0x08005894                onewire_skip_rom
                0x080058b4                one_wire_read_rom
                0x08005908                one_wire_send_presence
                0x0800596c                one_wire_low
                0x08005980                one_wire_high
                0x08005994                one_wire_enum_init
                0x080059d4                one_wire_enum_next
                0x08005b54                one_wire_check_crc
                0x08005bb8                one_wire_crc_update
                0x08005c34                one_wire_skip
                0x08005c54                one_wire_start_conversion_temp
                0x08005c80                one_wire_read_temp_to_address
                0x08005e00                one_wire_read_temp
                0x0800601c                one_wire_check_keys
                0x08006144                one_wire_add_device
 .text          0x0800630c      0x38c ..\obj\stm32l0xx_hal_uart_ex.o
                0x0800630c                HAL_RS485Ex_Init
                0x080063e0                HAL_UARTEx_WakeupCallback
                0x080063f0                HAL_UARTEx_EnableStopMode
                0x08006440                HAL_UARTEx_EnableClockStopMode
                0x08006494                HAL_UARTEx_DisableStopMode
                0x080064e4                HAL_UARTEx_DisableClockStopMode
                0x08006538                HAL_UARTEx_StopModeWakeUpSourceConfig
                0x080065f0                HAL_MultiProcessorEx_AddressLength_Set
 .text          0x08006698      0xddc ..\obj\stm32l0xx_hal_rcc.o
                0x08006698                HAL_RCC_DeInit
                0x080066e0                HAL_RCC_OscConfig
                0x08006cfc                HAL_RCC_ClockConfig
                0x08007044                HAL_RCC_MCOConfig
                0x080070d0                HAL_RCC_EnableCSS
                0x080070ec                HAL_RCC_GetSysClockFreq
                0x080071ec                HAL_RCC_GetHCLKFreq
                0x08007224                HAL_RCC_GetPCLK1Freq
                0x08007254                HAL_RCC_GetPCLK2Freq
                0x08007284                HAL_RCC_GetOscConfig
                0x080073dc                HAL_RCC_GetClockConfig
                0x08007440                HAL_RCC_NMI_IRQHandler
                0x08007468                HAL_RCC_CCSCallback
 .text          0x08007474      0x258 ..\obj\TM_KEY.o
                0x08007474                get_tm_key_number
                0x08007488                read_TM_KEY_settings
                0x08007578                add_TM_key
                0x08007624                find_key
 .text          0x080076cc      0x3f8 ..\obj\output.o
                0x080076cc                check_time_output_on
                0x08007750                sms_control_output
                0x080077b0                read_output_settings
                0x08007808                set_output_settings
                0x080078c0                output_on
                0x08007904                output_off
                0x08007948                output_on_mode
                0x08007998                output_off_mode
                0x080079e8                output_on_hand
                0x08007a24                output_off_hand
                0x08007a60                control_out_by_id_and_mode
 .text          0x08007ac4      0x3d0 ..\obj\modem_sms_func.o
                0x08007ac4                incoming_sms
                0x08007b20                send_sms_message_for_all
                0x08007bac                modem_send_sms_message
                0x08007d48                sms_ucs_to_eng
                0x08007da4                get_next_command_from_sms
 .text          0x08007e94     0x1a6c ..\obj\stm32l0xx_hal_uart.o
                0x08007e94                HAL_UART_Init
                0x08007f30                HAL_HalfDuplex_Init
                0x08007fd4                HAL_LIN_Init
                0x080080a4                HAL_MultiProcessor_Init
                0x08008188                HAL_UART_DeInit
                0x080081f4                HAL_UART_MspInit
                0x08008204                HAL_UART_MspDeInit
                0x08008214                HAL_UART_Transmit
                0x08008354                HAL_UART_Receive
                0x08008518                HAL_UART_Transmit_IT
                0x080085f0                HAL_UART_Receive_IT
                0x08008740                HAL_UART_Transmit_DMA
                0x08008838                HAL_UART_Receive_DMA
                0x08008924                HAL_UART_DMAPause
                0x080089bc                HAL_UART_DMAResume
                0x08008a64                HAL_UART_DMAStop
                0x08008ac4                HAL_UART_IRQHandler
                0x08008c64                HAL_UART_TxCpltCallback
                0x08008c74                HAL_UART_TxHalfCpltCallback
                0x08008c84                HAL_UART_RxCpltCallback
                0x08008c94                HAL_UART_RxHalfCpltCallback
                0x08008ca4                HAL_UART_ErrorCallback
                0x08008cb4                HAL_MultiProcessor_EnableMuteMode
                0x08008d08                HAL_MultiProcessor_DisableMuteMode
                0x08008d5c                HAL_MultiProcessor_EnterMuteMode
                0x08008d7c                HAL_HalfDuplex_EnableTransmitter
                0x08008ddc                HAL_HalfDuplex_EnableReceiver
                0x08008e3c                HAL_LIN_SendBreak
                0x08008e8c                HAL_UART_GetState
                0x08008ea4                HAL_UART_GetError
                0x0800925c                UART_SetConfig
                0x080095f8                UART_CheckIdleState
                0x08009670                UART_AdvFeatureConfig
                0x080097c8                UART_WaitOnFlagUntilTimeout
 .text          0x08009900      0x4f4 ..\obj\GPIO_func.o
                0x0800992c                init_one_wire_output
                0x08009970                init_one_wire_input
                0x080099a8                GPIO_init
                0x08009dd8                GPIO_interrupt_init
 .text          0x08009df4      0x360 ..\obj\modem_call_func.o
                0x08009df4                modem_call
                0x08009e90                alarm_call
                0x08009f88                incoming_call
                0x0800a0a4                modem_no_carrier
 .text          0x0800a154       0x30 ..\obj\stm32l0xx_hal_msp_template.o
                0x0800a154                HAL_MspInit
                0x0800a160                HAL_MspDeInit
                0x0800a16c                HAL_PPP_MspInit
                0x0800a178                HAL_PPP_MspDeInit
 .text          0x0800a184      0x90c ..\obj\sms_command.o
                0x0800a184                parse_incoming_sms
                0x0800a84c                sms_command_nn
                0x0800a908                sms_command_r
 .text          0x0800aa90      0xdcc ..\obj\guard_func.o
                0x0800aa90                check_time_to_reset
                0x0800aac0                check_time_to_report
                0x0800aaec                check_send_report
                0x0800ab18                set_time_to_reset
                0x0800ab78                setting_time_to_report
                0x0800abf8                read_device_settings
                0x0800ad3c                set_device_setting
                0x0800af34                check_device_setting
                0x0800af58                guard_on
                0x0800af8c                guard_on_TM
                0x0800afe4                guard_off
                0x0800b02c                get_guard_st
                0x0800b040                get_alarm_st
                0x0800b054                changed_guard_sms
                0x0800b0b0                alarm_on
                0x0800b130                alarm_off
                0x0800b15c                out_on_mode
                0x0800b184                out_off_mode
                0x0800b1ac                check_battery
                0x0800b46c                setting_powered
                0x0800b558                get_powered
                0x0800b56c                TM_check_time
                0x0800b590                check_TM
                0x0800b61c                read_settings
                0x0800b648                check_lamp_blink_time
                0x0800b69c                check_time_to_guard_on
                0x0800b6c8                clear_last_control_guard
                0x0800b6f8                check_guard_change
                0x0800b748                set_new_guard_st
                0x0800b768                checkValidCode
 .text          0x0800b85c      0x38c ..\obj\stm32l0xx_hal_cortex.o
                0x0800ba9c                HAL_NVIC_SetPriority
                0x0800bac8                HAL_NVIC_EnableIRQ
                0x0800bae8                HAL_NVIC_DisableIRQ
                0x0800bb08                HAL_NVIC_SystemReset
                0x0800bb18                HAL_SYSTICK_Config
                0x0800bb34                HAL_NVIC_SetPendingIRQ
                0x0800bb54                HAL_NVIC_GetPendingIRQ
                0x0800bb78                HAL_NVIC_ClearPendingIRQ
                0x0800bb98                HAL_SYSTICK_CLKSourceConfig
                0x0800bbcc                HAL_SYSTICK_IRQHandler
                0x0800bbdc                HAL_SYSTICK_Callback
 .text          0x0800bbe8      0x114 c:/program files (x86)/gnu tools arm embedded/5.4 2016q2/bin/../lib/gcc/arm-none-eabi/5.4.1/armv6-m\libgcc.a(_udivsi3.o)
                0x0800bbe8                __aeabi_uidiv
                0x0800bbe8                __udivsi3
                0x0800bcf4                __aeabi_uidivmod
 .text          0x0800bcfc      0x1d4 c:/program files (x86)/gnu tools arm embedded/5.4 2016q2/bin/../lib/gcc/arm-none-eabi/5.4.1/armv6-m\libgcc.a(_divsi3.o)
                0x0800bcfc                __divsi3
                0x0800bcfc                __aeabi_idiv
                0x0800bec8                __aeabi_idivmod
 .text          0x0800bed0        0x4 c:/program files (x86)/gnu tools arm embedded/5.4 2016q2/bin/../lib/gcc/arm-none-eabi/5.4.1/armv6-m\libgcc.a(_dvmd_tls.o)
                0x0800bed0                __aeabi_idiv0
                0x0800bed0                __aeabi_ldiv0
 .text          0x0800bed4       0x7c c:/program files (x86)/gnu tools arm embedded/5.4 2016q2/bin/../lib/gcc/arm-none-eabi/5.4.1/armv6-m\libgcc.a(_arm_cmpdf2.o)
                0x0800bed4                __aeabi_cdrcmple
                0x0800bee4                __aeabi_cdcmple
                0x0800bee4                __aeabi_cdcmpeq
                0x0800bef4                __aeabi_dcmpeq
                0x0800bf00                __aeabi_dcmplt
                0x0800bf14                __aeabi_dcmple
                0x0800bf28                __aeabi_dcmpgt
                0x0800bf3c                __aeabi_dcmpge
 .text          0x0800bf50       0x3c c:/program files (x86)/gnu tools arm embedded/5.4 2016q2/bin/../lib/gcc/arm-none-eabi/5.4.1/armv6-m\libgcc.a(_fixunsdfsi.o)
                0x0800bf50                __aeabi_d2uiz
                0x0800bf50                __fixunsdfsi
 .text          0x0800bf8c      0x658 c:/program files (x86)/gnu tools arm embedded/5.4 2016q2/bin/../lib/gcc/arm-none-eabi/5.4.1/armv6-m\libgcc.a(adddf3.o)
                0x0800bf8c                __aeabi_dadd
 .text          0x0800c5e4      0x62c c:/program files (x86)/gnu tools arm embedded/5.4 2016q2/bin/../lib/gcc/arm-none-eabi/5.4.1/armv6-m\libgcc.a(divdf3.o)
                0x0800c5e4                __aeabi_ddiv
 .text          0x0800cc10       0x80 c:/program files (x86)/gnu tools arm embedded/5.4 2016q2/bin/../lib/gcc/arm-none-eabi/5.4.1/armv6-m\libgcc.a(eqdf2.o)
                0x0800cc10                __nedf2
                0x0800cc10                __eqdf2
 .text          0x0800cc90       0xc8 c:/program files (x86)/gnu tools arm embedded/5.4 2016q2/bin/../lib/gcc/arm-none-eabi/5.4.1/armv6-m\libgcc.a(gedf2.o)
                0x0800cc90                __gedf2
                0x0800cc90                __gtdf2
 .text          0x0800cd58       0xd4 c:/program files (x86)/gnu tools arm embedded/5.4 2016q2/bin/../lib/gcc/arm-none-eabi/5.4.1/armv6-m\libgcc.a(ledf2.o)
                0x0800cd58                __ledf2
                0x0800cd58                __ltdf2
 .text          0x0800ce2c      0x4f4 c:/program files (x86)/gnu tools arm embedded/5.4 2016q2/bin/../lib/gcc/arm-none-eabi/5.4.1/armv6-m\libgcc.a(muldf3.o)
                0x0800ce2c                __aeabi_dmul
 .text          0x0800d320      0x6a8 c:/program files (x86)/gnu tools arm embedded/5.4 2016q2/bin/../lib/gcc/arm-none-eabi/5.4.1/armv6-m\libgcc.a(subdf3.o)
                0x0800d320                __aeabi_dsub
 .text          0x0800d9c8       0x6c c:/program files (x86)/gnu tools arm embedded/5.4 2016q2/bin/../lib/gcc/arm-none-eabi/5.4.1/armv6-m\libgcc.a(fixdfsi.o)
                0x0800d9c8                __aeabi_d2iz
 .text          0x0800da34       0x84 c:/program files (x86)/gnu tools arm embedded/5.4 2016q2/bin/../lib/gcc/arm-none-eabi/5.4.1/armv6-m\libgcc.a(floatsidf.o)
                0x0800da34                __aeabi_i2d
 .text          0x0800dab8       0x70 c:/program files (x86)/gnu tools arm embedded/5.4 2016q2/bin/../lib/gcc/arm-none-eabi/5.4.1/armv6-m\libgcc.a(floatunsidf.o)
                0x0800dab8                __aeabi_ui2d
 .text          0x0800db28       0x3c c:/program files (x86)/gnu tools arm embedded/5.4 2016q2/bin/../lib/gcc/arm-none-eabi/5.4.1/armv6-m\libgcc.a(_clzsi2.o)
                0x0800db28                __clzsi2
 .text.__libc_init_array
                0x0800db64       0x48 c:/program files (x86)/gnu tools arm embedded/5.4 2016q2/bin/../lib/gcc/arm-none-eabi/5.4.1/../../../../arm-none-eabi/lib/armv6-m\libg.a(lib_a-init.o)
                0x0800db64                __libc_init_array
 .text.startup.register_fini
                0x0800dbac       0x18 c:/program files (x86)/gnu tools arm embedded/5.4 2016q2/bin/../lib/gcc/arm-none-eabi/5.4.1/../../../../arm-none-eabi/lib/armv6-m\libg.a(lib_a-__call_atexit.o)
 .text.atexit   0x0800dbc4       0x10 c:/program files (x86)/gnu tools arm embedded/5.4 2016q2/bin/../lib/gcc/arm-none-eabi/5.4.1/../../../../arm-none-eabi/lib/armv6-m\libg.a(lib_a-atexit.o)
                0x0800dbc4                atexit
 .text.__libc_fini_array
                0x0800dbd4       0x34 c:/program files (x86)/gnu tools arm embedded/5.4 2016q2/bin/../lib/gcc/arm-none-eabi/5.4.1/../../../../arm-none-eabi/lib/armv6-m\libg.a(lib_a-fini.o)
                0x0800dbd4                __libc_fini_array
 .text.__register_exitproc
                0x0800dc08       0xd4 c:/program files (x86)/gnu tools arm embedded/5.4 2016q2/bin/../lib/gcc/arm-none-eabi/5.4.1/../../../../arm-none-eabi/lib/armv6-m\libg.a(lib_a-__atexit.o)
                0x0800dc08                __register_exitproc
 *(.init)
 .init          0x0800dcdc        0x4 c:/program files (x86)/gnu tools arm embedded/5.4 2016q2/bin/../lib/gcc/arm-none-eabi/5.4.1/armv6-m/crti.o
                0x0800dcdc                _init
 .init          0x0800dce0        0x8 c:/program files (x86)/gnu tools arm embedded/5.4 2016q2/bin/../lib/gcc/arm-none-eabi/5.4.1/armv6-m/crtn.o
 *(.fini)
 .fini          0x0800dce8        0x4 c:/program files (x86)/gnu tools arm embedded/5.4 2016q2/bin/../lib/gcc/arm-none-eabi/5.4.1/armv6-m/crti.o
                0x0800dce8                _fini
 .fini          0x0800dcec        0x8 c:/program files (x86)/gnu tools arm embedded/5.4 2016q2/bin/../lib/gcc/arm-none-eabi/5.4.1/armv6-m/crtn.o
 *crtbegin.o(.ctors)
 *crtbegin?.o(.ctors)
 *(EXCLUDE_FILE(*crtend.o *crtend?.o) .ctors)
 *(SORT(.ctors.*))
 *(.ctors)
 *crtbegin.o(.dtors)
 *crtbegin?.o(.dtors)
 *(EXCLUDE_FILE(*crtend.o *crtend?.o) .dtors)
 *(SORT(.dtors.*))
 *(.dtors)
 *(.rodata*)
 .rodata        0x0800dcf4      0x127 ..\obj\DS18x20.o
 *fill*         0x0800de1b        0x1 
 .rodata        0x0800de1c       0x21 ..\obj\EEPROMfunc.o
 *fill*         0x0800de3d        0x3 
 .rodata        0x0800de40       0xf6 ..\obj\input.o
 *fill*         0x0800df36        0x2 
 .rodata        0x0800df38      0x2de ..\obj\modem.o
 *fill*         0x0800e216        0x2 
 .rodata        0x0800e218       0x8a ..\obj\main.o
 *fill*         0x0800e2a2        0x2 
 .rodata        0x0800e2a4       0x28 ..\obj\led.o
 .rodata        0x0800e2cc       0x42 ..\obj\1-Wire.o
 *fill*         0x0800e30e        0x2 
 .rodata        0x0800e310       0x1c ..\obj\stm32l0xx_hal_rcc.o
                0x0800e310                MSIRangeTable
 .rodata        0x0800e32c       0x12 ..\obj\TM_KEY.o
 *fill*         0x0800e33e        0x2 
 .rodata        0x0800e340       0x2c ..\obj\output.o
 .rodata        0x0800e36c       0xb3 ..\obj\modem_sms_func.o
 *fill*         0x0800e41f        0x1 
 .rodata        0x0800e420       0x48 ..\obj\stm32l0xx_hal_uart.o
 .rodata        0x0800e468       0xa9 ..\obj\modem_call_func.o
 *fill*         0x0800e511        0x3 
 .rodata        0x0800e514      0x183 ..\obj\sms_command.o
 *fill*         0x0800e697        0x1 
 .rodata        0x0800e698      0x2d2 ..\obj\guard_func.o
 *fill*         0x0800e96a        0x2 
 .rodata        0x0800e96c       0x40 c:/program files (x86)/gnu tools arm embedded/5.4 2016q2/bin/../lib/gcc/arm-none-eabi/5.4.1/armv6-m\libgcc.a(divdf3.o)
 .rodata        0x0800e9ac       0x40 c:/program files (x86)/gnu tools arm embedded/5.4 2016q2/bin/../lib/gcc/arm-none-eabi/5.4.1/armv6-m\libgcc.a(muldf3.o)
 .rodata.str1.4
                0x0800e9ec        0x4 c:/program files (x86)/gnu tools arm embedded/5.4 2016q2/bin/../lib/gcc/arm-none-eabi/5.4.1/../../../../arm-none-eabi/lib/armv6-m\libg.a(lib_a-impure.o)
                                  0x2 (size before relaxing)
 .rodata._global_impure_ptr
                0x0800e9f0        0x4 c:/program files (x86)/gnu tools arm embedded/5.4 2016q2/bin/../lib/gcc/arm-none-eabi/5.4.1/../../../../arm-none-eabi/lib/armv6-m\libg.a(lib_a-impure.o)
                0x0800e9f0                _global_impure_ptr
 *(.eh_fram e*)

.eh_frame       0x0800e9f4        0x0
 .eh_frame      0x0800e9f4        0x0 c:/program files (x86)/gnu tools arm embedded/5.4 2016q2/bin/../lib/gcc/arm-none-eabi/5.4.1/armv6-m/crtbegin.o

.glue_7         0x0800e9f4        0x0
 .glue_7        0x0800e9f4        0x0 linker stubs

.glue_7t        0x0800e9f4        0x0
 .glue_7t       0x0800e9f4        0x0 linker stubs

.vfp11_veneer   0x0800e9f4        0x0
 .vfp11_veneer  0x0800e9f4        0x0 linker stubs

.v4_bx          0x0800e9f4        0x0
 .v4_bx         0x0800e9f4        0x0 linker stubs

.iplt           0x0800e9f4        0x0
 .iplt          0x0800e9f4        0x0 c:/program files (x86)/gnu tools arm embedded/5.4 2016q2/bin/../lib/gcc/arm-none-eabi/5.4.1/armv6-m/crtbegin.o

.rel.dyn        0x0800e9f4        0x0
 .rel.iplt      0x0800e9f4        0x0 c:/program files (x86)/gnu tools arm embedded/5.4 2016q2/bin/../lib/gcc/arm-none-eabi/5.4.1/armv6-m/crtbegin.o

.ARM.extab
 *(.ARM.extab* .gnu.linkonce.armextab.*)
                0x0800e9f4                __exidx_start = .

.ARM.exidx
 *(.ARM.exidx* .gnu.linkonce.armexidx.*)
                0x0800e9f4                __exidx_end = .
                0x0800e9f4                __etext = .
                0x0800e9f4                _sidata = __etext

.data           0x20000000      0x6f8 load address 0x0800e9f4
                0x20000000                __data_start__ = .
                0x20000000                _sdata = __data_start__
 *(vtable)
 *(.data*)
 .data          0x20000000       0x70 ..\obj\DS18x20.o
                0x20000000                DS18x20
 .data          0x20000070      0x146 ..\obj\input.o
                0x20000070                input
                0x200001b4                time_to_alarm
 *fill*         0x200001b6        0x2 
 .data          0x200001b8       0x3c ..\obj\modem.o
                0x200001b8                tel
 .data          0x200001f4       0x1d ..\obj\system_stm32l0xx.o
                0x200001f4                SystemCoreClock
                0x200001f8                AHBPrescTable
                0x20000208                PLLMulTable
 *fill*         0x20000211        0x3 
 .data          0x20000214       0x3c ..\obj\led.o
                0x20000214                led
 .data          0x20000250       0x1c ..\obj\stm32l0xx_hal_rcc.o
 .data          0x2000026c       0x3c ..\obj\output.o
                0x2000026c                output
 .data          0x200002a8        0x4 ..\obj\modem_call_func.o
                0x200002a8                modem_call_state
 .data          0x200002ac        0xf ..\obj\guard_func.o
                0x200002ac                last_control_ID_number
                0x200002ad                u_220V
                0x200002ae                u_batt
                0x200002af                u_coef
                0x200002b0                input_coef
                0x200002b2                time_set_alarm
                0x200002b4                time_to_guard_on
                0x200002b6                lamp_blink_time
                0x200002b8                time_to_report
                0x200002ba                set_time_to_report
 *fill*         0x200002bb        0x5 
 .data.impure_data
                0x200002c0      0x428 c:/program files (x86)/gnu tools arm embedded/5.4 2016q2/bin/../lib/gcc/arm-none-eabi/5.4.1/../../../../arm-none-eabi/lib/armv6-m\libg.a(lib_a-impure.o)
                0x200006e8                . = ALIGN (0x4)
                0x200006e8                PROVIDE (__preinit_array_start, .)
 *(.preinit_array)
                0x200006e8                PROVIDE (__preinit_array_end, .)
                0x200006e8                . = ALIGN (0x4)
                0x200006e8                PROVIDE (__init_array_start, .)
 *(SORT(.init_array.*))
 .init_array.00000
                0x200006e8        0x4 c:/program files (x86)/gnu tools arm embedded/5.4 2016q2/bin/../lib/gcc/arm-none-eabi/5.4.1/../../../../arm-none-eabi/lib/armv6-m\libg.a(lib_a-__call_atexit.o)
 *(.init_array)
 .init_array    0x200006ec        0x4 c:/program files (x86)/gnu tools arm embedded/5.4 2016q2/bin/../lib/gcc/arm-none-eabi/5.4.1/armv6-m/crtbegin.o
                0x200006f0                PROVIDE (__init_array_end, .)
                0x200006f0                . = ALIGN (0x4)
                0x200006f0                PROVIDE (__fini_array_start, .)
 *(SORT(.fini_array.*))
 *(.fini_array)
 .fini_array    0x200006f0        0x4 c:/program files (x86)/gnu tools arm embedded/5.4 2016q2/bin/../lib/gcc/arm-none-eabi/5.4.1/armv6-m/crtbegin.o
                0x200006f4                PROVIDE (__fini_array_end, .)
 *(.jcr*)
 .jcr           0x200006f4        0x0 c:/program files (x86)/gnu tools arm embedded/5.4 2016q2/bin/../lib/gcc/arm-none-eabi/5.4.1/armv6-m/crtbegin.o
 .jcr           0x200006f4        0x4 c:/program files (x86)/gnu tools arm embedded/5.4 2016q2/bin/../lib/gcc/arm-none-eabi/5.4.1/armv6-m/crtend.o
                0x200006f8                . = ALIGN (0x4)
                0x200006f8                __data_end__ = .
                0x200006f8                _edata = __data_end__

.igot.plt       0x200006f8        0x0 load address 0x0800f0ec
 .igot.plt      0x200006f8        0x0 c:/program files (x86)/gnu tools arm embedded/5.4 2016q2/bin/../lib/gcc/arm-none-eabi/5.4.1/armv6-m/crtbegin.o

.bss            0x200006f8      0x94c load address 0x0800f0ec
                0x200006f8                . = ALIGN (0x4)
                0x200006f8                __bss_start__ = .
                0x200006f8                _sbss = __bss_start__
 *(.bss*)
 .bss           0x200006f8       0x1c c:/program files (x86)/gnu tools arm embedded/5.4 2016q2/bin/../lib/gcc/arm-none-eabi/5.4.1/armv6-m/crtbegin.o
 .bss           0x20000714        0x8 ..\obj\TIMs.o
                0x20000714                state_check_term
 .bss           0x2000071c        0x3 ..\obj\DS18x20.o
                0x2000071c                ds18x20_number
                0x2000071d                time_to_check_temp
                0x2000071e                flag_conv
 .bss           0x2000071f        0x1 ..\obj\input.o
                0x2000071f                last_input_alarm
 .bss           0x20000720       0x12 ..\obj\modem.o
                0x20000720                modem_action
                0x20000724                modem_state
                0x20000728                gsm_message_check_counter
                0x2000072c                modem_time_on
                0x20000730                modem_setup_ok
                0x20000731                modem_time_check
 *fill*         0x20000732        0x2 
 .bss           0x20000734        0x4 ..\obj\stm32l0xx_hal.o
 .bss           0x20000738        0xc ..\obj\UART.o
                0x20000738                gsm_buffer_char_counter
                0x2000073c                uart2_buffer_char_counter
                0x20000740                uart2_check_counter
 .bss           0x20000744        0x1 ..\obj\modem_call_func.o
                0x20000744                incoming_rings
 *fill*         0x20000745        0x3 
 .bss           0x20000748       0x14 ..\obj\guard_func.o
                0x20000748                powered
                0x20000749                device_settings
                0x2000074a                time_to_check_TM
                0x2000074c                time_set_to_guard_on
                0x2000074e                alarm_st
                0x2000074f                guard_st
                0x20000750                time_to_full_reset
 *(COMMON)
 COMMON         0x2000075c      0x208 ..\obj\TIMs.o
                0x2000075c                gsm_message
                0x200008bc                output_sms_message
                0x20000904                input_sms_message
                0x2000094c                last_control_guard
                0x2000095c                EEPROMAddress
                0x20000960                timeout_7
 COMMON         0x20000964      0x40a ..\obj\modem.o
                0x20000964                gsm_signal_quality
                0x20000968                modem_errors
                0x2000096c                gsm_buffer
                0x20000d54                UART2_message
 *fill*         0x20000d6e        0x2 
 COMMON         0x20000d70      0x248 ..\obj\UART.o
                0x20000d70                uart2_buffer
                0x20000e74                huart3
                0x20000ee0                huart1
                0x20000f4c                huart2
 COMMON         0x20000fb8        0xc ..\obj\1-Wire.o
                0x20000fb8                onewire_enum_fork_bit
                0x20000fbc                onewire_enum
 COMMON         0x20000fc4       0x6d ..\obj\TM_KEY.o
                0x20000fc4                TM_KEY
                0x20001030                tm_key_number
 *fill*         0x20001031        0x3 
 COMMON         0x20001034        0xe ..\obj\guard_func.o
                0x20001034                new_guard_st
                0x20001038                tel_number_temp
                0x20001044                . = ALIGN (0x4)
 *fill*         0x20001042        0x2 
                0x20001044                __bss_end__ = .
                0x20001044                _ebss = __bss_end__

.heap           0x20001044        0x0
                0x20001044                __end__ = .
                0x20001044                _end = __end__
                0x20001044                end = __end__
 *(.heap*)
                0x20001044                __HeapLimit = .

.co_stack       0x20001044        0x4 load address 0x0800fa38
                0x20001048                . = ALIGN (0x8)
 *fill*         0x20001044        0x4 
 *(.co_stack .co_stack.*)
                0x20002000                __StackTop = (ORIGIN (ram) + LENGTH (ram))
                0x20001ffc                __StackLimit = (__StackTop - SIZEOF (.co_stack))
                0x20002000                PROVIDE (__stack, __StackTop)
                0x00000001                ASSERT ((__StackLimit >= __HeapLimit), region ram  overflowed with stack)
LOAD ..\obj\stm32l0xx_hal_tsc.o
LOAD ..\obj\stm32l0xx_hal_i2s.o
LOAD ..\obj\TIMs.o
LOAD ..\obj\stm32l0xx_hal_pwr.o
LOAD ..\obj\stm32l0xx_hal_gpio.o
LOAD ..\obj\stm32l0xx_hal_wwdg.o
LOAD ..\obj\stm32l0xx_hal_tim.o
LOAD ..\obj\FingerPrint.o
LOAD ..\obj\stm32l0xx_hal_smbus.o
LOAD ..\obj\DS18x20.o
LOAD ..\obj\stm32l0xx_hal_flash_ex.o
LOAD ..\obj\main_guard.o
LOAD ..\obj\EEPROMfunc.o
LOAD ..\obj\input.o
LOAD ..\obj\stm32l0xx_hal_smartcard_ex.o
LOAD ..\obj\modem.o
LOAD ..\obj\stm32l0xx_hal_rng.o
LOAD ..\obj\my_string.o
LOAD ..\obj\clock.o
LOAD ..\obj\stm32l0xx_hal_crc.o
LOAD ..\obj\stm32l0xx_hal_rtc.o
LOAD ..\obj\stm32l0xx_hal.o
LOAD ..\obj\stm32l0xx_hal_i2c_ex.o
LOAD ..\obj\main.o
LOAD ..\obj\UART.o
LOAD ..\obj\system_stm32l0xx.o
LOAD ..\obj\stm32l0xx_hal_irda.o
LOAD ..\obj\stm32l0xx_hal_flash.o
LOAD ..\obj\startup_stm32l051xx.o
LOAD ..\obj\stm32l0xx_hal_i2c.o
LOAD ..\obj\stm32l0xx_hal_pcd.o
LOAD ..\obj\stm32l0xx_hal_dma.o
LOAD ..\obj\stm32l0xx_hal_cryp_ex.o
LOAD ..\obj\led.o
LOAD ..\obj\ADC_func.o
LOAD ..\obj\stm32l0xx_hal_iwdg.o
LOAD ..\obj\stm32l0xx_hal_smartcard.o
LOAD ..\obj\1-Wire.o
LOAD ..\obj\stm32l0xx_hal_flash_ramfunc.o
LOAD ..\obj\stm32l0xx_hal_comp.o
LOAD ..\obj\stm32l0xx_hal_rtc_ex.o
LOAD ..\obj\stm32l0xx_hal_uart_ex.o
LOAD ..\obj\stm32l0xx_hal_rcc.o
LOAD ..\obj\stm32l0xx_hal_pcd_ex.o
LOAD ..\obj\TM_KEY.o
LOAD ..\obj\stm32l0xx_hal_dac_ex.o
LOAD ..\obj\SPI.o
LOAD ..\obj\output.o
LOAD ..\obj\modem_sms_func.o
LOAD ..\obj\stm32l0xx_hal_rcc_ex.o
LOAD ..\obj\stm32l0xx_hal_lcd.o
LOAD ..\obj\stm32l0xx_hal_usart.o
LOAD ..\obj\stm32l0xx_hal_adc_ex.o
LOAD ..\obj\stm32l0xx_hal_lptim.o
LOAD ..\obj\stm32l0xx_hal_spi.o
LOAD ..\obj\stm32l0xx_hal_uart.o
LOAD ..\obj\GPIO_func.o
LOAD ..\obj\stm32l0xx_hal_cryp.o
LOAD ..\obj\modem_call_func.o
LOAD ..\obj\stm32l0xx_hal_adc.o
LOAD ..\obj\stm32l0xx_hal_msp_template.o
LOAD ..\obj\stm32l0xx_hal_pwr_ex.o
LOAD ..\obj\stm32l0xx_hal_tim_ex.o
LOAD ..\obj\sms_command.o
LOAD ..\obj\stm32l0xx_hal_dac.o
LOAD ..\obj\guard_func.o
LOAD ..\obj\stm32l0xx_hal_cortex.o
LOAD ..\obj\stm32l0xx_hal_crc_ex.o
START GROUP
LOAD c:/program files (x86)/gnu tools arm embedded/5.4 2016q2/bin/../lib/gcc/arm-none-eabi/5.4.1/armv6-m\libgcc.a
LOAD c:/program files (x86)/gnu tools arm embedded/5.4 2016q2/bin/../lib/gcc/arm-none-eabi/5.4.1/../../../../arm-none-eabi/lib/armv6-m\libg.a
LOAD c:/program files (x86)/gnu tools arm embedded/5.4 2016q2/bin/../lib/gcc/arm-none-eabi/5.4.1/../../../../arm-none-eabi/lib/armv6-m\libc.a
END GROUP
LOAD c:/program files (x86)/gnu tools arm embedded/5.4 2016q2/bin/../lib/gcc/arm-none-eabi/5.4.1/armv6-m/crtend.o
LOAD c:/program files (x86)/gnu tools arm embedded/5.4 2016q2/bin/../lib/gcc/arm-none-eabi/5.4.1/armv6-m/crtn.o
OUTPUT(GuardOnSTM32l051.elf elf32-littlearm)

.ARM.attributes
                0x00000000       0x28
 .ARM.attributes
                0x00000000       0x1e c:/program files (x86)/gnu tools arm embedded/5.4 2016q2/bin/../lib/gcc/arm-none-eabi/5.4.1/armv6-m/crti.o
 .ARM.attributes
                0x0000001e       0x2c c:/program files (x86)/gnu tools arm embedded/5.4 2016q2/bin/../lib/gcc/arm-none-eabi/5.4.1/armv6-m/crtbegin.o
 .ARM.attributes
                0x0000004a       0x32 ..\obj\TIMs.o
 .ARM.attributes
                0x0000007c       0x32 ..\obj\stm32l0xx_hal_gpio.o
 .ARM.attributes
                0x000000ae       0x32 ..\obj\DS18x20.o
 .ARM.attributes
                0x000000e0       0x32 ..\obj\main_guard.o
 .ARM.attributes
                0x00000112       0x32 ..\obj\EEPROMfunc.o
 .ARM.attributes
                0x00000144       0x32 ..\obj\input.o
 .ARM.attributes
                0x00000176       0x32 ..\obj\modem.o
 .ARM.attributes
                0x000001a8       0x32 ..\obj\my_string.o
 .ARM.attributes
                0x000001da       0x32 ..\obj\clock.o
 .ARM.attributes
                0x0000020c       0x32 ..\obj\stm32l0xx_hal.o
 .ARM.attributes
                0x0000023e       0x32 ..\obj\main.o
 .ARM.attributes
                0x00000270       0x32 ..\obj\UART.o
 .ARM.attributes
                0x000002a2       0x32 ..\obj\system_stm32l0xx.o
 .ARM.attributes
                0x000002d4       0x22 ..\obj\startup_stm32l051xx.o
 .ARM.attributes
                0x000002f6       0x32 ..\obj\stm32l0xx_hal_dma.o
 .ARM.attributes
                0x00000328       0x32 ..\obj\led.o
 .ARM.attributes
                0x0000035a       0x32 ..\obj\ADC_func.o
 .ARM.attributes
                0x0000038c       0x32 ..\obj\1-Wire.o
 .ARM.attributes
                0x000003be       0x32 ..\obj\stm32l0xx_hal_uart_ex.o
 .ARM.attributes
                0x000003f0       0x32 ..\obj\stm32l0xx_hal_rcc.o
 .ARM.attributes
                0x00000422       0x32 ..\obj\TM_KEY.o
 .ARM.attributes
                0x00000454       0x32 ..\obj\output.o
 .ARM.attributes
                0x00000486       0x32 ..\obj\modem_sms_func.o
 .ARM.attributes
                0x000004b8       0x32 ..\obj\stm32l0xx_hal_uart.o
 .ARM.attributes
                0x000004ea       0x32 ..\obj\GPIO_func.o
 .ARM.attributes
                0x0000051c       0x32 ..\obj\modem_call_func.o
 .ARM.attributes
                0x0000054e       0x32 ..\obj\stm32l0xx_hal_msp_template.o
 .ARM.attributes
                0x00000580       0x32 ..\obj\sms_command.o
 .ARM.attributes
                0x000005b2       0x32 ..\obj\guard_func.o
 .ARM.attributes
                0x000005e4       0x32 ..\obj\stm32l0xx_hal_cortex.o
 .ARM.attributes
                0x00000616       0x1e c:/program files (x86)/gnu tools arm embedded/5.4 2016q2/bin/../lib/gcc/arm-none-eabi/5.4.1/armv6-m\libgcc.a(_udivsi3.o)
 .ARM.attributes
                0x00000634       0x1e c:/program files (x86)/gnu tools arm embedded/5.4 2016q2/bin/../lib/gcc/arm-none-eabi/5.4.1/armv6-m\libgcc.a(_divsi3.o)
 .ARM.attributes
                0x00000652       0x1e c:/program files (x86)/gnu tools arm embedded/5.4 2016q2/bin/../lib/gcc/arm-none-eabi/5.4.1/armv6-m\libgcc.a(_dvmd_tls.o)
 .ARM.attributes
                0x00000670       0x1e c:/program files (x86)/gnu tools arm embedded/5.4 2016q2/bin/../lib/gcc/arm-none-eabi/5.4.1/armv6-m\libgcc.a(_arm_cmpdf2.o)
 .ARM.attributes
                0x0000068e       0x2c c:/program files (x86)/gnu tools arm embedded/5.4 2016q2/bin/../lib/gcc/arm-none-eabi/5.4.1/armv6-m\libgcc.a(_fixunsdfsi.o)
 .ARM.attributes
                0x000006ba       0x2c c:/program files (x86)/gnu tools arm embedded/5.4 2016q2/bin/../lib/gcc/arm-none-eabi/5.4.1/armv6-m\libgcc.a(adddf3.o)
 .ARM.attributes
                0x000006e6       0x2c c:/program files (x86)/gnu tools arm embedded/5.4 2016q2/bin/../lib/gcc/arm-none-eabi/5.4.1/armv6-m\libgcc.a(divdf3.o)
 .ARM.attributes
                0x00000712       0x2c c:/program files (x86)/gnu tools arm embedded/5.4 2016q2/bin/../lib/gcc/arm-none-eabi/5.4.1/armv6-m\libgcc.a(eqdf2.o)
 .ARM.attributes
                0x0000073e       0x2c c:/program files (x86)/gnu tools arm embedded/5.4 2016q2/bin/../lib/gcc/arm-none-eabi/5.4.1/armv6-m\libgcc.a(gedf2.o)
 .ARM.attributes
                0x0000076a       0x2c c:/program files (x86)/gnu tools arm embedded/5.4 2016q2/bin/../lib/gcc/arm-none-eabi/5.4.1/armv6-m\libgcc.a(ledf2.o)
 .ARM.attributes
                0x00000796       0x2c c:/program files (x86)/gnu tools arm embedded/5.4 2016q2/bin/../lib/gcc/arm-none-eabi/5.4.1/armv6-m\libgcc.a(muldf3.o)
 .ARM.attributes
                0x000007c2       0x2c c:/program files (x86)/gnu tools arm embedded/5.4 2016q2/bin/../lib/gcc/arm-none-eabi/5.4.1/armv6-m\libgcc.a(subdf3.o)
 .ARM.attributes
                0x000007ee       0x2c c:/program files (x86)/gnu tools arm embedded/5.4 2016q2/bin/../lib/gcc/arm-none-eabi/5.4.1/armv6-m\libgcc.a(fixdfsi.o)
 .ARM.attributes
                0x0000081a       0x2c c:/program files (x86)/gnu tools arm embedded/5.4 2016q2/bin/../lib/gcc/arm-none-eabi/5.4.1/armv6-m\libgcc.a(floatsidf.o)
 .ARM.attributes
                0x00000846       0x2c c:/program files (x86)/gnu tools arm embedded/5.4 2016q2/bin/../lib/gcc/arm-none-eabi/5.4.1/armv6-m\libgcc.a(floatunsidf.o)
 .ARM.attributes
                0x00000872       0x1e c:/program files (x86)/gnu tools arm embedded/5.4 2016q2/bin/../lib/gcc/arm-none-eabi/5.4.1/armv6-m\libgcc.a(_clzsi2.o)
 .ARM.attributes
                0x00000890       0x2c c:/program files (x86)/gnu tools arm embedded/5.4 2016q2/bin/../lib/gcc/arm-none-eabi/5.4.1/../../../../arm-none-eabi/lib/armv6-m\libg.a(lib_a-impure.o)
 .ARM.attributes
                0x000008bc       0x2c c:/program files (x86)/gnu tools arm embedded/5.4 2016q2/bin/../lib/gcc/arm-none-eabi/5.4.1/../../../../arm-none-eabi/lib/armv6-m\libg.a(lib_a-init.o)
 .ARM.attributes
                0x000008e8       0x2c c:/program files (x86)/gnu tools arm embedded/5.4 2016q2/bin/../lib/gcc/arm-none-eabi/5.4.1/../../../../arm-none-eabi/lib/armv6-m\libg.a(lib_a-__call_atexit.o)
 .ARM.attributes
                0x00000914       0x2c c:/program files (x86)/gnu tools arm embedded/5.4 2016q2/bin/../lib/gcc/arm-none-eabi/5.4.1/../../../../arm-none-eabi/lib/armv6-m\libg.a(lib_a-atexit.o)
 .ARM.attributes
                0x00000940       0x2c c:/program files (x86)/gnu tools arm embedded/5.4 2016q2/bin/../lib/gcc/arm-none-eabi/5.4.1/../../../../arm-none-eabi/lib/armv6-m\libg.a(lib_a-fini.o)
 .ARM.attributes
                0x0000096c       0x2c c:/program files (x86)/gnu tools arm embedded/5.4 2016q2/bin/../lib/gcc/arm-none-eabi/5.4.1/../../../../arm-none-eabi/lib/armv6-m\libg.a(lib_a-__atexit.o)
 .ARM.attributes
                0x00000998       0x2c c:/program files (x86)/gnu tools arm embedded/5.4 2016q2/bin/../lib/gcc/arm-none-eabi/5.4.1/armv6-m/crtend.o
 .ARM.attributes
                0x000009c4       0x1e c:/program files (x86)/gnu tools arm embedded/5.4 2016q2/bin/../lib/gcc/arm-none-eabi/5.4.1/armv6-m/crtn.o

.comment        0x00000000       0x6e
 .comment       0x00000000       0x6e ..\obj\TIMs.o
                                 0x6f (size before relaxing)
 .comment       0x0000006e       0x6f ..\obj\stm32l0xx_hal_gpio.o
 .comment       0x0000006e       0x6f ..\obj\DS18x20.o
 .comment       0x0000006e       0x6f ..\obj\main_guard.o
 .comment       0x0000006e       0x6f ..\obj\EEPROMfunc.o
 .comment       0x0000006e       0x6f ..\obj\input.o
 .comment       0x0000006e       0x6f ..\obj\modem.o
 .comment       0x0000006e       0x6f ..\obj\my_string.o
 .comment       0x0000006e       0x6f ..\obj\clock.o
 .comment       0x0000006e       0x6f ..\obj\stm32l0xx_hal.o
 .comment       0x0000006e       0x6f ..\obj\main.o
 .comment       0x0000006e       0x6f ..\obj\UART.o
 .comment       0x0000006e       0x6f ..\obj\system_stm32l0xx.o
 .comment       0x0000006e       0x6f ..\obj\stm32l0xx_hal_dma.o
 .comment       0x0000006e       0x6f ..\obj\led.o
 .comment       0x0000006e       0x6f ..\obj\ADC_func.o
 .comment       0x0000006e       0x6f ..\obj\1-Wire.o
 .comment       0x0000006e       0x6f ..\obj\stm32l0xx_hal_uart_ex.o
 .comment       0x0000006e       0x6f ..\obj\stm32l0xx_hal_rcc.o
 .comment       0x0000006e       0x6f ..\obj\TM_KEY.o
 .comment       0x0000006e       0x6f ..\obj\output.o
 .comment       0x0000006e       0x6f ..\obj\modem_sms_func.o
 .comment       0x0000006e       0x6f ..\obj\stm32l0xx_hal_uart.o
 .comment       0x0000006e       0x6f ..\obj\GPIO_func.o
 .comment       0x0000006e       0x6f ..\obj\modem_call_func.o
 .comment       0x0000006e       0x6f ..\obj\stm32l0xx_hal_msp_template.o
 .comment       0x0000006e       0x6f ..\obj\sms_command.o
 .comment       0x0000006e       0x6f ..\obj\guard_func.o
 .comment       0x0000006e       0x6f ..\obj\stm32l0xx_hal_cortex.o

.debug_info     0x00000000     0xa40d
 .debug_info    0x00000000      0x701 ..\obj\TIMs.o
 .debug_info    0x00000701      0x63f ..\obj\stm32l0xx_hal_gpio.o
 .debug_info    0x00000d40      0x5eb ..\obj\DS18x20.o
 .debug_info    0x0000132b      0x184 ..\obj\main_guard.o
 .debug_info    0x000014af      0x2c4 ..\obj\EEPROMfunc.o
 .debug_info    0x00001773      0x5be ..\obj\input.o
 .debug_info    0x00001d31      0x925 ..\obj\modem.o
 .debug_info    0x00002656      0x28a ..\obj\my_string.o
 .debug_info    0x000028e0      0x1c1 ..\obj\clock.o
 .debug_info    0x00002aa1      0x78a ..\obj\stm32l0xx_hal.o
 .debug_info    0x0000322b      0x576 ..\obj\main.o
 .debug_info    0x000037a1      0xbef ..\obj\UART.o
 .debug_info    0x00004390      0x349 ..\obj\system_stm32l0xx.o
 .debug_info    0x000046d9       0xeb ..\obj\startup_stm32l051xx.o
 .debug_info    0x000047c4      0x572 ..\obj\stm32l0xx_hal_dma.o
 .debug_info    0x00004d36      0x400 ..\obj\led.o
 .debug_info    0x00005136      0x2ca ..\obj\ADC_func.o
 .debug_info    0x00005400      0x9df ..\obj\1-Wire.o
 .debug_info    0x00005ddf      0x7d5 ..\obj\stm32l0xx_hal_uart_ex.o
 .debug_info    0x000065b4      0x83b ..\obj\stm32l0xx_hal_rcc.o
 .debug_info    0x00006def      0x239 ..\obj\TM_KEY.o
 .debug_info    0x00007028      0x46f ..\obj\output.o
 .debug_info    0x00007497      0x370 ..\obj\modem_sms_func.o
 .debug_info    0x00007807      0xfea ..\obj\stm32l0xx_hal_uart.o
 .debug_info    0x000087f1      0x5c6 ..\obj\GPIO_func.o
 .debug_info    0x00008db7      0x3cd ..\obj\modem_call_func.o
 .debug_info    0x00009184       0xb3 ..\obj\stm32l0xx_hal_msp_template.o
 .debug_info    0x00009237      0x438 ..\obj\sms_command.o
 .debug_info    0x0000966f      0x788 ..\obj\guard_func.o
 .debug_info    0x00009df7      0x616 ..\obj\stm32l0xx_hal_cortex.o

.debug_abbrev   0x00000000     0x2c98
 .debug_abbrev  0x00000000      0x1d5 ..\obj\TIMs.o
 .debug_abbrev  0x000001d5      0x1a8 ..\obj\stm32l0xx_hal_gpio.o
 .debug_abbrev  0x0000037d      0x199 ..\obj\DS18x20.o
 .debug_abbrev  0x00000516       0xab ..\obj\main_guard.o
 .debug_abbrev  0x000005c1      0x147 ..\obj\EEPROMfunc.o
 .debug_abbrev  0x00000708      0x1f6 ..\obj\input.o
 .debug_abbrev  0x000008fe      0x2b3 ..\obj\modem.o
 .debug_abbrev  0x00000bb1       0xe6 ..\obj\my_string.o
 .debug_abbrev  0x00000c97       0x8a ..\obj\clock.o
 .debug_abbrev  0x00000d21      0x1c9 ..\obj\stm32l0xx_hal.o
 .debug_abbrev  0x00000eea      0x182 ..\obj\main.o
 .debug_abbrev  0x0000106c      0x235 ..\obj\UART.o
 .debug_abbrev  0x000012a1       0xee ..\obj\system_stm32l0xx.o
 .debug_abbrev  0x0000138f       0x12 ..\obj\startup_stm32l051xx.o
 .debug_abbrev  0x000013a1      0x177 ..\obj\stm32l0xx_hal_dma.o
 .debug_abbrev  0x00001518      0x198 ..\obj\led.o
 .debug_abbrev  0x000016b0       0xf0 ..\obj\ADC_func.o
 .debug_abbrev  0x000017a0      0x24b ..\obj\1-Wire.o
 .debug_abbrev  0x000019eb      0x1bc ..\obj\stm32l0xx_hal_uart_ex.o
 .debug_abbrev  0x00001ba7      0x20e ..\obj\stm32l0xx_hal_rcc.o
 .debug_abbrev  0x00001db5      0x142 ..\obj\TM_KEY.o
 .debug_abbrev  0x00001ef7      0x183 ..\obj\output.o
 .debug_abbrev  0x0000207a      0x182 ..\obj\modem_sms_func.o
 .debug_abbrev  0x000021fc      0x1d4 ..\obj\stm32l0xx_hal_uart.o
 .debug_abbrev  0x000023d0      0x17b ..\obj\GPIO_func.o
 .debug_abbrev  0x0000254b      0x167 ..\obj\modem_call_func.o
 .debug_abbrev  0x000026b2       0x40 ..\obj\stm32l0xx_hal_msp_template.o
 .debug_abbrev  0x000026f2      0x11c ..\obj\sms_command.o
 .debug_abbrev  0x0000280e      0x25b ..\obj\guard_func.o
 .debug_abbrev  0x00002a69      0x22f ..\obj\stm32l0xx_hal_cortex.o

.debug_aranges  0x00000000      0x3c8
 .debug_aranges
                0x00000000       0x20 ..\obj\TIMs.o
 .debug_aranges
                0x00000020       0x20 ..\obj\stm32l0xx_hal_gpio.o
 .debug_aranges
                0x00000040       0x20 ..\obj\DS18x20.o
 .debug_aranges
                0x00000060       0x20 ..\obj\main_guard.o
 .debug_aranges
                0x00000080       0x20 ..\obj\EEPROMfunc.o
 .debug_aranges
                0x000000a0       0x20 ..\obj\input.o
 .debug_aranges
                0x000000c0       0x20 ..\obj\modem.o
 .debug_aranges
                0x000000e0       0x20 ..\obj\my_string.o
 .debug_aranges
                0x00000100       0x20 ..\obj\clock.o
 .debug_aranges
                0x00000120       0x20 ..\obj\stm32l0xx_hal.o
 .debug_aranges
                0x00000140       0x20 ..\obj\main.o
 .debug_aranges
                0x00000160       0x20 ..\obj\UART.o
 .debug_aranges
                0x00000180       0x20 ..\obj\system_stm32l0xx.o
 .debug_aranges
                0x000001a0       0x28 ..\obj\startup_stm32l051xx.o
 .debug_aranges
                0x000001c8       0x20 ..\obj\stm32l0xx_hal_dma.o
 .debug_aranges
                0x000001e8       0x20 ..\obj\led.o
 .debug_aranges
                0x00000208       0x20 ..\obj\ADC_func.o
 .debug_aranges
                0x00000228       0x20 ..\obj\1-Wire.o
 .debug_aranges
                0x00000248       0x20 ..\obj\stm32l0xx_hal_uart_ex.o
 .debug_aranges
                0x00000268       0x20 ..\obj\stm32l0xx_hal_rcc.o
 .debug_aranges
                0x00000288       0x20 ..\obj\TM_KEY.o
 .debug_aranges
                0x000002a8       0x20 ..\obj\output.o
 .debug_aranges
                0x000002c8       0x20 ..\obj\modem_sms_func.o
 .debug_aranges
                0x000002e8       0x20 ..\obj\stm32l0xx_hal_uart.o
 .debug_aranges
                0x00000308       0x20 ..\obj\GPIO_func.o
 .debug_aranges
                0x00000328       0x20 ..\obj\modem_call_func.o
 .debug_aranges
                0x00000348       0x20 ..\obj\stm32l0xx_hal_msp_template.o
 .debug_aranges
                0x00000368       0x20 ..\obj\sms_command.o
 .debug_aranges
                0x00000388       0x20 ..\obj\guard_func.o
 .debug_aranges
                0x000003a8       0x20 ..\obj\stm32l0xx_hal_cortex.o

.debug_line     0x00000000     0x59ad
 .debug_line    0x00000000      0x2b9 ..\obj\TIMs.o
 .debug_line    0x000002b9      0x2c1 ..\obj\stm32l0xx_hal_gpio.o
 .debug_line    0x0000057a      0x33c ..\obj\DS18x20.o
 .debug_line    0x000008b6      0x180 ..\obj\main_guard.o
 .debug_line    0x00000a36      0x219 ..\obj\EEPROMfunc.o
 .debug_line    0x00000c4f      0x36f ..\obj\input.o
 .debug_line    0x00000fbe      0x54a ..\obj\modem.o
 .debug_line    0x00001508      0x22a ..\obj\my_string.o
 .debug_line    0x00001732      0x1b4 ..\obj\clock.o
 .debug_line    0x000018e6      0x2bc ..\obj\stm32l0xx_hal.o
 .debug_line    0x00001ba2      0x2b5 ..\obj\main.o
 .debug_line    0x00001e57      0x36e ..\obj\UART.o
 .debug_line    0x000021c5      0x216 ..\obj\system_stm32l0xx.o
 .debug_line    0x000023db       0xdd ..\obj\startup_stm32l051xx.o
 .debug_line    0x000024b8      0x774 ..\obj\stm32l0xx_hal_dma.o
 .debug_line    0x00002c2c      0x260 ..\obj\led.o
 .debug_line    0x00002e8c      0x1c4 ..\obj\ADC_func.o
 .debug_line    0x00003050      0x505 ..\obj\1-Wire.o
 .debug_line    0x00003555      0x2f3 ..\obj\stm32l0xx_hal_uart_ex.o
 .debug_line    0x00003848      0x3bc ..\obj\stm32l0xx_hal_rcc.o
 .debug_line    0x00003c04      0x1de ..\obj\TM_KEY.o
 .debug_line    0x00003de2      0x275 ..\obj\output.o
 .debug_line    0x00004057      0x209 ..\obj\modem_sms_func.o
 .debug_line    0x00004260      0x73c ..\obj\stm32l0xx_hal_uart.o
 .debug_line    0x0000499c      0x2f5 ..\obj\GPIO_func.o
 .debug_line    0x00004c91      0x22b ..\obj\modem_call_func.o
 .debug_line    0x00004ebc       0xb9 ..\obj\stm32l0xx_hal_msp_template.o
 .debug_line    0x00004f75      0x391 ..\obj\sms_command.o
 .debug_line    0x00005306      0x405 ..\obj\guard_func.o
 .debug_line    0x0000570b      0x2a2 ..\obj\stm32l0xx_hal_cortex.o

.debug_str      0x00000000     0x3368
 .debug_str     0x00000000      0x4b8 ..\obj\TIMs.o
                                0x55b (size before relaxing)
 .debug_str     0x000004b8      0x245 ..\obj\stm32l0xx_hal_gpio.o
                                0x42b (size before relaxing)
 .debug_str     0x000006fd      0x24c ..\obj\DS18x20.o
                                0x3e5 (size before relaxing)
 .debug_str     0x00000949       0x5b ..\obj\main_guard.o
                                0x203 (size before relaxing)
 .debug_str     0x000009a4      0x10d ..\obj\EEPROMfunc.o
                                0x27b (size before relaxing)
 .debug_str     0x00000ab1      0x182 ..\obj\input.o
                                0x39a (size before relaxing)
 .debug_str     0x00000c33      0x313 ..\obj\modem.o
                                0x575 (size before relaxing)
 .debug_str     0x00000f46       0xb4 ..\obj\my_string.o
                                0x1f2 (size before relaxing)
 .debug_str     0x00000ffa       0x48 ..\obj\clock.o
                                0x1ee (size before relaxing)
 .debug_str     0x00001042      0x34a ..\obj\stm32l0xx_hal.o
                                0x705 (size before relaxing)
 .debug_str     0x0000138c      0x198 ..\obj\main.o
                                0x427 (size before relaxing)
 .debug_str     0x00001524      0x620 ..\obj\UART.o
                                0xa8a (size before relaxing)
 .debug_str     0x00001b44       0xd6 ..\obj\system_stm32l0xx.o
                                0x2cb (size before relaxing)
 .debug_str     0x00001c1a      0x1a8 ..\obj\stm32l0xx_hal_dma.o
                                0x4d8 (size before relaxing)
 .debug_str     0x00001dc2       0xbd ..\obj\led.o
                                0x2c6 (size before relaxing)
 .debug_str     0x00001e7f       0x76 ..\obj\ADC_func.o
                                0x259 (size before relaxing)
 .debug_str     0x00001ef5      0x1ba ..\obj\1-Wire.o
                                0x476 (size before relaxing)
 .debug_str     0x000020af      0x1ed ..\obj\stm32l0xx_hal_uart_ex.o
                                0x81d (size before relaxing)
 .debug_str     0x0000229c      0x331 ..\obj\stm32l0xx_hal_rcc.o
                                0x64f (size before relaxing)
 .debug_str     0x000025cd       0x7a ..\obj\TM_KEY.o
                                0x1f9 (size before relaxing)
 .debug_str     0x00002647       0xd3 ..\obj\output.o
                                0x2ed (size before relaxing)
 .debug_str     0x0000271a       0xc3 ..\obj\modem_sms_func.o
                                0x305 (size before relaxing)
 .debug_str     0x000027dd      0x492 ..\obj\stm32l0xx_hal_uart.o
                                0xb9f (size before relaxing)
 .debug_str     0x00002c6f       0x8f ..\obj\GPIO_func.o
                                0x4e5 (size before relaxing)
 .debug_str     0x00002cfe       0x9c ..\obj\modem_call_func.o
                                0x2e4 (size before relaxing)
 .debug_str     0x00002d9a       0xa4 ..\obj\stm32l0xx_hal_msp_template.o
                                0x1b8 (size before relaxing)
 .debug_str     0x00002e3e       0xd6 ..\obj\sms_command.o
                                0x358 (size before relaxing)
 .debug_str     0x00002f14      0x2a1 ..\obj\guard_func.o
                                0x5d9 (size before relaxing)
 .debug_str     0x000031b5      0x1b3 ..\obj\stm32l0xx_hal_cortex.o
                                0x567 (size before relaxing)

.debug_frame    0x00000000     0x2d88
 .debug_frame   0x00000000      0x154 ..\obj\TIMs.o
 .debug_frame   0x00000154      0x110 ..\obj\stm32l0xx_hal_gpio.o
 .debug_frame   0x00000264      0x168 ..\obj\DS18x20.o
 .debug_frame   0x000003cc       0x2c ..\obj\main_guard.o
 .debug_frame   0x000003f8       0xe4 ..\obj\EEPROMfunc.o
 .debug_frame   0x000004dc      0x150 ..\obj\input.o
 .debug_frame   0x0000062c      0x374 ..\obj\modem.o
 .debug_frame   0x000009a0       0xb0 ..\obj\my_string.o
 .debug_frame   0x00000a50       0x2c ..\obj\clock.o
 .debug_frame   0x00000a7c      0x368 ..\obj\stm32l0xx_hal.o
 .debug_frame   0x00000de4      0x114 ..\obj\main.o
 .debug_frame   0x00000ef8      0x2a8 ..\obj\UART.o
 .debug_frame   0x000011a0       0x4c ..\obj\system_stm32l0xx.o
 .debug_frame   0x000011ec      0x150 ..\obj\stm32l0xx_hal_dma.o
 .debug_frame   0x0000133c      0x130 ..\obj\led.o
 .debug_frame   0x0000146c       0x4c ..\obj\ADC_func.o
 .debug_frame   0x000014b8      0x274 ..\obj\1-Wire.o
 .debug_frame   0x0000172c      0x130 ..\obj\stm32l0xx_hal_uart_ex.o
 .debug_frame   0x0000185c      0x194 ..\obj\stm32l0xx_hal_rcc.o
 .debug_frame   0x000019f0       0x8c ..\obj\TM_KEY.o
 .debug_frame   0x00001a7c      0x170 ..\obj\output.o
 .debug_frame   0x00001bec       0xb0 ..\obj\modem_sms_func.o
 .debug_frame   0x00001c9c      0x530 ..\obj\stm32l0xx_hal_uart.o
 .debug_frame   0x000021cc       0xac ..\obj\GPIO_func.o
 .debug_frame   0x00002278       0x8c ..\obj\modem_call_func.o
 .debug_frame   0x00002304       0x80 ..\obj\stm32l0xx_hal_msp_template.o
 .debug_frame   0x00002384       0x78 ..\obj\sms_command.o
 .debug_frame   0x000023fc      0x394 ..\obj\guard_func.o
 .debug_frame   0x00002790      0x264 ..\obj\stm32l0xx_hal_cortex.o
 .debug_frame   0x000029f4       0x20 c:/program files (x86)/gnu tools arm embedded/5.4 2016q2/bin/../lib/gcc/arm-none-eabi/5.4.1/armv6-m\libgcc.a(_udivsi3.o)
 .debug_frame   0x00002a14       0x20 c:/program files (x86)/gnu tools arm embedded/5.4 2016q2/bin/../lib/gcc/arm-none-eabi/5.4.1/armv6-m\libgcc.a(_divsi3.o)
 .debug_frame   0x00002a34       0x2c c:/program files (x86)/gnu tools arm embedded/5.4 2016q2/bin/../lib/gcc/arm-none-eabi/5.4.1/armv6-m\libgcc.a(_fixunsdfsi.o)
 .debug_frame   0x00002a60       0x3c c:/program files (x86)/gnu tools arm embedded/5.4 2016q2/bin/../lib/gcc/arm-none-eabi/5.4.1/armv6-m\libgcc.a(adddf3.o)
 .debug_frame   0x00002a9c       0x3c c:/program files (x86)/gnu tools arm embedded/5.4 2016q2/bin/../lib/gcc/arm-none-eabi/5.4.1/armv6-m\libgcc.a(divdf3.o)
 .debug_frame   0x00002ad8       0x38 c:/program files (x86)/gnu tools arm embedded/5.4 2016q2/bin/../lib/gcc/arm-none-eabi/5.4.1/armv6-m\libgcc.a(eqdf2.o)
 .debug_frame   0x00002b10       0x38 c:/program files (x86)/gnu tools arm embedded/5.4 2016q2/bin/../lib/gcc/arm-none-eabi/5.4.1/armv6-m\libgcc.a(gedf2.o)
 .debug_frame   0x00002b48       0x38 c:/program files (x86)/gnu tools arm embedded/5.4 2016q2/bin/../lib/gcc/arm-none-eabi/5.4.1/armv6-m\libgcc.a(ledf2.o)
 .debug_frame   0x00002b80       0x3c c:/program files (x86)/gnu tools arm embedded/5.4 2016q2/bin/../lib/gcc/arm-none-eabi/5.4.1/armv6-m\libgcc.a(muldf3.o)
 .debug_frame   0x00002bbc       0x38 c:/program files (x86)/gnu tools arm embedded/5.4 2016q2/bin/../lib/gcc/arm-none-eabi/5.4.1/armv6-m\libgcc.a(subdf3.o)
 .debug_frame   0x00002bf4       0x2c c:/program files (x86)/gnu tools arm embedded/5.4 2016q2/bin/../lib/gcc/arm-none-eabi/5.4.1/armv6-m\libgcc.a(fixdfsi.o)
 .debug_frame   0x00002c20       0x2c c:/program files (x86)/gnu tools arm embedded/5.4 2016q2/bin/../lib/gcc/arm-none-eabi/5.4.1/armv6-m\libgcc.a(floatsidf.o)
 .debug_frame   0x00002c4c       0x2c c:/program files (x86)/gnu tools arm embedded/5.4 2016q2/bin/../lib/gcc/arm-none-eabi/5.4.1/armv6-m\libgcc.a(floatunsidf.o)
 .debug_frame   0x00002c78       0x2c c:/program files (x86)/gnu tools arm embedded/5.4 2016q2/bin/../lib/gcc/arm-none-eabi/5.4.1/../../../../arm-none-eabi/lib/armv6-m\libg.a(lib_a-init.o)
 .debug_frame   0x00002ca4       0x54 c:/program files (x86)/gnu tools arm embedded/5.4 2016q2/bin/../lib/gcc/arm-none-eabi/5.4.1/../../../../arm-none-eabi/lib/armv6-m\libg.a(lib_a-__call_atexit.o)
 .debug_frame   0x00002cf8       0x28 c:/program files (x86)/gnu tools arm embedded/5.4 2016q2/bin/../lib/gcc/arm-none-eabi/5.4.1/../../../../arm-none-eabi/lib/armv6-m\libg.a(lib_a-atexit.o)
 .debug_frame   0x00002d20       0x2c c:/program files (x86)/gnu tools arm embedded/5.4 2016q2/bin/../lib/gcc/arm-none-eabi/5.4.1/../../../../arm-none-eabi/lib/armv6-m\libg.a(lib_a-fini.o)
 .debug_frame   0x00002d4c       0x3c c:/program files (x86)/gnu tools arm embedded/5.4 2016q2/bin/../lib/gcc/arm-none-eabi/5.4.1/../../../../arm-none-eabi/lib/armv6-m\libg.a(lib_a-__atexit.o)

.debug_ranges   0x00000000       0xc8
 .debug_ranges  0x00000000       0x30 ..\obj\input.o
 .debug_ranges  0x00000030       0x20 ..\obj\startup_stm32l051xx.o
 .debug_ranges  0x00000050       0x48 ..\obj\1-Wire.o
 .debug_ranges  0x00000098       0x18 ..\obj\modem_call_func.o
 .debug_ranges  0x000000b0       0x18 ..\obj\sms_command.o
